#! /opt/homebrew/Cellar/icarus-verilog/12.0/bin/vvp
:ivl_version "12.0 (stable)";
:ivl_delay_selection "TYPICAL";
:vpi_time_precision - 12;
:vpi_module "/opt/homebrew/Cellar/icarus-verilog/12.0/lib/ivl/system.vpi";
:vpi_module "/opt/homebrew/Cellar/icarus-verilog/12.0/lib/ivl/vhdl_sys.vpi";
:vpi_module "/opt/homebrew/Cellar/icarus-verilog/12.0/lib/ivl/vhdl_textio.vpi";
:vpi_module "/opt/homebrew/Cellar/icarus-verilog/12.0/lib/ivl/v2005_math.vpi";
:vpi_module "/opt/homebrew/Cellar/icarus-verilog/12.0/lib/ivl/va_math.vpi";
:vpi_module "/opt/homebrew/Cellar/icarus-verilog/12.0/lib/ivl/v2009.vpi";
S_0x15ae32310 .scope package, "$unit" "$unit" 2 1;
 .timescale 0 0;
S_0x15ae31f20 .scope module, "ring_manager_tb" "ring_manager_tb" 3 21;
 .timescale -9 -12;
v0x15ae57740_0 .var "as_done", 0 0;
v0x15ae551d0_0 .net "buffer_empty", 0 0, L_0x15ae58660;  1 drivers
v0x15ae577d0_0 .net "busy", 0 0, L_0x15ae59530;  1 drivers
v0x15ae57860_0 .var "clk", 0 0;
v0x15ae578f0_0 .var "ctrl_enable", 0 0;
v0x15ae579c0_0 .var "ctrl_reset", 0 0;
v0x15ae57a70_0 .var "df_error", 0 0;
v0x15ae57b20_0 .var "error_clear", 0 0;
v0x15ae57bd0_0 .var "fetch_req_ready", 0 0;
v0x15ae57d00_0 .net "fetch_req_valid", 0 0, L_0x15ae58ff0;  1 drivers
v0x15ae57d90_0 .net "head_ptr", 31 0, v0x15ae567e0_0;  1 drivers
v0x15ae57e20_0 .net "irq_empty", 0 0, L_0x15ae59970;  1 drivers
v0x15ae57ed0_0 .var "irq_en", 0 0;
v0x15ae57f80_0 .net "irq_error", 0 0, L_0x15ae59aa0;  1 drivers
v0x15ae58030_0 .net "irq_status_empty", 0 0, L_0x15ae59790;  1 drivers
v0x15ae580c0_0 .net "irq_status_error", 0 0, L_0x15ae598c0;  1 drivers
v0x15ae58170_0 .var "reset_n", 0 0;
v0x15ae58300_0 .var "ring_base_addr", 31 0;
v0x15ae58390_0 .var "ring_len", 31 0;
v0x15ae58420_0 .net "rm_df_addr", 31 0, L_0x15ae59240;  1 drivers
v0x15ae584b0_0 .var "tail_ptr", 31 0;
v0x15ae58540_0 .var/2s "tests_passed", 31 0;
v0x15ae585d0_0 .var/2s "tests_run", 31 0;
S_0x15ae317e0 .scope task, "check" "check" 3 102, 3 102 0, S_0x15ae31f20;
 .timescale -9 -12;
v0x15ae36c00_0 .var "expected_signal", 0 0;
v0x15ae54d10_0 .var "signal", 0 0;
v0x15ae54db0_0 .var/str "test";
TD_ring_manager_tb.check ;
    %load/vec4 v0x15ae585d0_0;
    %addi 1, 0, 32;
    %cast2;
    %store/vec4 v0x15ae585d0_0, 0, 32;
    %load/vec4 v0x15ae54d10_0;
    %load/vec4 v0x15ae36c00_0;
    %cmp/e;
    %jmp/0xz  T_0.0, 6;
    %load/vec4 v0x15ae58540_0;
    %addi 1, 0, 32;
    %cast2;
    %store/vec4 v0x15ae58540_0, 0, 32;
    %vpi_call/w 3 110 "$display", "PASS: %s", v0x15ae54db0_0 {0 0 0};
    %jmp T_0.1;
T_0.0 ;
    %vpi_call/w 3 112 "$error", "FAIL: %s expected %0b got %0b", v0x15ae54db0_0, v0x15ae36c00_0, v0x15ae54d10_0 {0 0 0};
T_0.1 ;
    %end;
S_0x15ae54e40 .scope module, "dut" "ring_manager" 3 67, 4 8 0, S_0x15ae31f20;
 .timescale 0 0;
    .port_info 0 /INPUT 1 "clk";
    .port_info 1 /INPUT 1 "reset_n";
    .port_info 2 /INPUT 1 "ctrl_enable";
    .port_info 3 /INPUT 1 "ctrl_reset";
    .port_info 4 /INPUT 32 "tail_ptr";
    .port_info 5 /INPUT 32 "ring_base_addr";
    .port_info 6 /INPUT 32 "ring_len";
    .port_info 7 /INPUT 1 "irq_en";
    .port_info 8 /INPUT 1 "error_clear";
    .port_info 9 /OUTPUT 32 "rm_df_addr";
    .port_info 10 /OUTPUT 1 "fetch_req_valid";
    .port_info 11 /INPUT 1 "fetch_req_ready";
    .port_info 12 /INPUT 1 "df_error";
    .port_info 13 /INPUT 1 "as_done";
    .port_info 14 /OUTPUT 32 "head_ptr";
    .port_info 15 /OUTPUT 1 "busy";
    .port_info 16 /OUTPUT 1 "buffer_empty";
    .port_info 17 /OUTPUT 1 "irq_status_empty";
    .port_info 18 /OUTPUT 1 "irq_status_error";
    .port_info 19 /OUTPUT 1 "irq_empty";
    .port_info 20 /OUTPUT 1 "irq_error";
P_0x15ae55010 .param/l "DESCRIPTOR_SIZE" 1 4 58, +C4<00000000000000000000000000010000>;
P_0x15ae55050 .param/l "MAX_INFLIGHT" 0 4 9, +C4<00000000000000000000000000000100>;
L_0x15ae58860 .functor AND 1, L_0x15ae587c0, v0x15ae578f0_0, C4<1>, C4<1>;
L_0x15ae58aa0 .functor AND 1, L_0x15ae58860, L_0x15ae58980, C4<1>, C4<1>;
L_0x15ae58e60 .functor AND 1, L_0x15ae58aa0, L_0x15ae58cf0, C4<1>, C4<1>;
L_0x15ae58ff0 .functor AND 1, L_0x15ae58e60, L_0x15ae58f50, C4<1>, C4<1>;
L_0x15ae59790 .functor AND 1, L_0x15ae59690, L_0x15ae58660, C4<1>, C4<1>;
L_0x15ae598c0 .functor BUFZ 1, v0x15ae57a70_0, C4<0>, C4<0>, C4<0>;
L_0x15ae59970 .functor AND 1, v0x15ae57ed0_0, L_0x15ae59790, C4<1>, C4<1>;
L_0x15ae59aa0 .functor AND 1, v0x15ae57ed0_0, L_0x15ae598c0, C4<1>, C4<1>;
v0x15ae55570_0 .net *"_ivl_11", 0 0, L_0x15ae58aa0;  1 drivers
v0x15ae55620_0 .net *"_ivl_12", 31 0, L_0x15ae58bb0;  1 drivers
L_0x160088058 .functor BUFT 1, C4<00000000000000000000000000000>, C4<0>, C4<0>, C4<0>;
v0x15ae556c0_0 .net *"_ivl_15", 28 0, L_0x160088058;  1 drivers
L_0x1600880a0 .functor BUFT 1, C4<00000000000000000000000000000100>, C4<0>, C4<0>, C4<0>;
v0x15ae55750_0 .net/2u *"_ivl_16", 31 0, L_0x1600880a0;  1 drivers
v0x15ae557e0_0 .net *"_ivl_18", 0 0, L_0x15ae58cf0;  1 drivers
v0x15ae558b0_0 .net *"_ivl_21", 0 0, L_0x15ae58e60;  1 drivers
v0x15ae55940_0 .net *"_ivl_23", 0 0, L_0x15ae58f50;  1 drivers
L_0x1600880e8 .functor BUFT 1, C4<00000000000000000000000000010000>, C4<0>, C4<0>, C4<0>;
v0x15ae559e0_0 .net/2u *"_ivl_26", 31 0, L_0x1600880e8;  1 drivers
v0x15ae55a90_0 .net *"_ivl_29", 31 0, L_0x15ae59120;  1 drivers
v0x15ae55ba0_0 .net *"_ivl_3", 0 0, L_0x15ae587c0;  1 drivers
v0x15ae55c40_0 .net *"_ivl_32", 31 0, L_0x15ae593c0;  1 drivers
L_0x160088130 .functor BUFT 1, C4<00000000000000000000000000000>, C4<0>, C4<0>, C4<0>;
v0x15ae55cf0_0 .net *"_ivl_35", 28 0, L_0x160088130;  1 drivers
L_0x160088178 .functor BUFT 1, C4<00000000000000000000000000000000>, C4<0>, C4<0>, C4<0>;
v0x15ae55da0_0 .net/2u *"_ivl_36", 31 0, L_0x160088178;  1 drivers
v0x15ae55e50_0 .net *"_ivl_41", 0 0, L_0x15ae59690;  1 drivers
v0x15ae55ef0_0 .net *"_ivl_5", 0 0, L_0x15ae58860;  1 drivers
L_0x160088010 .functor BUFT 1, C4<00000000000000000000000000000000>, C4<0>, C4<0>, C4<0>;
v0x15ae55f90_0 .net/2u *"_ivl_6", 31 0, L_0x160088010;  1 drivers
v0x15ae56040_0 .net *"_ivl_8", 0 0, L_0x15ae58980;  1 drivers
v0x15ae561d0_0 .net "as_done", 0 0, v0x15ae57740_0;  1 drivers
v0x15ae56260_0 .net "buffer_empty", 0 0, L_0x15ae58660;  alias, 1 drivers
v0x15ae562f0_0 .net "busy", 0 0, L_0x15ae59530;  alias, 1 drivers
v0x15ae56380_0 .net "clk", 0 0, v0x15ae57860_0;  1 drivers
v0x15ae56420_0 .net "ctrl_enable", 0 0, v0x15ae578f0_0;  1 drivers
v0x15ae564c0_0 .net "ctrl_reset", 0 0, v0x15ae579c0_0;  1 drivers
v0x15ae56560_0 .net "df_error", 0 0, v0x15ae57a70_0;  1 drivers
v0x15ae56600_0 .net "error_clear", 0 0, v0x15ae57b20_0;  1 drivers
v0x15ae566a0_0 .net "fetch_req_ready", 0 0, v0x15ae57bd0_0;  1 drivers
v0x15ae56740_0 .net "fetch_req_valid", 0 0, L_0x15ae58ff0;  alias, 1 drivers
v0x15ae567e0_0 .var "head_ptr", 31 0;
v0x15ae56890_0 .var "head_ptr_next", 31 0;
v0x15ae56940_0 .var "inflight_count", 2 0;
v0x15ae569f0_0 .var "inflight_count_next", 2 0;
v0x15ae56aa0_0 .var "int_status_error", 0 0;
v0x15ae56b40_0 .var "int_status_error_next", 0 0;
v0x15ae560e0_0 .net "irq_empty", 0 0, L_0x15ae59970;  alias, 1 drivers
v0x15ae56dd0_0 .net "irq_en", 0 0, v0x15ae57ed0_0;  1 drivers
v0x15ae56e60_0 .net "irq_error", 0 0, L_0x15ae59aa0;  alias, 1 drivers
v0x15ae56ef0_0 .net "irq_status_empty", 0 0, L_0x15ae59790;  alias, 1 drivers
v0x15ae56f80_0 .net "irq_status_error", 0 0, L_0x15ae598c0;  alias, 1 drivers
v0x15ae57010_0 .net "reset_n", 0 0, v0x15ae58170_0;  1 drivers
v0x15ae570a0_0 .net "ring_base_addr", 31 0, v0x15ae58300_0;  1 drivers
v0x15ae57150_0 .net "ring_len", 31 0, v0x15ae58390_0;  1 drivers
v0x15ae57200_0 .net "rm_df_addr", 31 0, L_0x15ae59240;  alias, 1 drivers
v0x15ae572b0_0 .var "sw_rst_enable", 0 0;
v0x15ae57350_0 .var "sw_rst_enable_next", 0 0;
v0x15ae573f0_0 .net "tail_ptr", 31 0, v0x15ae584b0_0;  1 drivers
v0x15ae574a0_0 .var "was_empty", 0 0;
E_0x15ae55480 .event posedge, v0x15ae56380_0;
E_0x15ae554d0/0 .event anyedge, v0x15ae567e0_0, v0x15ae561d0_0, v0x15ae56260_0, v0x15ae57150_0;
E_0x15ae554d0/1 .event anyedge, v0x15ae56940_0, v0x15ae566a0_0, v0x15ae56740_0, v0x15ae56560_0;
E_0x15ae554d0/2 .event anyedge, v0x15ae56aa0_0, v0x15ae56600_0, v0x15ae572b0_0;
E_0x15ae554d0 .event/or E_0x15ae554d0/0, E_0x15ae554d0/1, E_0x15ae554d0/2;
L_0x15ae58660 .cmp/eq 32, v0x15ae567e0_0, v0x15ae584b0_0;
L_0x15ae587c0 .reduce/nor L_0x15ae58660;
L_0x15ae58980 .cmp/gt 32, v0x15ae58390_0, L_0x160088010;
L_0x15ae58bb0 .concat [ 3 29 0 0], v0x15ae56940_0, L_0x160088058;
L_0x15ae58cf0 .cmp/gt 32, L_0x1600880a0, L_0x15ae58bb0;
L_0x15ae58f50 .reduce/nor v0x15ae56aa0_0;
L_0x15ae59120 .arith/mult 32, v0x15ae567e0_0, L_0x1600880e8;
L_0x15ae59240 .arith/sum 32, v0x15ae58300_0, L_0x15ae59120;
L_0x15ae593c0 .concat [ 3 29 0 0], v0x15ae56940_0, L_0x160088130;
L_0x15ae59530 .cmp/gt 32, L_0x15ae593c0, L_0x160088178;
L_0x15ae59690 .reduce/nor v0x15ae574a0_0;
    .scope S_0x15ae54e40;
T_1 ;
Ewait_0 .event/or E_0x15ae554d0, E_0x0;
    %wait Ewait_0;
    %load/vec4 v0x15ae567e0_0;
    %store/vec4 v0x15ae56890_0, 0, 32;
    %load/vec4 v0x15ae561d0_0;
    %flag_set/vec4 9;
    %flag_get/vec4 9;
    %jmp/0 T_1.2, 9;
    %load/vec4 v0x15ae56260_0;
    %nor/r;
    %and;
T_1.2;
    %flag_set/vec4 8;
    %jmp/0xz  T_1.0, 8;
    %load/vec4 v0x15ae567e0_0;
    %load/vec4 v0x15ae57150_0;
    %subi 1, 0, 32;
    %cmp/e;
    %jmp/0xz  T_1.3, 4;
    %pushi/vec4 0, 0, 32;
    %store/vec4 v0x15ae56890_0, 0, 32;
    %jmp T_1.4;
T_1.3 ;
    %load/vec4 v0x15ae567e0_0;
    %addi 1, 0, 32;
    %store/vec4 v0x15ae56890_0, 0, 32;
T_1.4 ;
T_1.0 ;
    %load/vec4 v0x15ae56940_0;
    %store/vec4 v0x15ae569f0_0, 0, 3;
    %load/vec4 v0x15ae566a0_0;
    %flag_set/vec4 10;
    %flag_get/vec4 10;
    %jmp/0 T_1.8, 10;
    %load/vec4 v0x15ae56740_0;
    %and;
T_1.8;
    %flag_set/vec4 9;
    %flag_get/vec4 9;
    %jmp/0 T_1.7, 9;
    %load/vec4 v0x15ae561d0_0;
    %and;
T_1.7;
    %flag_set/vec4 8;
    %jmp/0xz  T_1.5, 8;
    %load/vec4 v0x15ae56940_0;
    %store/vec4 v0x15ae569f0_0, 0, 3;
    %jmp T_1.6;
T_1.5 ;
    %load/vec4 v0x15ae566a0_0;
    %flag_set/vec4 9;
    %flag_get/vec4 9;
    %jmp/0 T_1.11, 9;
    %load/vec4 v0x15ae56740_0;
    %and;
T_1.11;
    %flag_set/vec4 8;
    %jmp/0xz  T_1.9, 8;
    %load/vec4 v0x15ae56940_0;
    %addi 1, 0, 3;
    %store/vec4 v0x15ae569f0_0, 0, 3;
    %jmp T_1.10;
T_1.9 ;
    %load/vec4 v0x15ae561d0_0;
    %flag_set/vec4 8;
    %jmp/1 T_1.14, 8;
    %load/vec4 v0x15ae56560_0;
    %flag_set/vec4 9;
    %flag_or 8, 9;
T_1.14;
    %jmp/0xz  T_1.12, 8;
    %load/vec4 v0x15ae56940_0;
    %subi 1, 0, 3;
    %store/vec4 v0x15ae569f0_0, 0, 3;
T_1.12 ;
T_1.10 ;
T_1.6 ;
    %load/vec4 v0x15ae56aa0_0;
    %store/vec4 v0x15ae56b40_0, 0, 1;
    %load/vec4 v0x15ae56560_0;
    %flag_set/vec4 8;
    %jmp/0xz  T_1.15, 8;
    %pushi/vec4 1, 0, 1;
    %store/vec4 v0x15ae56b40_0, 0, 1;
T_1.15 ;
    %load/vec4 v0x15ae56600_0;
    %flag_set/vec4 8;
    %jmp/0xz  T_1.17, 8;
    %pushi/vec4 0, 0, 1;
    %store/vec4 v0x15ae56b40_0, 0, 1;
T_1.17 ;
    %load/vec4 v0x15ae572b0_0;
    %store/vec4 v0x15ae57350_0, 0, 1;
    %load/vec4 v0x15ae56aa0_0;
    %flag_set/vec4 9;
    %flag_get/vec4 9;
    %jmp/0 T_1.21, 9;
    %load/vec4 v0x15ae56940_0;
    %pad/u 32;
    %pushi/vec4 0, 0, 32;
    %cmp/e;
    %flag_get/vec4 4;
    %and;
T_1.21;
    %flag_set/vec4 8;
    %jmp/0xz  T_1.19, 8;
    %pushi/vec4 1, 0, 1;
    %store/vec4 v0x15ae57350_0, 0, 1;
T_1.19 ;
    %load/vec4 v0x15ae56600_0;
    %flag_set/vec4 8;
    %jmp/0xz  T_1.22, 8;
    %pushi/vec4 0, 0, 1;
    %store/vec4 v0x15ae57350_0, 0, 1;
T_1.22 ;
    %jmp T_1;
    .thread T_1, $push;
    .scope S_0x15ae54e40;
T_2 ;
    %wait E_0x15ae55480;
    %load/vec4 v0x15ae57010_0;
    %nor/r;
    %flag_set/vec4 8;
    %jmp/1 T_2.2, 8;
    %load/vec4 v0x15ae564c0_0;
    %flag_set/vec4 9;
    %flag_or 8, 9;
T_2.2;
    %jmp/0xz  T_2.0, 8;
    %pushi/vec4 0, 0, 32;
    %assign/vec4 v0x15ae567e0_0, 0;
    %pushi/vec4 0, 0, 3;
    %assign/vec4 v0x15ae56940_0, 0;
    %pushi/vec4 1, 0, 1;
    %assign/vec4 v0x15ae574a0_0, 0;
    %pushi/vec4 0, 0, 1;
    %assign/vec4 v0x15ae56aa0_0, 0;
    %pushi/vec4 0, 0, 1;
    %assign/vec4 v0x15ae572b0_0, 0;
    %jmp T_2.1;
T_2.0 ;
    %load/vec4 v0x15ae56890_0;
    %assign/vec4 v0x15ae567e0_0, 0;
    %load/vec4 v0x15ae569f0_0;
    %assign/vec4 v0x15ae56940_0, 0;
    %load/vec4 v0x15ae56260_0;
    %assign/vec4 v0x15ae574a0_0, 0;
    %load/vec4 v0x15ae56b40_0;
    %assign/vec4 v0x15ae56aa0_0, 0;
    %load/vec4 v0x15ae57350_0;
    %assign/vec4 v0x15ae572b0_0, 0;
T_2.1 ;
    %jmp T_2;
    .thread T_2;
    .scope S_0x15ae31f20;
T_3 ;
    %pushi/vec4 0, 0, 1;
    %store/vec4 v0x15ae57860_0, 0, 1;
    %end;
    .thread T_3;
    .scope S_0x15ae31f20;
T_4 ;
    %delay 5000, 0;
    %load/vec4 v0x15ae57860_0;
    %inv;
    %store/vec4 v0x15ae57860_0, 0, 1;
    %jmp T_4;
    .thread T_4;
    .scope S_0x15ae31f20;
T_5 ;
    %vpi_call/w 3 123 "$dumpfile", "sim.vcd" {0 0 0};
    %vpi_call/w 3 124 "$dumpvars", 32'sb00000000000000000000000000000000, S_0x15ae31f20 {0 0 0};
    %pushi/vec4 0, 0, 1;
    %store/vec4 v0x15ae58170_0, 0, 1;
    %pushi/vec4 0, 0, 1;
    %store/vec4 v0x15ae578f0_0, 0, 1;
    %pushi/vec4 0, 0, 1;
    %store/vec4 v0x15ae579c0_0, 0, 1;
    %pushi/vec4 0, 0, 32;
    %store/vec4 v0x15ae584b0_0, 0, 32;
    %pushi/vec4 0, 0, 32;
    %store/vec4 v0x15ae58300_0, 0, 32;
    %pushi/vec4 0, 0, 32;
    %store/vec4 v0x15ae58390_0, 0, 32;
    %pushi/vec4 0, 0, 1;
    %store/vec4 v0x15ae57ed0_0, 0, 1;
    %pushi/vec4 0, 0, 1;
    %store/vec4 v0x15ae57b20_0, 0, 1;
    %pushi/vec4 0, 0, 1;
    %store/vec4 v0x15ae57bd0_0, 0, 1;
    %pushi/vec4 0, 0, 1;
    %store/vec4 v0x15ae57740_0, 0, 1;
    %pushi/vec4 0, 0, 1;
    %store/vec4 v0x15ae57a70_0, 0, 1;
    %pushi/vec4 0, 0, 32;
    %store/vec4 v0x15ae58540_0, 0, 32;
    %pushi/vec4 0, 0, 32;
    %store/vec4 v0x15ae585d0_0, 0, 32;
    %vpi_call/w 3 143 "$display", "--- Test 1: Reset ---" {0 0 0};
    %pushi/vec4 0, 0, 1;
    %store/vec4 v0x15ae58170_0, 0, 1;
    %delay 20000, 0;
    %pushi/vec4 1, 0, 1;
    %store/vec4 v0x15ae58170_0, 0, 1;
    %wait E_0x15ae55480;
    %delay 1000, 0;
    %load/vec4 v0x15ae551d0_0;
    %store/vec4 v0x15ae54d10_0, 0, 1;
    %pushi/vec4 1, 0, 1;
    %store/vec4 v0x15ae36c00_0, 0, 1;
    %pushi/str "buffer_empty - Test 1";
    %store/str v0x15ae54db0_0;
    %fork TD_ring_manager_tb.check, S_0x15ae317e0;
    %join;
    %load/vec4 v0x15ae57d00_0;
    %store/vec4 v0x15ae54d10_0, 0, 1;
    %pushi/vec4 0, 0, 1;
    %store/vec4 v0x15ae36c00_0, 0, 1;
    %pushi/str "fetch_req_valid - Test 1";
    %store/str v0x15ae54db0_0;
    %fork TD_ring_manager_tb.check, S_0x15ae317e0;
    %join;
    %load/vec4 v0x15ae58030_0;
    %store/vec4 v0x15ae54d10_0, 0, 1;
    %pushi/vec4 0, 0, 1;
    %store/vec4 v0x15ae36c00_0, 0, 1;
    %pushi/str "irq_status_empty - Test 1";
    %store/str v0x15ae54db0_0;
    %fork TD_ring_manager_tb.check, S_0x15ae317e0;
    %join;
    %load/vec4 v0x15ae580c0_0;
    %store/vec4 v0x15ae54d10_0, 0, 1;
    %pushi/vec4 0, 0, 1;
    %store/vec4 v0x15ae36c00_0, 0, 1;
    %pushi/str "irq_status_error - Test 1";
    %store/str v0x15ae54db0_0;
    %fork TD_ring_manager_tb.check, S_0x15ae317e0;
    %join;
    %load/vec4 v0x15ae57e20_0;
    %store/vec4 v0x15ae54d10_0, 0, 1;
    %pushi/vec4 0, 0, 1;
    %store/vec4 v0x15ae36c00_0, 0, 1;
    %pushi/str "irq_empty - Test 1";
    %store/str v0x15ae54db0_0;
    %fork TD_ring_manager_tb.check, S_0x15ae317e0;
    %join;
    %load/vec4 v0x15ae57f80_0;
    %store/vec4 v0x15ae54d10_0, 0, 1;
    %pushi/vec4 0, 0, 1;
    %store/vec4 v0x15ae36c00_0, 0, 1;
    %pushi/str "irq_error - Test 1";
    %store/str v0x15ae54db0_0;
    %fork TD_ring_manager_tb.check, S_0x15ae317e0;
    %join;
    %load/vec4 v0x15ae577d0_0;
    %store/vec4 v0x15ae54d10_0, 0, 1;
    %pushi/vec4 0, 0, 1;
    %store/vec4 v0x15ae36c00_0, 0, 1;
    %pushi/str "busy - Test 1";
    %store/str v0x15ae54db0_0;
    %fork TD_ring_manager_tb.check, S_0x15ae317e0;
    %join;
    %vpi_call/w 3 163 "$display", "--- Test 2: Normal Operation ---" {0 0 0};
    %pushi/vec4 1, 0, 1;
    %store/vec4 v0x15ae578f0_0, 0, 1;
    %pushi/vec4 2684354560, 0, 32;
    %store/vec4 v0x15ae58300_0, 0, 32;
    %pushi/vec4 4, 0, 32;
    %store/vec4 v0x15ae58390_0, 0, 32;
    %pushi/vec4 1, 0, 32;
    %store/vec4 v0x15ae584b0_0, 0, 32;
    %pushi/vec4 1, 0, 1;
    %store/vec4 v0x15ae57bd0_0, 0, 1;
    %pushi/vec4 1, 0, 1;
    %store/vec4 v0x15ae57ed0_0, 0, 1;
    %wait E_0x15ae55480;
    %delay 1000, 0;
    %load/vec4 v0x15ae551d0_0;
    %store/vec4 v0x15ae54d10_0, 0, 1;
    %pushi/vec4 0, 0, 1;
    %store/vec4 v0x15ae36c00_0, 0, 1;
    %pushi/str "buffer_empty LOW - Test 2 step 1";
    %store/str v0x15ae54db0_0;
    %fork TD_ring_manager_tb.check, S_0x15ae317e0;
    %join;
    %load/vec4 v0x15ae57d00_0;
    %store/vec4 v0x15ae54d10_0, 0, 1;
    %pushi/vec4 1, 0, 1;
    %store/vec4 v0x15ae36c00_0, 0, 1;
    %pushi/str "fetch_req_valid HIGH - Test 2 step 1";
    %store/str v0x15ae54db0_0;
    %fork TD_ring_manager_tb.check, S_0x15ae317e0;
    %join;
    %load/vec4 v0x15ae58420_0;
    %pad/u 1;
    %store/vec4 v0x15ae54d10_0, 0, 1;
    %pushi/vec4 0, 0, 1;
    %store/vec4 v0x15ae36c00_0, 0, 1;
    %pushi/str "rm_df_addr - Test 2 step 1";
    %store/str v0x15ae54db0_0;
    %fork TD_ring_manager_tb.check, S_0x15ae317e0;
    %join;
    %pushi/vec4 1, 0, 1;
    %store/vec4 v0x15ae57740_0, 0, 1;
    %wait E_0x15ae55480;
    %delay 1000, 0;
    %load/vec4 v0x15ae551d0_0;
    %store/vec4 v0x15ae54d10_0, 0, 1;
    %pushi/vec4 1, 0, 1;
    %store/vec4 v0x15ae36c00_0, 0, 1;
    %pushi/str "buffer_empty HIGH - Test 2 step 2";
    %store/str v0x15ae54db0_0;
    %fork TD_ring_manager_tb.check, S_0x15ae317e0;
    %join;
    %load/vec4 v0x15ae58030_0;
    %store/vec4 v0x15ae54d10_0, 0, 1;
    %pushi/vec4 1, 0, 1;
    %store/vec4 v0x15ae36c00_0, 0, 1;
    %pushi/str "irq_status_empty HIGH - Test 2 step 2";
    %store/str v0x15ae54db0_0;
    %fork TD_ring_manager_tb.check, S_0x15ae317e0;
    %join;
    %load/vec4 v0x15ae57e20_0;
    %store/vec4 v0x15ae54d10_0, 0, 1;
    %pushi/vec4 1, 0, 1;
    %store/vec4 v0x15ae36c00_0, 0, 1;
    %pushi/str "irq_empty HIGH - Test 2 step 2";
    %store/str v0x15ae54db0_0;
    %fork TD_ring_manager_tb.check, S_0x15ae317e0;
    %join;
    %pushi/vec4 0, 0, 1;
    %store/vec4 v0x15ae57740_0, 0, 1;
    %wait E_0x15ae55480;
    %delay 1000, 0;
    %load/vec4 v0x15ae57e20_0;
    %store/vec4 v0x15ae54d10_0, 0, 1;
    %pushi/vec4 0, 0, 1;
    %store/vec4 v0x15ae36c00_0, 0, 1;
    %pushi/str "irq_empty LOW - Test 2 step 3";
    %store/str v0x15ae54db0_0;
    %fork TD_ring_manager_tb.check, S_0x15ae317e0;
    %join;
    %load/vec4 v0x15ae58030_0;
    %store/vec4 v0x15ae54d10_0, 0, 1;
    %pushi/vec4 0, 0, 1;
    %store/vec4 v0x15ae36c00_0, 0, 1;
    %pushi/str "irq_status_empty LOW - Test 2 step 3";
    %store/str v0x15ae54db0_0;
    %fork TD_ring_manager_tb.check, S_0x15ae317e0;
    %join;
    %pushi/vec4 0, 0, 1;
    %store/vec4 v0x15ae58170_0, 0, 1;
    %delay 20000, 0;
    %pushi/vec4 1, 0, 1;
    %store/vec4 v0x15ae58170_0, 0, 1;
    %pushi/vec4 1, 0, 1;
    %store/vec4 v0x15ae578f0_0, 0, 1;
    %pushi/vec4 2684354560, 0, 32;
    %store/vec4 v0x15ae58300_0, 0, 32;
    %pushi/vec4 1, 0, 1;
    %store/vec4 v0x15ae57bd0_0, 0, 1;
    %pushi/vec4 3, 0, 32;
    %store/vec4 v0x15ae58390_0, 0, 32;
    %pushi/vec4 2, 0, 32;
    %store/vec4 v0x15ae584b0_0, 0, 32;
    %wait E_0x15ae55480;
    %delay 1000, 0;
    %load/vec4 v0x15ae551d0_0;
    %store/vec4 v0x15ae54d10_0, 0, 1;
    %pushi/vec4 0, 0, 1;
    %store/vec4 v0x15ae36c00_0, 0, 1;
    %pushi/str "buffer_empty LOW - Test 3 step 1";
    %store/str v0x15ae54db0_0;
    %fork TD_ring_manager_tb.check, S_0x15ae317e0;
    %join;
    %pushi/vec4 1, 0, 1;
    %store/vec4 v0x15ae57740_0, 0, 1;
    %wait E_0x15ae55480;
    %delay 1000, 0;
    %pushi/vec4 0, 0, 1;
    %store/vec4 v0x15ae57740_0, 0, 1;
    %wait E_0x15ae55480;
    %delay 1000, 0;
    %load/vec4 v0x15ae58420_0;
    %pad/u 1;
    %store/vec4 v0x15ae54d10_0, 0, 1;
    %pushi/vec4 0, 0, 1;
    %store/vec4 v0x15ae36c00_0, 0, 1;
    %pushi/str "rm_df_addr - Test 3 Step 2";
    %store/str v0x15ae54db0_0;
    %fork TD_ring_manager_tb.check, S_0x15ae317e0;
    %join;
    %load/vec4 v0x15ae551d0_0;
    %store/vec4 v0x15ae54d10_0, 0, 1;
    %pushi/vec4 0, 0, 1;
    %store/vec4 v0x15ae36c00_0, 0, 1;
    %pushi/str "buffer_empty LOW - Test 3 Step 2";
    %store/str v0x15ae54db0_0;
    %fork TD_ring_manager_tb.check, S_0x15ae317e0;
    %join;
    %pushi/vec4 1, 0, 1;
    %store/vec4 v0x15ae57740_0, 0, 1;
    %wait E_0x15ae55480;
    %delay 1000, 0;
    %pushi/vec4 0, 0, 1;
    %store/vec4 v0x15ae57740_0, 0, 1;
    %wait E_0x15ae55480;
    %delay 1000, 0;
    %load/vec4 v0x15ae551d0_0;
    %store/vec4 v0x15ae54d10_0, 0, 1;
    %pushi/vec4 1, 0, 1;
    %store/vec4 v0x15ae36c00_0, 0, 1;
    %pushi/str "buffer_empty HIGH - Test 3 step 2";
    %store/str v0x15ae54db0_0;
    %fork TD_ring_manager_tb.check, S_0x15ae317e0;
    %join;
    %pushi/vec4 0, 0, 32;
    %store/vec4 v0x15ae584b0_0, 0, 32;
    %wait E_0x15ae55480;
    %delay 1000, 0;
    %load/vec4 v0x15ae551d0_0;
    %store/vec4 v0x15ae54d10_0, 0, 1;
    %pushi/vec4 0, 0, 1;
    %store/vec4 v0x15ae36c00_0, 0, 1;
    %pushi/str "buffer_empty LOW - Test 3 step 3";
    %store/str v0x15ae54db0_0;
    %fork TD_ring_manager_tb.check, S_0x15ae317e0;
    %join;
    %pushi/vec4 1, 0, 1;
    %store/vec4 v0x15ae57740_0, 0, 1;
    %wait E_0x15ae55480;
    %delay 1000, 0;
    %load/vec4 v0x15ae57e20_0;
    %store/vec4 v0x15ae54d10_0, 0, 1;
    %pushi/vec4 1, 0, 1;
    %store/vec4 v0x15ae36c00_0, 0, 1;
    %pushi/str "irq_empty HIGH - Test 3 step 3";
    %store/str v0x15ae54db0_0;
    %fork TD_ring_manager_tb.check, S_0x15ae317e0;
    %join;
    %pushi/vec4 0, 0, 1;
    %store/vec4 v0x15ae57740_0, 0, 1;
    %wait E_0x15ae55480;
    %delay 1000, 0;
    %load/vec4 v0x15ae58420_0;
    %pad/u 1;
    %store/vec4 v0x15ae54d10_0, 0, 1;
    %pushi/vec4 0, 0, 1;
    %store/vec4 v0x15ae36c00_0, 0, 1;
    %pushi/str "rm_df_addr - Test 3 step 3";
    %store/str v0x15ae54db0_0;
    %fork TD_ring_manager_tb.check, S_0x15ae317e0;
    %join;
    %load/vec4 v0x15ae551d0_0;
    %store/vec4 v0x15ae54d10_0, 0, 1;
    %pushi/vec4 1, 0, 1;
    %store/vec4 v0x15ae36c00_0, 0, 1;
    %pushi/str "buffer_empty HIGH - Test 3 step 3";
    %store/str v0x15ae54db0_0;
    %fork TD_ring_manager_tb.check, S_0x15ae317e0;
    %join;
    %vpi_call/w 3 253 "$display", "--- Test 4: Backpressure ---" {0 0 0};
    %pushi/vec4 0, 0, 1;
    %store/vec4 v0x15ae58170_0, 0, 1;
    %delay 20000, 0;
    %pushi/vec4 1, 0, 1;
    %store/vec4 v0x15ae58170_0, 0, 1;
    %wait E_0x15ae55480;
    %delay 1000, 0;
    %pushi/vec4 1, 0, 1;
    %store/vec4 v0x15ae578f0_0, 0, 1;
    %pushi/vec4 2684354560, 0, 32;
    %store/vec4 v0x15ae58300_0, 0, 32;
    %pushi/vec4 3, 0, 32;
    %store/vec4 v0x15ae58390_0, 0, 32;
    %pushi/vec4 1, 0, 32;
    %store/vec4 v0x15ae584b0_0, 0, 32;
    %pushi/vec4 0, 0, 1;
    %store/vec4 v0x15ae57bd0_0, 0, 1;
    %wait E_0x15ae55480;
    %delay 1000, 0;
    %load/vec4 v0x15ae57d00_0;
    %store/vec4 v0x15ae54d10_0, 0, 1;
    %pushi/vec4 1, 0, 1;
    %store/vec4 v0x15ae36c00_0, 0, 1;
    %pushi/str "fetch_req_valid - Test 4 step 2";
    %store/str v0x15ae54db0_0;
    %fork TD_ring_manager_tb.check, S_0x15ae317e0;
    %join;
    %load/vec4 v0x15ae58420_0;
    %pad/u 1;
    %store/vec4 v0x15ae54d10_0, 0, 1;
    %pushi/vec4 0, 0, 1;
    %store/vec4 v0x15ae36c00_0, 0, 1;
    %pushi/str "rm_df_addr - Test 4 step 2";
    %store/str v0x15ae54db0_0;
    %fork TD_ring_manager_tb.check, S_0x15ae317e0;
    %join;
    %load/vec4 v0x15ae551d0_0;
    %store/vec4 v0x15ae54d10_0, 0, 1;
    %pushi/vec4 0, 0, 1;
    %store/vec4 v0x15ae36c00_0, 0, 1;
    %pushi/str "buffer_empty LOW - Test 4 step 2";
    %store/str v0x15ae54db0_0;
    %fork TD_ring_manager_tb.check, S_0x15ae317e0;
    %join;
    %vpi_call/w 3 281 "$display", "--- Test 5: In-flight limit ---" {0 0 0};
    %pushi/vec4 0, 0, 1;
    %store/vec4 v0x15ae58170_0, 0, 1;
    %delay 20000, 0;
    %pushi/vec4 1, 0, 1;
    %store/vec4 v0x15ae58170_0, 0, 1;
    %wait E_0x15ae55480;
    %delay 1000, 0;
    %pushi/vec4 1, 0, 1;
    %store/vec4 v0x15ae578f0_0, 0, 1;
    %pushi/vec4 2684354560, 0, 32;
    %store/vec4 v0x15ae58300_0, 0, 32;
    %pushi/vec4 6, 0, 32;
    %store/vec4 v0x15ae58390_0, 0, 32;
    %pushi/vec4 5, 0, 32;
    %store/vec4 v0x15ae584b0_0, 0, 32;
    %pushi/vec4 1, 0, 1;
    %store/vec4 v0x15ae57bd0_0, 0, 1;
    %wait E_0x15ae55480;
    %delay 1000, 0;
    %load/vec4 v0x15ae57d00_0;
    %store/vec4 v0x15ae54d10_0, 0, 1;
    %pushi/vec4 1, 0, 1;
    %store/vec4 v0x15ae36c00_0, 0, 1;
    %pushi/str "fetch_req_valid: 1 in-flight - Test 5 step 2";
    %store/str v0x15ae54db0_0;
    %fork TD_ring_manager_tb.check, S_0x15ae317e0;
    %join;
    %wait E_0x15ae55480;
    %delay 1000, 0;
    %load/vec4 v0x15ae57d00_0;
    %store/vec4 v0x15ae54d10_0, 0, 1;
    %pushi/vec4 1, 0, 1;
    %store/vec4 v0x15ae36c00_0, 0, 1;
    %pushi/str "fetch_req_valid: 2 in-flight - Test 5 step 2";
    %store/str v0x15ae54db0_0;
    %fork TD_ring_manager_tb.check, S_0x15ae317e0;
    %join;
    %wait E_0x15ae55480;
    %delay 1000, 0;
    %load/vec4 v0x15ae57d00_0;
    %store/vec4 v0x15ae54d10_0, 0, 1;
    %pushi/vec4 1, 0, 1;
    %store/vec4 v0x15ae36c00_0, 0, 1;
    %pushi/str "fetch_req_valid 3 in-flight - Test 5 step 2";
    %store/str v0x15ae54db0_0;
    %fork TD_ring_manager_tb.check, S_0x15ae317e0;
    %join;
    %wait E_0x15ae55480;
    %delay 1000, 0;
    %load/vec4 v0x15ae57d00_0;
    %store/vec4 v0x15ae54d10_0, 0, 1;
    %pushi/vec4 0, 0, 1;
    %store/vec4 v0x15ae36c00_0, 0, 1;
    %pushi/str "fetch_req_valid MAX in-flight - Test 5 step 2";
    %store/str v0x15ae54db0_0;
    %fork TD_ring_manager_tb.check, S_0x15ae317e0;
    %join;
    %load/vec4 v0x15ae551d0_0;
    %store/vec4 v0x15ae54d10_0, 0, 1;
    %pushi/vec4 0, 0, 1;
    %store/vec4 v0x15ae36c00_0, 0, 1;
    %pushi/str "buffer_empty LOW - Test 5 step 2";
    %store/str v0x15ae54db0_0;
    %fork TD_ring_manager_tb.check, S_0x15ae317e0;
    %join;
    %vpi_call/w 3 320 "$display", "--- Test 6: Error ---" {0 0 0};
    %pushi/vec4 0, 0, 1;
    %store/vec4 v0x15ae58170_0, 0, 1;
    %delay 20000, 0;
    %pushi/vec4 1, 0, 1;
    %store/vec4 v0x15ae58170_0, 0, 1;
    %wait E_0x15ae55480;
    %delay 1000, 0;
    %pushi/vec4 1, 0, 1;
    %store/vec4 v0x15ae578f0_0, 0, 1;
    %pushi/vec4 2684354560, 0, 32;
    %store/vec4 v0x15ae58300_0, 0, 32;
    %pushi/vec4 4, 0, 32;
    %store/vec4 v0x15ae58390_0, 0, 32;
    %pushi/vec4 1, 0, 32;
    %store/vec4 v0x15ae584b0_0, 0, 32;
    %pushi/vec4 1, 0, 1;
    %store/vec4 v0x15ae57bd0_0, 0, 1;
    %pushi/vec4 1, 0, 1;
    %store/vec4 v0x15ae57ed0_0, 0, 1;
    %pushi/vec4 1, 0, 1;
    %store/vec4 v0x15ae57a70_0, 0, 1;
    %wait E_0x15ae55480;
    %delay 1000, 0;
    %load/vec4 v0x15ae57f80_0;
    %store/vec4 v0x15ae54d10_0, 0, 1;
    %pushi/vec4 1, 0, 1;
    %store/vec4 v0x15ae36c00_0, 0, 1;
    %pushi/str "irq_error HIGH - Test 6 step 1";
    %store/str v0x15ae54db0_0;
    %fork TD_ring_manager_tb.check, S_0x15ae317e0;
    %join;
    %load/vec4 v0x15ae580c0_0;
    %store/vec4 v0x15ae54d10_0, 0, 1;
    %pushi/vec4 1, 0, 1;
    %store/vec4 v0x15ae36c00_0, 0, 1;
    %pushi/str "irq_status_error HIGH - Test 6 step 1";
    %store/str v0x15ae54db0_0;
    %fork TD_ring_manager_tb.check, S_0x15ae317e0;
    %join;
    %pushi/vec4 0, 0, 1;
    %store/vec4 v0x15ae57a70_0, 0, 1;
    %wait E_0x15ae55480;
    %delay 1000, 0;
    %load/vec4 v0x15ae57f80_0;
    %store/vec4 v0x15ae54d10_0, 0, 1;
    %pushi/vec4 0, 0, 1;
    %store/vec4 v0x15ae36c00_0, 0, 1;
    %pushi/str "irq_error LOW - Test 6 step 2";
    %store/str v0x15ae54db0_0;
    %fork TD_ring_manager_tb.check, S_0x15ae317e0;
    %join;
    %load/vec4 v0x15ae580c0_0;
    %store/vec4 v0x15ae54d10_0, 0, 1;
    %pushi/vec4 0, 0, 1;
    %store/vec4 v0x15ae36c00_0, 0, 1;
    %pushi/str "irq_status_error LOW - Test 6 step 2";
    %store/str v0x15ae54db0_0;
    %fork TD_ring_manager_tb.check, S_0x15ae317e0;
    %join;
    %load/vec4 v0x15ae57d00_0;
    %store/vec4 v0x15ae54d10_0, 0, 1;
    %pushi/vec4 0, 0, 1;
    %store/vec4 v0x15ae36c00_0, 0, 1;
    %pushi/str "fetch_req_valid LOW - internal error sticky - Test 6 step 3";
    %store/str v0x15ae54db0_0;
    %fork TD_ring_manager_tb.check, S_0x15ae317e0;
    %join;
    %vpi_call/w 3 353 "$display", "-------------------------------" {0 0 0};
    %vpi_call/w 3 354 "$display", "%0d / %0d tests passed", v0x15ae58540_0, v0x15ae585d0_0 {0 0 0};
    %vpi_call/w 3 355 "$display", "-------------------------------" {0 0 0};
    %vpi_call/w 3 356 "$finish" {0 0 0};
    %end;
    .thread T_5;
# The file index is used to find the file name in the following table.
:file_names 5;
    "N/A";
    "<interactive>";
    "-";
    "rtl/ring_manager_tb.sv";
    "rtl/ring_manager.sv";
