#! /opt/homebrew/Cellar/icarus-verilog/12.0/bin/vvp
:ivl_version "12.0 (stable)";
:ivl_delay_selection "TYPICAL";
:vpi_time_precision - 12;
:vpi_module "/opt/homebrew/Cellar/icarus-verilog/12.0/lib/ivl/system.vpi";
:vpi_module "/opt/homebrew/Cellar/icarus-verilog/12.0/lib/ivl/vhdl_sys.vpi";
:vpi_module "/opt/homebrew/Cellar/icarus-verilog/12.0/lib/ivl/vhdl_textio.vpi";
:vpi_module "/opt/homebrew/Cellar/icarus-verilog/12.0/lib/ivl/v2005_math.vpi";
:vpi_module "/opt/homebrew/Cellar/icarus-verilog/12.0/lib/ivl/va_math.vpi";
:vpi_module "/opt/homebrew/Cellar/icarus-verilog/12.0/lib/ivl/v2009.vpi";
S_0x15262de10 .scope package, "$unit" "$unit" 2 1;
 .timescale 0 0;
S_0x15262e850 .scope module, "ring_manager_tb" "ring_manager_tb" 3 19;
 .timescale -9 -12;
v0x152653eb0_0 .net "buffer_empty", 0 0, v0x152652980_0;  1 drivers
v0x152652360_0 .net "busy", 0 0, L_0x152654fc0;  1 drivers
v0x152653f40_0 .var "clk", 0 0;
v0x152653fd0_0 .var "ctrl_enable", 0 0;
v0x152654060_0 .var "ctrl_reset", 0 0;
v0x152654130_0 .var "df_error", 0 0;
v0x1526541e0_0 .var "dm_done", 0 0;
v0x152654290_0 .var "error_clear", 0 0;
v0x152654340_0 .var "fetch_req_ready", 0 0;
v0x152654470_0 .net "fetch_req_valid", 0 0, v0x152653030_0;  1 drivers
v0x152654500_0 .net "head_ptr", 31 0, v0x1526530d0_0;  1 drivers
v0x152654590_0 .net "irq_empty", 0 0, L_0x1526553a0;  1 drivers
v0x152654640_0 .var "irq_en", 0 0;
v0x1526546f0_0 .net "irq_error", 0 0, L_0x152655450;  1 drivers
v0x1526547a0_0 .net "irq_status_empty", 0 0, L_0x1526551c0;  1 drivers
v0x152654850_0 .net "irq_status_error", 0 0, L_0x1526552f0;  1 drivers
v0x152654900_0 .var "reset_n", 0 0;
v0x152654ab0_0 .var "ring_base_addr", 31 0;
v0x152654b40_0 .var "ring_len", 31 0;
v0x152654bd0_0 .net "rm_df_addr", 31 0, v0x152653970_0;  1 drivers
v0x152654c60_0 .var "tail_ptr", 31 0;
v0x152654cf0_0 .var/2s "tests_passed", 31 0;
v0x152654d80_0 .var/2s "tests_run", 31 0;
S_0x15262e500 .scope task, "check" "check" 3 100, 3 100 0, S_0x15262e850;
 .timescale -9 -12;
v0x152633880_0 .var "expected_signal", 0 0;
v0x152651ea0_0 .var "signal", 0 0;
v0x152651f40_0 .var/str "test";
TD_ring_manager_tb.check ;
    %load/vec4 v0x152654d80_0;
    %addi 1, 0, 32;
    %cast2;
    %store/vec4 v0x152654d80_0, 0, 32;
    %load/vec4 v0x152651ea0_0;
    %load/vec4 v0x152633880_0;
    %cmp/e;
    %jmp/0xz  T_0.0, 6;
    %load/vec4 v0x152654cf0_0;
    %addi 1, 0, 32;
    %cast2;
    %store/vec4 v0x152654cf0_0, 0, 32;
    %vpi_call/w 3 108 "$display", "PASS: %s", v0x152651f40_0 {0 0 0};
    %jmp T_0.1;
T_0.0 ;
    %vpi_call/w 3 110 "$error", "FAIL: %s expected %0b got %0b", v0x152651f40_0, v0x152633880_0, v0x152651ea0_0 {0 0 0};
T_0.1 ;
    %end;
S_0x152651fd0 .scope module, "dut" "ring_manager" 3 65, 4 8 0, S_0x15262e850;
 .timescale 0 0;
    .port_info 0 /INPUT 1 "clk";
    .port_info 1 /INPUT 1 "reset_n";
    .port_info 2 /INPUT 1 "ctrl_enable";
    .port_info 3 /INPUT 1 "ctrl_reset";
    .port_info 4 /INPUT 32 "tail_ptr";
    .port_info 5 /INPUT 32 "ring_base_addr";
    .port_info 6 /INPUT 32 "ring_len";
    .port_info 7 /INPUT 1 "irq_en";
    .port_info 8 /INPUT 1 "error_clear";
    .port_info 9 /OUTPUT 32 "rm_df_addr";
    .port_info 10 /OUTPUT 1 "fetch_req_valid";
    .port_info 11 /INPUT 1 "fetch_req_ready";
    .port_info 12 /INPUT 1 "df_error";
    .port_info 13 /INPUT 1 "dm_done";
    .port_info 14 /OUTPUT 32 "head_ptr";
    .port_info 15 /OUTPUT 1 "busy";
    .port_info 16 /OUTPUT 1 "buffer_empty";
    .port_info 17 /OUTPUT 1 "irq_status_empty";
    .port_info 18 /OUTPUT 1 "irq_status_error";
    .port_info 19 /OUTPUT 1 "irq_empty";
    .port_info 20 /OUTPUT 1 "irq_error";
P_0x1526521a0 .param/l "DESCRIPTOR_SIZE" 1 4 57, +C4<00000000000000000000000000010000>;
P_0x1526521e0 .param/l "MAX_INFLIGHT" 0 4 9, +C4<00000000000000000000000000000100>;
L_0x1526551c0 .functor AND 1, L_0x152655120, v0x152652980_0, C4<1>, C4<1>;
L_0x1526552f0 .functor BUFZ 1, v0x152654130_0, C4<0>, C4<0>, C4<0>;
L_0x1526553a0 .functor BUFZ 1, L_0x1526551c0, C4<0>, C4<0>, C4<0>;
L_0x152655450 .functor BUFZ 1, L_0x1526552f0, C4<0>, C4<0>, C4<0>;
v0x152652700_0 .net *"_ivl_0", 31 0, L_0x152654e10;  1 drivers
L_0x158088010 .functor BUFT 1, C4<00000000000000000000000000000>, C4<0>, C4<0>, C4<0>;
v0x1526527c0_0 .net *"_ivl_3", 28 0, L_0x158088010;  1 drivers
L_0x158088058 .functor BUFT 1, C4<00000000000000000000000000000000>, C4<0>, C4<0>, C4<0>;
v0x152652860_0 .net/2u *"_ivl_4", 31 0, L_0x158088058;  1 drivers
v0x1526528f0_0 .net *"_ivl_9", 0 0, L_0x152655120;  1 drivers
v0x152652980_0 .var "buffer_empty", 0 0;
v0x152652a50_0 .net "busy", 0 0, L_0x152654fc0;  alias, 1 drivers
v0x152652ae0_0 .net "clk", 0 0, v0x152653f40_0;  1 drivers
v0x152652b70_0 .net "ctrl_enable", 0 0, v0x152653fd0_0;  1 drivers
v0x152652c10_0 .net "ctrl_reset", 0 0, v0x152654060_0;  1 drivers
v0x152652d20_0 .var "desc_complete", 0 0;
v0x152652db0_0 .net "df_error", 0 0, v0x152654130_0;  1 drivers
v0x152652e50_0 .net "dm_done", 0 0, v0x1526541e0_0;  1 drivers
v0x152652ef0_0 .net "error_clear", 0 0, v0x152654290_0;  1 drivers
v0x152652f90_0 .net "fetch_req_ready", 0 0, v0x152654340_0;  1 drivers
v0x152653030_0 .var "fetch_req_valid", 0 0;
v0x1526530d0_0 .var "head_ptr", 31 0;
v0x152653180_0 .var "head_ptr_next", 31 0;
v0x152653310_0 .var "inflight_count", 2 0;
v0x1526533a0_0 .var "inflight_count_next", 2 0;
v0x152653450_0 .net "irq_empty", 0 0, L_0x1526553a0;  alias, 1 drivers
v0x1526534f0_0 .net "irq_en", 0 0, v0x152654640_0;  1 drivers
v0x152653590_0 .net "irq_error", 0 0, L_0x152655450;  alias, 1 drivers
v0x152653630_0 .net "irq_status_empty", 0 0, L_0x1526551c0;  alias, 1 drivers
v0x1526536d0_0 .net "irq_status_error", 0 0, L_0x1526552f0;  alias, 1 drivers
v0x152653770_0 .net "reset_n", 0 0, v0x152654900_0;  1 drivers
v0x152653810_0 .net "ring_base_addr", 31 0, v0x152654ab0_0;  1 drivers
v0x1526538c0_0 .net "ring_len", 31 0, v0x152654b40_0;  1 drivers
v0x152653970_0 .var "rm_df_addr", 31 0;
v0x152653a20_0 .var "status_error", 0 0;
v0x152653ac0_0 .var "status_error_next", 0 0;
v0x152653b60_0 .net "tail_ptr", 31 0, v0x152654c60_0;  1 drivers
v0x152653c10_0 .var "was_empty", 0 0;
E_0x152652610 .event posedge, v0x152652ae0_0;
E_0x152652660/0 .event anyedge, v0x1526530d0_0, v0x152653b60_0, v0x152652b70_0, v0x1526538c0_0;
E_0x152652660/1 .event anyedge, v0x152653310_0, v0x152653a20_0, v0x152653810_0, v0x152652e50_0;
E_0x152652660/2 .event anyedge, v0x152652db0_0, v0x152652f90_0, v0x152652ef0_0;
E_0x152652660 .event/or E_0x152652660/0, E_0x152652660/1, E_0x152652660/2;
L_0x152654e10 .concat [ 3 29 0 0], v0x152653310_0, L_0x158088010;
L_0x152654fc0 .cmp/gt 32, L_0x152654e10, L_0x158088058;
L_0x152655120 .reduce/nor v0x152653c10_0;
    .scope S_0x152651fd0;
T_1 ;
Ewait_0 .event/or E_0x152652660, E_0x0;
    %wait Ewait_0;
    %load/vec4 v0x1526530d0_0;
    %load/vec4 v0x152653b60_0;
    %cmp/e;
    %flag_get/vec4 4;
    %store/vec4 v0x152652980_0, 0, 1;
    %load/vec4 v0x152652980_0;
    %nor/r;
    %flag_set/vec4 11;
    %flag_get/vec4 11;
    %jmp/0 T_1.3, 11;
    %load/vec4 v0x152652b70_0;
    %and;
T_1.3;
    %flag_set/vec4 10;
    %flag_get/vec4 10;
    %jmp/0 T_1.2, 10;
    %pushi/vec4 0, 0, 32;
    %load/vec4 v0x1526538c0_0;
    %cmp/u;
    %flag_get/vec4 5;
    %and;
T_1.2;
    %flag_set/vec4 9;
    %flag_get/vec4 9;
    %jmp/0 T_1.1, 9;
    %load/vec4 v0x152653310_0;
    %pad/u 32;
    %cmpi/u 4, 0, 32;
    %flag_get/vec4 5;
    %and;
T_1.1;
    %flag_set/vec4 8;
    %flag_get/vec4 8;
    %jmp/0 T_1.0, 8;
    %load/vec4 v0x152653a20_0;
    %nor/r;
    %and;
T_1.0;
    %store/vec4 v0x152653030_0, 0, 1;
    %load/vec4 v0x152653810_0;
    %load/vec4 v0x1526530d0_0;
    %muli 16, 0, 32;
    %add;
    %store/vec4 v0x152653970_0, 0, 32;
    %load/vec4 v0x152652e50_0;
    %flag_set/vec4 8;
    %flag_get/vec4 8;
    %jmp/1 T_1.4, 8;
    %load/vec4 v0x152652db0_0;
    %or;
T_1.4;
    %store/vec4 v0x152652d20_0, 0, 1;
    %load/vec4 v0x1526530d0_0;
    %store/vec4 v0x152653180_0, 0, 32;
    %load/vec4 v0x152652d20_0;
    %flag_set/vec4 9;
    %flag_get/vec4 9;
    %jmp/0 T_1.7, 9;
    %load/vec4 v0x152653a20_0;
    %nor/r;
    %and;
T_1.7;
    %flag_set/vec4 8;
    %jmp/0xz  T_1.5, 8;
    %load/vec4 v0x1526530d0_0;
    %load/vec4 v0x1526538c0_0;
    %subi 1, 0, 32;
    %cmp/e;
    %jmp/0xz  T_1.8, 4;
    %pushi/vec4 0, 0, 32;
    %store/vec4 v0x152653180_0, 0, 32;
    %jmp T_1.9;
T_1.8 ;
    %load/vec4 v0x1526530d0_0;
    %addi 1, 0, 32;
    %store/vec4 v0x152653180_0, 0, 32;
T_1.9 ;
T_1.5 ;
    %load/vec4 v0x152653310_0;
    %store/vec4 v0x1526533a0_0, 0, 3;
    %load/vec4 v0x152652f90_0;
    %flag_set/vec4 10;
    %flag_get/vec4 10;
    %jmp/0 T_1.13, 10;
    %load/vec4 v0x152653030_0;
    %and;
T_1.13;
    %flag_set/vec4 9;
    %flag_get/vec4 9;
    %jmp/0 T_1.12, 9;
    %load/vec4 v0x152652d20_0;
    %and;
T_1.12;
    %flag_set/vec4 8;
    %jmp/0xz  T_1.10, 8;
    %load/vec4 v0x152653310_0;
    %store/vec4 v0x1526533a0_0, 0, 3;
    %jmp T_1.11;
T_1.10 ;
    %load/vec4 v0x152652f90_0;
    %flag_set/vec4 9;
    %flag_get/vec4 9;
    %jmp/0 T_1.16, 9;
    %load/vec4 v0x152653030_0;
    %and;
T_1.16;
    %flag_set/vec4 8;
    %jmp/0xz  T_1.14, 8;
    %load/vec4 v0x152653310_0;
    %addi 1, 0, 3;
    %store/vec4 v0x1526533a0_0, 0, 3;
    %jmp T_1.15;
T_1.14 ;
    %load/vec4 v0x152652d20_0;
    %flag_set/vec4 9;
    %flag_get/vec4 9;
    %jmp/0 T_1.19, 9;
    %load/vec4 v0x152653a20_0;
    %nor/r;
    %and;
T_1.19;
    %flag_set/vec4 8;
    %jmp/0xz  T_1.17, 8;
    %load/vec4 v0x152653310_0;
    %subi 1, 0, 3;
    %store/vec4 v0x1526533a0_0, 0, 3;
T_1.17 ;
T_1.15 ;
T_1.11 ;
    %load/vec4 v0x152653a20_0;
    %store/vec4 v0x152653ac0_0, 0, 1;
    %load/vec4 v0x152652db0_0;
    %flag_set/vec4 8;
    %jmp/0xz  T_1.20, 8;
    %pushi/vec4 1, 0, 1;
    %store/vec4 v0x152653ac0_0, 0, 1;
T_1.20 ;
    %load/vec4 v0x152652ef0_0;
    %flag_set/vec4 8;
    %jmp/0xz  T_1.22, 8;
    %pushi/vec4 0, 0, 1;
    %store/vec4 v0x152653ac0_0, 0, 1;
T_1.22 ;
    %jmp T_1;
    .thread T_1, $push;
    .scope S_0x152651fd0;
T_2 ;
    %wait E_0x152652610;
    %load/vec4 v0x152653770_0;
    %nor/r;
    %flag_set/vec4 8;
    %jmp/1 T_2.2, 8;
    %load/vec4 v0x152652c10_0;
    %flag_set/vec4 9;
    %flag_or 8, 9;
T_2.2;
    %jmp/0xz  T_2.0, 8;
    %pushi/vec4 0, 0, 32;
    %assign/vec4 v0x1526530d0_0, 0;
    %pushi/vec4 0, 0, 3;
    %assign/vec4 v0x152653310_0, 0;
    %pushi/vec4 1, 0, 1;
    %assign/vec4 v0x152653c10_0, 0;
    %pushi/vec4 0, 0, 1;
    %assign/vec4 v0x152653a20_0, 0;
    %jmp T_2.1;
T_2.0 ;
    %load/vec4 v0x152653180_0;
    %assign/vec4 v0x1526530d0_0, 0;
    %load/vec4 v0x1526533a0_0;
    %assign/vec4 v0x152653310_0, 0;
    %load/vec4 v0x152652980_0;
    %assign/vec4 v0x152653c10_0, 0;
    %load/vec4 v0x152653ac0_0;
    %assign/vec4 v0x152653a20_0, 0;
T_2.1 ;
    %jmp T_2;
    .thread T_2;
    .scope S_0x15262e850;
T_3 ;
    %pushi/vec4 0, 0, 1;
    %store/vec4 v0x152653f40_0, 0, 1;
    %end;
    .thread T_3;
    .scope S_0x15262e850;
T_4 ;
    %delay 5000, 0;
    %load/vec4 v0x152653f40_0;
    %inv;
    %store/vec4 v0x152653f40_0, 0, 1;
    %jmp T_4;
    .thread T_4;
    .scope S_0x15262e850;
T_5 ;
    %vpi_call/w 3 121 "$dumpfile", "sim.vcd" {0 0 0};
    %vpi_call/w 3 122 "$dumpvars", 32'sb00000000000000000000000000000000, S_0x15262e850 {0 0 0};
    %pushi/vec4 0, 0, 1;
    %store/vec4 v0x152654900_0, 0, 1;
    %pushi/vec4 0, 0, 1;
    %store/vec4 v0x152653fd0_0, 0, 1;
    %pushi/vec4 0, 0, 1;
    %store/vec4 v0x152654060_0, 0, 1;
    %pushi/vec4 0, 0, 32;
    %store/vec4 v0x152654c60_0, 0, 32;
    %pushi/vec4 0, 0, 32;
    %store/vec4 v0x152654ab0_0, 0, 32;
    %pushi/vec4 0, 0, 32;
    %store/vec4 v0x152654b40_0, 0, 32;
    %pushi/vec4 0, 0, 1;
    %store/vec4 v0x152654640_0, 0, 1;
    %pushi/vec4 0, 0, 1;
    %store/vec4 v0x152654290_0, 0, 1;
    %pushi/vec4 0, 0, 1;
    %store/vec4 v0x152654340_0, 0, 1;
    %pushi/vec4 0, 0, 1;
    %store/vec4 v0x1526541e0_0, 0, 1;
    %pushi/vec4 0, 0, 1;
    %store/vec4 v0x152654130_0, 0, 1;
    %pushi/vec4 0, 0, 32;
    %store/vec4 v0x152654cf0_0, 0, 32;
    %pushi/vec4 0, 0, 32;
    %store/vec4 v0x152654d80_0, 0, 32;
    %vpi_call/w 3 141 "$display", "--- Test 1: Reset ---" {0 0 0};
    %pushi/vec4 0, 0, 1;
    %store/vec4 v0x152654900_0, 0, 1;
    %delay 20000, 0;
    %pushi/vec4 1, 0, 1;
    %store/vec4 v0x152654900_0, 0, 1;
    %wait E_0x152652610;
    %delay 1000, 0;
    %load/vec4 v0x152653eb0_0;
    %store/vec4 v0x152651ea0_0, 0, 1;
    %pushi/vec4 1, 0, 1;
    %store/vec4 v0x152633880_0, 0, 1;
    %pushi/str "buffer_empty - Test 1";
    %store/str v0x152651f40_0;
    %fork TD_ring_manager_tb.check, S_0x15262e500;
    %join;
    %load/vec4 v0x152654470_0;
    %store/vec4 v0x152651ea0_0, 0, 1;
    %pushi/vec4 0, 0, 1;
    %store/vec4 v0x152633880_0, 0, 1;
    %pushi/str "fetch_req_valid - Test 1";
    %store/str v0x152651f40_0;
    %fork TD_ring_manager_tb.check, S_0x15262e500;
    %join;
    %load/vec4 v0x1526547a0_0;
    %store/vec4 v0x152651ea0_0, 0, 1;
    %pushi/vec4 0, 0, 1;
    %store/vec4 v0x152633880_0, 0, 1;
    %pushi/str "irq_status_empty - Test 1";
    %store/str v0x152651f40_0;
    %fork TD_ring_manager_tb.check, S_0x15262e500;
    %join;
    %load/vec4 v0x152654850_0;
    %store/vec4 v0x152651ea0_0, 0, 1;
    %pushi/vec4 0, 0, 1;
    %store/vec4 v0x152633880_0, 0, 1;
    %pushi/str "irq_status_error - Test 1";
    %store/str v0x152651f40_0;
    %fork TD_ring_manager_tb.check, S_0x15262e500;
    %join;
    %load/vec4 v0x152654590_0;
    %store/vec4 v0x152651ea0_0, 0, 1;
    %pushi/vec4 0, 0, 1;
    %store/vec4 v0x152633880_0, 0, 1;
    %pushi/str "irq_empty - Test 1";
    %store/str v0x152651f40_0;
    %fork TD_ring_manager_tb.check, S_0x15262e500;
    %join;
    %load/vec4 v0x1526546f0_0;
    %store/vec4 v0x152651ea0_0, 0, 1;
    %pushi/vec4 0, 0, 1;
    %store/vec4 v0x152633880_0, 0, 1;
    %pushi/str "irq_error - Test 1";
    %store/str v0x152651f40_0;
    %fork TD_ring_manager_tb.check, S_0x15262e500;
    %join;
    %load/vec4 v0x152652360_0;
    %store/vec4 v0x152651ea0_0, 0, 1;
    %pushi/vec4 0, 0, 1;
    %store/vec4 v0x152633880_0, 0, 1;
    %pushi/str "busy - Test 1";
    %store/str v0x152651f40_0;
    %fork TD_ring_manager_tb.check, S_0x15262e500;
    %join;
    %vpi_call/w 3 161 "$display", "--- Test 2: Normal Operation ---" {0 0 0};
    %pushi/vec4 1, 0, 1;
    %store/vec4 v0x152653fd0_0, 0, 1;
    %pushi/vec4 2684354560, 0, 32;
    %store/vec4 v0x152654ab0_0, 0, 32;
    %pushi/vec4 4, 0, 32;
    %store/vec4 v0x152654b40_0, 0, 32;
    %pushi/vec4 1, 0, 32;
    %store/vec4 v0x152654c60_0, 0, 32;
    %pushi/vec4 1, 0, 1;
    %store/vec4 v0x152654340_0, 0, 1;
    %pushi/vec4 1, 0, 1;
    %store/vec4 v0x152654640_0, 0, 1;
    %wait E_0x152652610;
    %delay 1000, 0;
    %load/vec4 v0x152653eb0_0;
    %store/vec4 v0x152651ea0_0, 0, 1;
    %pushi/vec4 0, 0, 1;
    %store/vec4 v0x152633880_0, 0, 1;
    %pushi/str "buffer_empty LOW - Test 2 step 1";
    %store/str v0x152651f40_0;
    %fork TD_ring_manager_tb.check, S_0x15262e500;
    %join;
    %load/vec4 v0x152654470_0;
    %store/vec4 v0x152651ea0_0, 0, 1;
    %pushi/vec4 1, 0, 1;
    %store/vec4 v0x152633880_0, 0, 1;
    %pushi/str "fetch_req_valid HIGH - Test 2 step 1";
    %store/str v0x152651f40_0;
    %fork TD_ring_manager_tb.check, S_0x15262e500;
    %join;
    %load/vec4 v0x152654bd0_0;
    %pad/u 1;
    %store/vec4 v0x152651ea0_0, 0, 1;
    %pushi/vec4 0, 0, 1;
    %store/vec4 v0x152633880_0, 0, 1;
    %pushi/str "rm_df_addr - Test 2 step 1";
    %store/str v0x152651f40_0;
    %fork TD_ring_manager_tb.check, S_0x15262e500;
    %join;
    %pushi/vec4 1, 0, 1;
    %store/vec4 v0x1526541e0_0, 0, 1;
    %wait E_0x152652610;
    %delay 1000, 0;
    %load/vec4 v0x152653eb0_0;
    %store/vec4 v0x152651ea0_0, 0, 1;
    %pushi/vec4 1, 0, 1;
    %store/vec4 v0x152633880_0, 0, 1;
    %pushi/str "buffer_empty HIGH - Test 2 step 2";
    %store/str v0x152651f40_0;
    %fork TD_ring_manager_tb.check, S_0x15262e500;
    %join;
    %load/vec4 v0x1526547a0_0;
    %store/vec4 v0x152651ea0_0, 0, 1;
    %pushi/vec4 1, 0, 1;
    %store/vec4 v0x152633880_0, 0, 1;
    %pushi/str "irq_status_empty HIGH - Test 2 step 2";
    %store/str v0x152651f40_0;
    %fork TD_ring_manager_tb.check, S_0x15262e500;
    %join;
    %load/vec4 v0x152654590_0;
    %store/vec4 v0x152651ea0_0, 0, 1;
    %pushi/vec4 1, 0, 1;
    %store/vec4 v0x152633880_0, 0, 1;
    %pushi/str "irq_empty HIGH - Test 2 step 2";
    %store/str v0x152651f40_0;
    %fork TD_ring_manager_tb.check, S_0x15262e500;
    %join;
    %pushi/vec4 0, 0, 1;
    %store/vec4 v0x1526541e0_0, 0, 1;
    %wait E_0x152652610;
    %delay 1000, 0;
    %load/vec4 v0x152654590_0;
    %store/vec4 v0x152651ea0_0, 0, 1;
    %pushi/vec4 0, 0, 1;
    %store/vec4 v0x152633880_0, 0, 1;
    %pushi/str "irq_empty LOW - Test 2 step 3";
    %store/str v0x152651f40_0;
    %fork TD_ring_manager_tb.check, S_0x15262e500;
    %join;
    %load/vec4 v0x1526547a0_0;
    %store/vec4 v0x152651ea0_0, 0, 1;
    %pushi/vec4 0, 0, 1;
    %store/vec4 v0x152633880_0, 0, 1;
    %pushi/str "irq_status_empty LOW - Test 2 step 3";
    %store/str v0x152651f40_0;
    %fork TD_ring_manager_tb.check, S_0x15262e500;
    %join;
    %pushi/vec4 0, 0, 1;
    %store/vec4 v0x152654900_0, 0, 1;
    %delay 20000, 0;
    %pushi/vec4 1, 0, 1;
    %store/vec4 v0x152654900_0, 0, 1;
    %pushi/vec4 1, 0, 1;
    %store/vec4 v0x152653fd0_0, 0, 1;
    %pushi/vec4 2684354560, 0, 32;
    %store/vec4 v0x152654ab0_0, 0, 32;
    %pushi/vec4 1, 0, 1;
    %store/vec4 v0x152654340_0, 0, 1;
    %pushi/vec4 3, 0, 32;
    %store/vec4 v0x152654b40_0, 0, 32;
    %pushi/vec4 2, 0, 32;
    %store/vec4 v0x152654c60_0, 0, 32;
    %wait E_0x152652610;
    %delay 1000, 0;
    %load/vec4 v0x152653eb0_0;
    %store/vec4 v0x152651ea0_0, 0, 1;
    %pushi/vec4 0, 0, 1;
    %store/vec4 v0x152633880_0, 0, 1;
    %pushi/str "buffer_empty LOW - Test 3 step 1";
    %store/str v0x152651f40_0;
    %fork TD_ring_manager_tb.check, S_0x15262e500;
    %join;
    %pushi/vec4 1, 0, 1;
    %store/vec4 v0x1526541e0_0, 0, 1;
    %wait E_0x152652610;
    %delay 1000, 0;
    %pushi/vec4 0, 0, 1;
    %store/vec4 v0x1526541e0_0, 0, 1;
    %wait E_0x152652610;
    %delay 1000, 0;
    %load/vec4 v0x152654bd0_0;
    %pad/u 1;
    %store/vec4 v0x152651ea0_0, 0, 1;
    %pushi/vec4 0, 0, 1;
    %store/vec4 v0x152633880_0, 0, 1;
    %pushi/str "rm_df_addr - Test 3 Step 2";
    %store/str v0x152651f40_0;
    %fork TD_ring_manager_tb.check, S_0x15262e500;
    %join;
    %load/vec4 v0x152653eb0_0;
    %store/vec4 v0x152651ea0_0, 0, 1;
    %pushi/vec4 0, 0, 1;
    %store/vec4 v0x152633880_0, 0, 1;
    %pushi/str "buffer_empty LOW - Test 3 Step 2";
    %store/str v0x152651f40_0;
    %fork TD_ring_manager_tb.check, S_0x15262e500;
    %join;
    %pushi/vec4 1, 0, 1;
    %store/vec4 v0x1526541e0_0, 0, 1;
    %wait E_0x152652610;
    %delay 1000, 0;
    %pushi/vec4 0, 0, 1;
    %store/vec4 v0x1526541e0_0, 0, 1;
    %wait E_0x152652610;
    %delay 1000, 0;
    %load/vec4 v0x152653eb0_0;
    %store/vec4 v0x152651ea0_0, 0, 1;
    %pushi/vec4 1, 0, 1;
    %store/vec4 v0x152633880_0, 0, 1;
    %pushi/str "buffer_empty HIGH - Test 3 step 2";
    %store/str v0x152651f40_0;
    %fork TD_ring_manager_tb.check, S_0x15262e500;
    %join;
    %pushi/vec4 0, 0, 32;
    %store/vec4 v0x152654c60_0, 0, 32;
    %wait E_0x152652610;
    %delay 1000, 0;
    %load/vec4 v0x152653eb0_0;
    %store/vec4 v0x152651ea0_0, 0, 1;
    %pushi/vec4 0, 0, 1;
    %store/vec4 v0x152633880_0, 0, 1;
    %pushi/str "buffer_empty LOW - Test 3 step 3";
    %store/str v0x152651f40_0;
    %fork TD_ring_manager_tb.check, S_0x15262e500;
    %join;
    %pushi/vec4 1, 0, 1;
    %store/vec4 v0x1526541e0_0, 0, 1;
    %wait E_0x152652610;
    %delay 1000, 0;
    %load/vec4 v0x152654590_0;
    %store/vec4 v0x152651ea0_0, 0, 1;
    %pushi/vec4 1, 0, 1;
    %store/vec4 v0x152633880_0, 0, 1;
    %pushi/str "irq_empty HIGH - Test 3 step 3";
    %store/str v0x152651f40_0;
    %fork TD_ring_manager_tb.check, S_0x15262e500;
    %join;
    %pushi/vec4 0, 0, 1;
    %store/vec4 v0x1526541e0_0, 0, 1;
    %wait E_0x152652610;
    %delay 1000, 0;
    %load/vec4 v0x152654bd0_0;
    %pad/u 1;
    %store/vec4 v0x152651ea0_0, 0, 1;
    %pushi/vec4 0, 0, 1;
    %store/vec4 v0x152633880_0, 0, 1;
    %pushi/str "rm_df_addr - Test 3 step 3";
    %store/str v0x152651f40_0;
    %fork TD_ring_manager_tb.check, S_0x15262e500;
    %join;
    %load/vec4 v0x152653eb0_0;
    %store/vec4 v0x152651ea0_0, 0, 1;
    %pushi/vec4 1, 0, 1;
    %store/vec4 v0x152633880_0, 0, 1;
    %pushi/str "buffer_empty HIGH - Test 3 step 3";
    %store/str v0x152651f40_0;
    %fork TD_ring_manager_tb.check, S_0x15262e500;
    %join;
    %vpi_call/w 3 251 "$display", "--- Test 4: Backpressure ---" {0 0 0};
    %pushi/vec4 0, 0, 1;
    %store/vec4 v0x152654900_0, 0, 1;
    %delay 20000, 0;
    %pushi/vec4 1, 0, 1;
    %store/vec4 v0x152654900_0, 0, 1;
    %wait E_0x152652610;
    %delay 1000, 0;
    %pushi/vec4 1, 0, 1;
    %store/vec4 v0x152653fd0_0, 0, 1;
    %pushi/vec4 2684354560, 0, 32;
    %store/vec4 v0x152654ab0_0, 0, 32;
    %pushi/vec4 3, 0, 32;
    %store/vec4 v0x152654b40_0, 0, 32;
    %pushi/vec4 1, 0, 32;
    %store/vec4 v0x152654c60_0, 0, 32;
    %pushi/vec4 0, 0, 1;
    %store/vec4 v0x152654340_0, 0, 1;
    %wait E_0x152652610;
    %delay 1000, 0;
    %load/vec4 v0x152654470_0;
    %store/vec4 v0x152651ea0_0, 0, 1;
    %pushi/vec4 1, 0, 1;
    %store/vec4 v0x152633880_0, 0, 1;
    %pushi/str "fetch_req_valid - Test 4 step 2";
    %store/str v0x152651f40_0;
    %fork TD_ring_manager_tb.check, S_0x15262e500;
    %join;
    %load/vec4 v0x152654bd0_0;
    %pad/u 1;
    %store/vec4 v0x152651ea0_0, 0, 1;
    %pushi/vec4 0, 0, 1;
    %store/vec4 v0x152633880_0, 0, 1;
    %pushi/str "rm_df_addr - Test 4 step 2";
    %store/str v0x152651f40_0;
    %fork TD_ring_manager_tb.check, S_0x15262e500;
    %join;
    %load/vec4 v0x152653eb0_0;
    %store/vec4 v0x152651ea0_0, 0, 1;
    %pushi/vec4 0, 0, 1;
    %store/vec4 v0x152633880_0, 0, 1;
    %pushi/str "buffer_empty LOW - Test 4 step 2";
    %store/str v0x152651f40_0;
    %fork TD_ring_manager_tb.check, S_0x15262e500;
    %join;
    %vpi_call/w 3 279 "$display", "--- Test 5: In-flight limit ---" {0 0 0};
    %pushi/vec4 0, 0, 1;
    %store/vec4 v0x152654900_0, 0, 1;
    %delay 20000, 0;
    %pushi/vec4 1, 0, 1;
    %store/vec4 v0x152654900_0, 0, 1;
    %wait E_0x152652610;
    %delay 1000, 0;
    %pushi/vec4 1, 0, 1;
    %store/vec4 v0x152653fd0_0, 0, 1;
    %pushi/vec4 2684354560, 0, 32;
    %store/vec4 v0x152654ab0_0, 0, 32;
    %pushi/vec4 6, 0, 32;
    %store/vec4 v0x152654b40_0, 0, 32;
    %pushi/vec4 5, 0, 32;
    %store/vec4 v0x152654c60_0, 0, 32;
    %pushi/vec4 1, 0, 1;
    %store/vec4 v0x152654340_0, 0, 1;
    %wait E_0x152652610;
    %delay 1000, 0;
    %load/vec4 v0x152654470_0;
    %store/vec4 v0x152651ea0_0, 0, 1;
    %pushi/vec4 1, 0, 1;
    %store/vec4 v0x152633880_0, 0, 1;
    %pushi/str "fetch_req_valid: 1 in-flight - Test 5 step 2";
    %store/str v0x152651f40_0;
    %fork TD_ring_manager_tb.check, S_0x15262e500;
    %join;
    %wait E_0x152652610;
    %delay 1000, 0;
    %load/vec4 v0x152654470_0;
    %store/vec4 v0x152651ea0_0, 0, 1;
    %pushi/vec4 1, 0, 1;
    %store/vec4 v0x152633880_0, 0, 1;
    %pushi/str "fetch_req_valid: 2 in-flight - Test 5 step 2";
    %store/str v0x152651f40_0;
    %fork TD_ring_manager_tb.check, S_0x15262e500;
    %join;
    %wait E_0x152652610;
    %delay 1000, 0;
    %load/vec4 v0x152654470_0;
    %store/vec4 v0x152651ea0_0, 0, 1;
    %pushi/vec4 1, 0, 1;
    %store/vec4 v0x152633880_0, 0, 1;
    %pushi/str "fetch_req_valid 3 in-flight - Test 5 step 2";
    %store/str v0x152651f40_0;
    %fork TD_ring_manager_tb.check, S_0x15262e500;
    %join;
    %wait E_0x152652610;
    %delay 1000, 0;
    %load/vec4 v0x152654470_0;
    %store/vec4 v0x152651ea0_0, 0, 1;
    %pushi/vec4 0, 0, 1;
    %store/vec4 v0x152633880_0, 0, 1;
    %pushi/str "fetch_req_valid MAX in-flight - Test 5 step 2";
    %store/str v0x152651f40_0;
    %fork TD_ring_manager_tb.check, S_0x15262e500;
    %join;
    %load/vec4 v0x152653eb0_0;
    %store/vec4 v0x152651ea0_0, 0, 1;
    %pushi/vec4 0, 0, 1;
    %store/vec4 v0x152633880_0, 0, 1;
    %pushi/str "buffer_empty LOW - Test 5 step 2";
    %store/str v0x152651f40_0;
    %fork TD_ring_manager_tb.check, S_0x15262e500;
    %join;
    %vpi_call/w 3 318 "$display", "--- Test 6: Error ---" {0 0 0};
    %pushi/vec4 0, 0, 1;
    %store/vec4 v0x152654900_0, 0, 1;
    %delay 20000, 0;
    %pushi/vec4 1, 0, 1;
    %store/vec4 v0x152654900_0, 0, 1;
    %wait E_0x152652610;
    %delay 1000, 0;
    %pushi/vec4 1, 0, 1;
    %store/vec4 v0x152653fd0_0, 0, 1;
    %pushi/vec4 2684354560, 0, 32;
    %store/vec4 v0x152654ab0_0, 0, 32;
    %pushi/vec4 4, 0, 32;
    %store/vec4 v0x152654b40_0, 0, 32;
    %pushi/vec4 1, 0, 32;
    %store/vec4 v0x152654c60_0, 0, 32;
    %pushi/vec4 1, 0, 1;
    %store/vec4 v0x152654340_0, 0, 1;
    %pushi/vec4 1, 0, 1;
    %store/vec4 v0x152654640_0, 0, 1;
    %pushi/vec4 1, 0, 1;
    %store/vec4 v0x152654130_0, 0, 1;
    %wait E_0x152652610;
    %delay 1000, 0;
    %load/vec4 v0x1526546f0_0;
    %store/vec4 v0x152651ea0_0, 0, 1;
    %pushi/vec4 1, 0, 1;
    %store/vec4 v0x152633880_0, 0, 1;
    %pushi/str "irq_error HIGH - Test 6 step 1";
    %store/str v0x152651f40_0;
    %fork TD_ring_manager_tb.check, S_0x15262e500;
    %join;
    %load/vec4 v0x152654850_0;
    %store/vec4 v0x152651ea0_0, 0, 1;
    %pushi/vec4 1, 0, 1;
    %store/vec4 v0x152633880_0, 0, 1;
    %pushi/str "irq_status_error HIGH - Test 6 step 1";
    %store/str v0x152651f40_0;
    %fork TD_ring_manager_tb.check, S_0x15262e500;
    %join;
    %pushi/vec4 0, 0, 1;
    %store/vec4 v0x152654130_0, 0, 1;
    %wait E_0x152652610;
    %delay 1000, 0;
    %load/vec4 v0x1526546f0_0;
    %store/vec4 v0x152651ea0_0, 0, 1;
    %pushi/vec4 0, 0, 1;
    %store/vec4 v0x152633880_0, 0, 1;
    %pushi/str "irq_error LOW - Test 6 step 2";
    %store/str v0x152651f40_0;
    %fork TD_ring_manager_tb.check, S_0x15262e500;
    %join;
    %load/vec4 v0x152654850_0;
    %store/vec4 v0x152651ea0_0, 0, 1;
    %pushi/vec4 0, 0, 1;
    %store/vec4 v0x152633880_0, 0, 1;
    %pushi/str "irq_status_error LOW - Test 6 step 2";
    %store/str v0x152651f40_0;
    %fork TD_ring_manager_tb.check, S_0x15262e500;
    %join;
    %load/vec4 v0x152654470_0;
    %store/vec4 v0x152651ea0_0, 0, 1;
    %pushi/vec4 0, 0, 1;
    %store/vec4 v0x152633880_0, 0, 1;
    %pushi/str "fetch_req_valid LOW - internal error sticky - Test 6 step 3";
    %store/str v0x152651f40_0;
    %fork TD_ring_manager_tb.check, S_0x15262e500;
    %join;
    %vpi_call/w 3 351 "$display", "-------------------------------" {0 0 0};
    %vpi_call/w 3 352 "$display", "%0d / %0d tests passed", v0x152654cf0_0, v0x152654d80_0 {0 0 0};
    %vpi_call/w 3 353 "$display", "-------------------------------" {0 0 0};
    %vpi_call/w 3 354 "$finish" {0 0 0};
    %end;
    .thread T_5;
# The file index is used to find the file name in the following table.
:file_names 5;
    "N/A";
    "<interactive>";
    "-";
    "rtl/ring_manager_tb.sv";
    "rtl/ring_manager.sv";
