
*** Running vivado
    with args -log design_1_mdm_1_0.vds -m64 -product Vivado -mode batch -messageDb vivado.pb -notrace -source design_1_mdm_1_0.tcl



****** Vivado v2025.2 (64-bit)
  **** SW Build 6299465 on Fri Nov 14 19:35:11 GMT 2025
  **** IP Build 6300035 on Fri Nov 14 10:48:45 MST 2025
  **** SharedData Build 6298862 on Thu Nov 13 04:50:51 MST 2025
  **** Start of session at: Mon May  4 10:52:03 2026
    ** Copyright 1986-2022 Xilinx, Inc. All Rights Reserved.
    ** Copyright 2022-2025 Advanced Micro Devices, Inc. All Rights Reserved.

source design_1_mdm_1_0.tcl -notrace
create_project: Time (s): cpu = 00:00:24 ; elapsed = 00:00:23 . Memory (MB): peak = 528.617 ; gain = 220.723
INFO: [IP_Flow 19-234] Refreshing IP repositories
INFO: [IP_Flow 19-1700] Loaded user IP repository 'c:/Users/laptop/Desktop/NEW DMA IP'.
INFO: [IP_Flow 19-2313] Loaded Vivado IP repository 'C:/AMDDesignTools/2025.2/Vivado/data/ip'.
Command: synth_design -top design_1_mdm_1_0 -part xc7a100tcsg324-1 -incremental_mode off -mode out_of_context
Starting synth_design
Attempting to get a license for feature 'Synthesis' and/or device 'xc7a100t'
INFO: [Common 17-349] Got license for feature 'Synthesis' and/or device 'xc7a100t'
INFO: [Device 21-403] Loading part xc7a100tcsg324-1
INFO: [Synth 8-7079] Multithreading enabled for synth_design using a maximum of 2 processes.
INFO: [Synth 8-7078] Launching helper process for spawning children vivado processes
INFO: [Synth 8-7075] Helper process launched with PID 26240
---------------------------------------------------------------------------------
Starting RTL Elaboration : Time (s): cpu = 00:00:14 ; elapsed = 00:00:16 . Memory (MB): peak = 1294.727 ; gain = 540.344
---------------------------------------------------------------------------------
INFO: [Synth 8-638] synthesizing module 'design_1_mdm_1_0' [c:/Users/laptop/Desktop/DMA/DMA.gen/sources_1/bd/design_1/ip/design_1_mdm_1_0/synth/design_1_mdm_1_0.vhd:74]
	Parameter C_FAMILY bound to: artix7 - type: string 
	Parameter C_DEVICE bound to: xc7a100t - type: string 
	Parameter C_JTAG_CHAIN bound to: 2 - type: integer 
	Parameter C_USE_BSCAN bound to: 0 - type: integer 
	Parameter C_BSCANID bound to: 76547328 - type: integer 
	Parameter C_DEBUG_INTERFACE bound to: 0 - type: integer 
	Parameter C_USE_CONFIG_RESET bound to: 0 - type: integer 
	Parameter C_AVOID_PRIMITIVES bound to: 0 - type: integer 
	Parameter C_INTERCONNECT bound to: 2 - type: integer 
	Parameter C_MB_DBG_PORTS bound to: 1 - type: integer 
	Parameter C_USE_UART bound to: 0 - type: integer 
	Parameter C_DBG_REG_ACCESS bound to: 0 - type: integer 
	Parameter C_DBG_MEM_ACCESS bound to: 0 - type: integer 
	Parameter C_USE_CROSS_TRIGGER bound to: 0 - type: integer 
	Parameter C_EXT_TRIG_RESET_VALUE bound to: 20'b11110001001000110100 
	Parameter C_TRACE_OUTPUT bound to: 0 - type: integer 
	Parameter C_TRACE_DATA_WIDTH bound to: 32 - type: integer 
	Parameter C_TRACE_CLK_FREQ_HZ bound to: 200000000 - type: integer 
	Parameter C_TRACE_CLK_OUT_PHASE bound to: 90 - type: integer 
	Parameter C_TRACE_ASYNC_RESET bound to: 0 - type: integer 
	Parameter C_TRACE_PROTOCOL bound to: 1 - type: integer 
	Parameter C_TRACE_ID bound to: 110 - type: integer 
	Parameter C_S_AXI_ADDR_WIDTH bound to: 4 - type: integer 
	Parameter C_S_AXI_DATA_WIDTH bound to: 32 - type: integer 
	Parameter C_S_AXI_ACLK_FREQ_HZ bound to: 100000000 - type: integer 
	Parameter C_M_AXI_ADDR_WIDTH bound to: 32 - type: integer 
	Parameter C_M_AXI_DATA_WIDTH bound to: 32 - type: integer 
	Parameter C_M_AXI_THREAD_ID_WIDTH bound to: 1 - type: integer 
	Parameter C_ADDR_SIZE bound to: 32 - type: integer 
	Parameter C_DATA_SIZE bound to: 32 - type: integer 
	Parameter C_LMB_PROTOCOL bound to: 0 - type: integer 
	Parameter C_M_AXIS_DATA_WIDTH bound to: 32 - type: integer 
	Parameter C_M_AXIS_ID_WIDTH bound to: 7 - type: integer 
INFO: [Synth 8-3491] module 'MDM' declared at 'c:/Users/laptop/Desktop/DMA/DMA.gen/sources_1/bd/design_1/ipshared/1dd0/hdl/mdm_v3_2_vh_rfs.vhd:12696' bound to instance 'U0' of component 'MDM' [c:/Users/laptop/Desktop/DMA/DMA.gen/sources_1/bd/design_1/ip/design_1_mdm_1_0/synth/design_1_mdm_1_0.vhd:1659]
INFO: [Synth 8-638] synthesizing module 'MDM' [c:/Users/laptop/Desktop/DMA/DMA.gen/sources_1/bd/design_1/ipshared/1dd0/hdl/mdm_v3_2_vh_rfs.vhd:14379]
	Parameter C_TARGET bound to: 2 - type: integer 
	Parameter DISABLE_JTAG bound to: FALSE - type: string 
	Parameter JTAG_CHAIN bound to: 2 - type: integer 
INFO: [Synth 8-3491] module 'MB_BSCANE2' declared at 'c:/Users/laptop/Desktop/DMA/DMA.gen/sources_1/bd/design_1/ipshared/1dd0/hdl/mdm_v3_2_vh_rfs.vhd:330' bound to instance 'BSCAN_I' of component 'MB_BSCANE2' [c:/Users/laptop/Desktop/DMA/DMA.gen/sources_1/bd/design_1/ipshared/1dd0/hdl/mdm_v3_2_vh_rfs.vhd:15995]
INFO: [Synth 8-638] synthesizing module 'MB_BSCANE2' [c:/Users/laptop/Desktop/DMA/DMA.gen/sources_1/bd/design_1/ipshared/1dd0/hdl/mdm_v3_2_vh_rfs.vhd:354]
	Parameter DISABLE_JTAG bound to: FALSE - type: string 
	Parameter JTAG_CHAIN bound to: 2 - type: integer 
INFO: [Synth 8-113] binding component instance 'BSCANE2_I' to cell 'BSCANE2' [c:/Users/laptop/Desktop/DMA/DMA.gen/sources_1/bd/design_1/ipshared/1dd0/hdl/mdm_v3_2_vh_rfs.vhd:364]
INFO: [Synth 8-256] done synthesizing module 'MB_BSCANE2' (0#1) [c:/Users/laptop/Desktop/DMA/DMA.gen/sources_1/bd/design_1/ipshared/1dd0/hdl/mdm_v3_2_vh_rfs.vhd:354]
	Parameter C_TARGET bound to: 2 - type: integer 
	Parameter INIT bound to: 2'b10 
INFO: [Synth 8-3491] module 'MB_LUT1' declared at 'c:/Users/laptop/Desktop/DMA/DMA.gen/sources_1/bd/design_1/ipshared/1dd0/hdl/mdm_v3_2_vh_rfs.vhd:1555' bound to instance 'LUT1_I' of component 'MB_LUT1' [c:/Users/laptop/Desktop/DMA/DMA.gen/sources_1/bd/design_1/ipshared/1dd0/hdl/mdm_v3_2_vh_rfs.vhd:16013]
INFO: [Synth 8-638] synthesizing module 'MB_LUT1' [c:/Users/laptop/Desktop/DMA/DMA.gen/sources_1/bd/design_1/ipshared/1dd0/hdl/mdm_v3_2_vh_rfs.vhd:1569]
	Parameter INIT bound to: 2'b10 
INFO: [Synth 8-113] binding component instance 'Native' to cell 'LUT1' [c:/Users/laptop/Desktop/DMA/DMA.gen/sources_1/bd/design_1/ipshared/1dd0/hdl/mdm_v3_2_vh_rfs.vhd:1591]
INFO: [Synth 8-256] done synthesizing module 'MB_LUT1' (0#1) [c:/Users/laptop/Desktop/DMA/DMA.gen/sources_1/bd/design_1/ipshared/1dd0/hdl/mdm_v3_2_vh_rfs.vhd:1569]
	Parameter C_TARGET bound to: 2 - type: integer 
INFO: [Synth 8-3491] module 'MB_BUFG' declared at 'c:/Users/laptop/Desktop/DMA/DMA.gen/sources_1/bd/design_1/ipshared/1dd0/hdl/mdm_v3_2_vh_rfs.vhd:392' bound to instance 'BUFG_DRCK' of component 'MB_BUFG' [c:/Users/laptop/Desktop/DMA/DMA.gen/sources_1/bd/design_1/ipshared/1dd0/hdl/mdm_v3_2_vh_rfs.vhd:16272]
INFO: [Synth 8-638] synthesizing module 'MB_BUFG' [c:/Users/laptop/Desktop/DMA/DMA.gen/sources_1/bd/design_1/ipshared/1dd0/hdl/mdm_v3_2_vh_rfs.vhd:405]
INFO: [Synth 8-113] binding component instance 'Native' to cell 'BUFG' [c:/Users/laptop/Desktop/DMA/DMA.gen/sources_1/bd/design_1/ipshared/1dd0/hdl/mdm_v3_2_vh_rfs.vhd:415]
INFO: [Synth 8-256] done synthesizing module 'MB_BUFG' (0#1) [c:/Users/laptop/Desktop/DMA/DMA.gen/sources_1/bd/design_1/ipshared/1dd0/hdl/mdm_v3_2_vh_rfs.vhd:405]
	Parameter C_TARGET bound to: 2 - type: integer 
	Parameter C_JTAG_CHAIN bound to: 2 - type: integer 
	Parameter C_USE_BSCAN bound to: 0 - type: integer 
	Parameter C_USE_CONFIG_RESET bound to: 0 - type: integer 
	Parameter C_USE_SRL16 bound to: yes - type: string 
	Parameter C_DEBUG_INTERFACE bound to: 0 - type: integer 
	Parameter C_MB_DBG_PORTS bound to: 1 - type: integer 
	Parameter C_EN_WIDTH bound to: 1 - type: integer 
	Parameter C_DBG_REG_ACCESS bound to: 0 - type: integer 
	Parameter C_REG_NUM_CE bound to: 4 - type: integer 
	Parameter C_REG_DATA_WIDTH bound to: 8 - type: integer 
	Parameter C_DBG_MEM_ACCESS bound to: 0 - type: integer 
	Parameter C_S_AXI_ADDR_WIDTH bound to: 4 - type: integer 
	Parameter C_S_AXI_ACLK_FREQ_HZ bound to: 100000000 - type: integer 
	Parameter C_M_AXI_ADDR_WIDTH bound to: 32 - type: integer 
	Parameter C_M_AXI_DATA_WIDTH bound to: 32 - type: integer 
	Parameter C_USE_CROSS_TRIGGER bound to: 0 - type: integer 
	Parameter C_EXT_TRIG_RESET_VALUE bound to: 20'b11110001001000110100 
	Parameter C_USE_UART bound to: 0 - type: integer 
	Parameter C_UART_WIDTH bound to: 8 - type: integer 
	Parameter C_TRACE_OUTPUT bound to: 0 - type: integer 
	Parameter C_TRACE_DATA_WIDTH bound to: 32 - type: integer 
	Parameter C_TRACE_ASYNC_RESET bound to: 0 - type: integer 
	Parameter C_TRACE_CLK_FREQ_HZ bound to: 200000000 - type: integer 
	Parameter C_TRACE_CLK_OUT_PHASE bound to: 90 - type: integer 
	Parameter C_TRACE_PROTOCOL bound to: 1 - type: integer 
	Parameter C_TRACE_ID bound to: 110 - type: integer 
	Parameter C_M_AXIS_DATA_WIDTH bound to: 32 - type: integer 
	Parameter C_M_AXIS_ID_WIDTH bound to: 7 - type: integer 
INFO: [Synth 8-3491] module 'MDM_Core' declared at 'c:/Users/laptop/Desktop/DMA/DMA.gen/sources_1/bd/design_1/ipshared/1dd0/hdl/mdm_v3_2_vh_rfs.vhd:5815' bound to instance 'MDM_Core_I1' of component 'MDM_Core' [c:/Users/laptop/Desktop/DMA/DMA.gen/sources_1/bd/design_1/ipshared/1dd0/hdl/mdm_v3_2_vh_rfs.vhd:16370]
INFO: [Synth 8-638] synthesizing module 'MDM_Core' [c:/Users/laptop/Desktop/DMA/DMA.gen/sources_1/bd/design_1/ipshared/1dd0/hdl/mdm_v3_2_vh_rfs.vhd:7052]
INFO: [Synth 8-3491] module 'xil_scan_reset_control' declared at 'c:/Users/laptop/Desktop/DMA/DMA.gen/sources_1/bd/design_1/ipshared/1dd0/hdl/mdm_v3_2_vh_rfs.vhd:306' bound to instance 'config_scan_reset_i' of component 'xil_scan_reset_control' [c:/Users/laptop/Desktop/DMA/DMA.gen/sources_1/bd/design_1/ipshared/1dd0/hdl/mdm_v3_2_vh_rfs.vhd:7735]
INFO: [Synth 8-638] synthesizing module 'xil_scan_reset_control' [c:/Users/laptop/Desktop/DMA/DMA.gen/sources_1/bd/design_1/ipshared/1dd0/hdl/mdm_v3_2_vh_rfs.vhd:315]
INFO: [Synth 8-256] done synthesizing module 'xil_scan_reset_control' (0#1) [c:/Users/laptop/Desktop/DMA/DMA.gen/sources_1/bd/design_1/ipshared/1dd0/hdl/mdm_v3_2_vh_rfs.vhd:315]
INFO: [Synth 8-3491] module 'xil_scan_reset_control' declared at 'c:/Users/laptop/Desktop/DMA/DMA.gen/sources_1/bd/design_1/ipshared/1dd0/hdl/mdm_v3_2_vh_rfs.vhd:306' bound to instance 'sel_n_reset_i' of component 'xil_scan_reset_control' [c:/Users/laptop/Desktop/DMA/DMA.gen/sources_1/bd/design_1/ipshared/1dd0/hdl/mdm_v3_2_vh_rfs.vhd:7745]
INFO: [Synth 8-3491] module 'xil_scan_reset_control' declared at 'c:/Users/laptop/Desktop/DMA/DMA.gen/sources_1/bd/design_1/ipshared/1dd0/hdl/mdm_v3_2_vh_rfs.vhd:306' bound to instance 'shift_n_reset_i' of component 'xil_scan_reset_control' [c:/Users/laptop/Desktop/DMA/DMA.gen/sources_1/bd/design_1/ipshared/1dd0/hdl/mdm_v3_2_vh_rfs.vhd:7755]
	Parameter C_TARGET bound to: 2 - type: integer 
	Parameter C_USE_BSCAN bound to: 0 - type: integer 
	Parameter C_MB_DBG_PORTS bound to: 1 - type: integer 
	Parameter C_USE_CONFIG_RESET bound to: 0 - type: integer 
	Parameter C_USE_SRL16 bound to: yes - type: string 
	Parameter C_DEBUG_INTERFACE bound to: 0 - type: integer 
	Parameter C_DBG_REG_ACCESS bound to: 0 - type: integer 
	Parameter C_DBG_MEM_ACCESS bound to: 0 - type: integer 
	Parameter C_M_AXI_ADDR_WIDTH bound to: 32 - type: integer 
	Parameter C_M_AXI_DATA_WIDTH bound to: 32 - type: integer 
	Parameter C_USE_CROSS_TRIGGER bound to: 0 - type: integer 
	Parameter C_EXT_TRIG_RESET_VALUE bound to: 20'b11110001001000110100 
	Parameter C_USE_UART bound to: 0 - type: integer 
	Parameter C_UART_WIDTH bound to: 8 - type: integer 
	Parameter C_TRACE_OUTPUT bound to: 0 - type: integer 
	Parameter C_TRACE_PROTOCOL bound to: 1 - type: integer 
	Parameter C_EN_WIDTH bound to: 1 - type: integer 
INFO: [Synth 8-3491] module 'JTAG_CONTROL' declared at 'c:/Users/laptop/Desktop/DMA/DMA.gen/sources_1/bd/design_1/ipshared/1dd0/hdl/mdm_v3_2_vh_rfs.vhd:3099' bound to instance 'JTAG_CONTROL_I' of component 'JTAG_CONTROL' [c:/Users/laptop/Desktop/DMA/DMA.gen/sources_1/bd/design_1/ipshared/1dd0/hdl/mdm_v3_2_vh_rfs.vhd:10446]
INFO: [Synth 8-638] synthesizing module 'JTAG_CONTROL' [c:/Users/laptop/Desktop/DMA/DMA.gen/sources_1/bd/design_1/ipshared/1dd0/hdl/mdm_v3_2_vh_rfs.vhd:3372]
INFO: [Synth 8-3491] module 'xil_scan_reset_control' declared at 'c:/Users/laptop/Desktop/DMA/DMA.gen/sources_1/bd/design_1/ipshared/1dd0/hdl/mdm_v3_2_vh_rfs.vhd:306' bound to instance 'config_with_scan_reset_i' of component 'xil_scan_reset_control' [c:/Users/laptop/Desktop/DMA/DMA.gen/sources_1/bd/design_1/ipshared/1dd0/hdl/mdm_v3_2_vh_rfs.vhd:3681]
INFO: [Synth 8-3491] module 'xil_scan_reset_control' declared at 'c:/Users/laptop/Desktop/DMA/DMA.gen/sources_1/bd/design_1/ipshared/1dd0/hdl/mdm_v3_2_vh_rfs.vhd:306' bound to instance 'sel_with_scan_reset_i' of component 'xil_scan_reset_control' [c:/Users/laptop/Desktop/DMA/DMA.gen/sources_1/bd/design_1/ipshared/1dd0/hdl/mdm_v3_2_vh_rfs.vhd:3689]
	Parameter C_TARGET bound to: 2 - type: integer 
INFO: [Synth 8-3491] module 'MB_FDC_1' declared at 'c:/Users/laptop/Desktop/DMA/DMA.gen/sources_1/bd/design_1/ipshared/1dd0/hdl/mdm_v3_2_vh_rfs.vhd:768' bound to instance 'FDC_I' of component 'MB_FDC_1' [c:/Users/laptop/Desktop/DMA/DMA.gen/sources_1/bd/design_1/ipshared/1dd0/hdl/mdm_v3_2_vh_rfs.vhd:3746]
INFO: [Synth 8-638] synthesizing module 'MB_FDC_1' [c:/Users/laptop/Desktop/DMA/DMA.gen/sources_1/bd/design_1/ipshared/1dd0/hdl/mdm_v3_2_vh_rfs.vhd:784]
	Parameter INIT bound to: 1'b0 
INFO: [Synth 8-113] binding component instance 'Native' to cell 'FDC_1' [c:/Users/laptop/Desktop/DMA/DMA.gen/sources_1/bd/design_1/ipshared/1dd0/hdl/mdm_v3_2_vh_rfs.vhd:805]
INFO: [Synth 8-256] done synthesizing module 'MB_FDC_1' (0#1) [c:/Users/laptop/Desktop/DMA/DMA.gen/sources_1/bd/design_1/ipshared/1dd0/hdl/mdm_v3_2_vh_rfs.vhd:784]
	Parameter C_TARGET bound to: 2 - type: integer 
INFO: [Synth 8-3491] module 'MB_FDRE_1' declared at 'c:/Users/laptop/Desktop/DMA/DMA.gen/sources_1/bd/design_1/ipshared/1dd0/hdl/mdm_v3_2_vh_rfs.vhd:827' bound to instance 'SYNC_FDRE' of component 'MB_FDRE_1' [c:/Users/laptop/Desktop/DMA/DMA.gen/sources_1/bd/design_1/ipshared/1dd0/hdl/mdm_v3_2_vh_rfs.vhd:3756]
INFO: [Synth 8-638] synthesizing module 'MB_FDRE_1' [c:/Users/laptop/Desktop/DMA/DMA.gen/sources_1/bd/design_1/ipshared/1dd0/hdl/mdm_v3_2_vh_rfs.vhd:844]
	Parameter INIT bound to: 1'b0 
INFO: [Synth 8-113] binding component instance 'Native' to cell 'FDRE_1' [c:/Users/laptop/Desktop/DMA/DMA.gen/sources_1/bd/design_1/ipshared/1dd0/hdl/mdm_v3_2_vh_rfs.vhd:867]
INFO: [Synth 8-256] done synthesizing module 'MB_FDRE_1' (0#1) [c:/Users/laptop/Desktop/DMA/DMA.gen/sources_1/bd/design_1/ipshared/1dd0/hdl/mdm_v3_2_vh_rfs.vhd:844]
	Parameter C_TARGET bound to: 2 - type: integer 
	Parameter C_STATIC bound to: 1 - type: bool 
	Parameter C_USE_SRL16 bound to: yes - type: string 
	Parameter INIT bound to: 16'b0000000101100111 
INFO: [Synth 8-3491] module 'MB_SRL16E' declared at 'c:/Users/laptop/Desktop/DMA/DMA.gen/sources_1/bd/design_1/ipshared/1dd0/hdl/mdm_v3_2_vh_rfs.vhd:890' bound to instance 'SRL16E_1' of component 'MB_SRL16E' [c:/Users/laptop/Desktop/DMA/DMA.gen/sources_1/bd/design_1/ipshared/1dd0/hdl/mdm_v3_2_vh_rfs.vhd:3950]
INFO: [Synth 8-638] synthesizing module 'MB_SRL16E' [c:/Users/laptop/Desktop/DMA/DMA.gen/sources_1/bd/design_1/ipshared/1dd0/hdl/mdm_v3_2_vh_rfs.vhd:914]
	Parameter INIT bound to: 16'b0000000101100111 
INFO: [Synth 8-113] binding component instance 'MB_SRL16E_I1' to cell 'SRL16E' [c:/Users/laptop/Desktop/DMA/DMA.gen/sources_1/bd/design_1/ipshared/1dd0/hdl/mdm_v3_2_vh_rfs.vhd:918]
INFO: [Synth 8-256] done synthesizing module 'MB_SRL16E' (0#1) [c:/Users/laptop/Desktop/DMA/DMA.gen/sources_1/bd/design_1/ipshared/1dd0/hdl/mdm_v3_2_vh_rfs.vhd:914]
	Parameter C_TARGET bound to: 2 - type: integer 
	Parameter C_STATIC bound to: 1 - type: bool 
	Parameter C_USE_SRL16 bound to: yes - type: string 
	Parameter INIT bound to: 16'b0100001010000111 
INFO: [Synth 8-3491] module 'MB_SRL16E' declared at 'c:/Users/laptop/Desktop/DMA/DMA.gen/sources_1/bd/design_1/ipshared/1dd0/hdl/mdm_v3_2_vh_rfs.vhd:890' bound to instance 'SRL16E_2' of component 'MB_SRL16E' [c:/Users/laptop/Desktop/DMA/DMA.gen/sources_1/bd/design_1/ipshared/1dd0/hdl/mdm_v3_2_vh_rfs.vhd:3968]
INFO: [Synth 8-638] synthesizing module 'MB_SRL16E__parameterized1' [c:/Users/laptop/Desktop/DMA/DMA.gen/sources_1/bd/design_1/ipshared/1dd0/hdl/mdm_v3_2_vh_rfs.vhd:914]
	Parameter INIT bound to: 16'b0100001010000111 
INFO: [Synth 8-113] binding component instance 'MB_SRL16E_I1' to cell 'SRL16E' [c:/Users/laptop/Desktop/DMA/DMA.gen/sources_1/bd/design_1/ipshared/1dd0/hdl/mdm_v3_2_vh_rfs.vhd:918]
INFO: [Synth 8-256] done synthesizing module 'MB_SRL16E__parameterized1' (0#1) [c:/Users/laptop/Desktop/DMA/DMA.gen/sources_1/bd/design_1/ipshared/1dd0/hdl/mdm_v3_2_vh_rfs.vhd:914]
	Parameter C_TARGET bound to: 2 - type: integer 
	Parameter C_STATIC bound to: 1 - type: bool 
	Parameter C_USE_SRL16 bound to: yes - type: string 
	Parameter INIT bound to: 16'b0100010001000011 
INFO: [Synth 8-3491] module 'MB_SRL16E' declared at 'c:/Users/laptop/Desktop/DMA/DMA.gen/sources_1/bd/design_1/ipshared/1dd0/hdl/mdm_v3_2_vh_rfs.vhd:890' bound to instance 'SRL16E_ID_1' of component 'MB_SRL16E' [c:/Users/laptop/Desktop/DMA/DMA.gen/sources_1/bd/design_1/ipshared/1dd0/hdl/mdm_v3_2_vh_rfs.vhd:4039]
INFO: [Synth 8-638] synthesizing module 'MB_SRL16E__parameterized3' [c:/Users/laptop/Desktop/DMA/DMA.gen/sources_1/bd/design_1/ipshared/1dd0/hdl/mdm_v3_2_vh_rfs.vhd:914]
	Parameter INIT bound to: 16'b0100010001000011 
INFO: [Synth 8-113] binding component instance 'MB_SRL16E_I1' to cell 'SRL16E' [c:/Users/laptop/Desktop/DMA/DMA.gen/sources_1/bd/design_1/ipshared/1dd0/hdl/mdm_v3_2_vh_rfs.vhd:918]
INFO: [Synth 8-256] done synthesizing module 'MB_SRL16E__parameterized3' (0#1) [c:/Users/laptop/Desktop/DMA/DMA.gen/sources_1/bd/design_1/ipshared/1dd0/hdl/mdm_v3_2_vh_rfs.vhd:914]
	Parameter C_TARGET bound to: 2 - type: integer 
	Parameter C_STATIC bound to: 1 - type: bool 
	Parameter C_USE_SRL16 bound to: yes - type: string 
	Parameter INIT bound to: 16'b0101100001001101 
INFO: [Synth 8-3491] module 'MB_SRL16E' declared at 'c:/Users/laptop/Desktop/DMA/DMA.gen/sources_1/bd/design_1/ipshared/1dd0/hdl/mdm_v3_2_vh_rfs.vhd:890' bound to instance 'SRL16E_ID_2' of component 'MB_SRL16E' [c:/Users/laptop/Desktop/DMA/DMA.gen/sources_1/bd/design_1/ipshared/1dd0/hdl/mdm_v3_2_vh_rfs.vhd:4057]
INFO: [Synth 8-638] synthesizing module 'MB_SRL16E__parameterized5' [c:/Users/laptop/Desktop/DMA/DMA.gen/sources_1/bd/design_1/ipshared/1dd0/hdl/mdm_v3_2_vh_rfs.vhd:914]
	Parameter INIT bound to: 16'b0101100001001101 
INFO: [Synth 8-113] binding component instance 'MB_SRL16E_I1' to cell 'SRL16E' [c:/Users/laptop/Desktop/DMA/DMA.gen/sources_1/bd/design_1/ipshared/1dd0/hdl/mdm_v3_2_vh_rfs.vhd:918]
INFO: [Synth 8-256] done synthesizing module 'MB_SRL16E__parameterized5' (0#1) [c:/Users/laptop/Desktop/DMA/DMA.gen/sources_1/bd/design_1/ipshared/1dd0/hdl/mdm_v3_2_vh_rfs.vhd:914]
INFO: [Synth 8-256] done synthesizing module 'JTAG_CONTROL' (0#1) [c:/Users/laptop/Desktop/DMA/DMA.gen/sources_1/bd/design_1/ipshared/1dd0/hdl/mdm_v3_2_vh_rfs.vhd:3372]
INFO: [Synth 8-256] done synthesizing module 'MDM_Core' (0#1) [c:/Users/laptop/Desktop/DMA/DMA.gen/sources_1/bd/design_1/ipshared/1dd0/hdl/mdm_v3_2_vh_rfs.vhd:7052]
INFO: [Synth 8-256] done synthesizing module 'MDM' (0#1) [c:/Users/laptop/Desktop/DMA/DMA.gen/sources_1/bd/design_1/ipshared/1dd0/hdl/mdm_v3_2_vh_rfs.vhd:14379]
INFO: [Synth 8-256] done synthesizing module 'design_1_mdm_1_0' (0#1) [c:/Users/laptop/Desktop/DMA/DMA.gen/sources_1/bd/design_1/ip/design_1_mdm_1_0/synth/design_1_mdm_1_0.vhd:74]
WARNING: [Synth 8-6014] Unused sequential element set_Ext_BRK_reg was removed.  [c:/Users/laptop/Desktop/DMA/DMA.gen/sources_1/bd/design_1/ipshared/1dd0/hdl/mdm_v3_2_vh_rfs.vhd:4145]
INFO: [Synth 8-7129] Port Config_Reset in module MB_SRL16E__parameterized5 is either unconnected or has no load
INFO: [Synth 8-7129] Port Config_Reset in module MB_SRL16E__parameterized3 is either unconnected or has no load
INFO: [Synth 8-7129] Port Config_Reset in module MB_SRL16E__parameterized1 is either unconnected or has no load
INFO: [Synth 8-7129] Port Config_Reset in module MB_SRL16E is either unconnected or has no load
INFO: [Synth 8-7129] Port Clk in module JTAG_CONTROL is either unconnected or has no load
INFO: [Synth 8-7129] Port Rst in module JTAG_CONTROL is either unconnected or has no load
INFO: [Synth 8-7129] Port Clear_Ext_BRK in module JTAG_CONTROL is either unconnected or has no load
INFO: [Synth 8-7129] Port Read_RX_FIFO in module JTAG_CONTROL is either unconnected or has no load
INFO: [Synth 8-7129] Port Reset_RX_FIFO in module JTAG_CONTROL is either unconnected or has no load
INFO: [Synth 8-7129] Port Write_TX_FIFO in module JTAG_CONTROL is either unconnected or has no load
INFO: [Synth 8-7129] Port Reset_TX_FIFO in module JTAG_CONTROL is either unconnected or has no load
INFO: [Synth 8-7129] Port TX_Data[0] in module JTAG_CONTROL is either unconnected or has no load
INFO: [Synth 8-7129] Port TX_Data[1] in module JTAG_CONTROL is either unconnected or has no load
INFO: [Synth 8-7129] Port TX_Data[2] in module JTAG_CONTROL is either unconnected or has no load
INFO: [Synth 8-7129] Port TX_Data[3] in module JTAG_CONTROL is either unconnected or has no load
INFO: [Synth 8-7129] Port TX_Data[4] in module JTAG_CONTROL is either unconnected or has no load
INFO: [Synth 8-7129] Port TX_Data[5] in module JTAG_CONTROL is either unconnected or has no load
INFO: [Synth 8-7129] Port TX_Data[6] in module JTAG_CONTROL is either unconnected or has no load
INFO: [Synth 8-7129] Port TX_Data[7] in module JTAG_CONTROL is either unconnected or has no load
INFO: [Synth 8-7129] Port DbgReg_DRCK in module JTAG_CONTROL is either unconnected or has no load
INFO: [Synth 8-7129] Port DbgReg_UPDATE in module JTAG_CONTROL is either unconnected or has no load
INFO: [Synth 8-7129] Port DbgReg_Access_Lock in module JTAG_CONTROL is either unconnected or has no load
INFO: [Synth 8-7129] Port DbgReg_Force_Lock in module JTAG_CONTROL is either unconnected or has no load
INFO: [Synth 8-7129] Port DbgReg_Unlocked in module JTAG_CONTROL is either unconnected or has no load
INFO: [Synth 8-7129] Port AXI_Transaction in module JTAG_CONTROL is either unconnected or has no load
INFO: [Synth 8-7129] Port AXI_Instr_Overrun in module JTAG_CONTROL is either unconnected or has no load
INFO: [Synth 8-7129] Port AXI_Data_Overrun in module JTAG_CONTROL is either unconnected or has no load
INFO: [Synth 8-7129] Port RESET in module JTAG_CONTROL is either unconnected or has no load
INFO: [Synth 8-7129] Port M_AXI_ACLK in module JTAG_CONTROL is either unconnected or has no load
INFO: [Synth 8-7129] Port M_AXI_ARESETn in module JTAG_CONTROL is either unconnected or has no load
INFO: [Synth 8-7129] Port Master_rd_idle in module JTAG_CONTROL is either unconnected or has no load
INFO: [Synth 8-7129] Port Master_rd_resp[1] in module JTAG_CONTROL is either unconnected or has no load
INFO: [Synth 8-7129] Port Master_rd_resp[0] in module JTAG_CONTROL is either unconnected or has no load
INFO: [Synth 8-7129] Port Master_wr_idle in module JTAG_CONTROL is either unconnected or has no load
INFO: [Synth 8-7129] Port Master_wr_resp[1] in module JTAG_CONTROL is either unconnected or has no load
INFO: [Synth 8-7129] Port Master_wr_resp[0] in module JTAG_CONTROL is either unconnected or has no load
INFO: [Synth 8-7129] Port Master_data_out[31] in module JTAG_CONTROL is either unconnected or has no load
INFO: [Synth 8-7129] Port Master_data_out[30] in module JTAG_CONTROL is either unconnected or has no load
INFO: [Synth 8-7129] Port Master_data_out[29] in module JTAG_CONTROL is either unconnected or has no load
INFO: [Synth 8-7129] Port Master_data_out[28] in module JTAG_CONTROL is either unconnected or has no load
INFO: [Synth 8-7129] Port Master_data_out[27] in module JTAG_CONTROL is either unconnected or has no load
INFO: [Synth 8-7129] Port Master_data_out[26] in module JTAG_CONTROL is either unconnected or has no load
INFO: [Synth 8-7129] Port Master_data_out[25] in module JTAG_CONTROL is either unconnected or has no load
INFO: [Synth 8-7129] Port Master_data_out[24] in module JTAG_CONTROL is either unconnected or has no load
INFO: [Synth 8-7129] Port Master_data_out[23] in module JTAG_CONTROL is either unconnected or has no load
INFO: [Synth 8-7129] Port Master_data_out[22] in module JTAG_CONTROL is either unconnected or has no load
INFO: [Synth 8-7129] Port Master_data_out[21] in module JTAG_CONTROL is either unconnected or has no load
INFO: [Synth 8-7129] Port Master_data_out[20] in module JTAG_CONTROL is either unconnected or has no load
INFO: [Synth 8-7129] Port Master_data_out[19] in module JTAG_CONTROL is either unconnected or has no load
INFO: [Synth 8-7129] Port Master_data_out[18] in module JTAG_CONTROL is either unconnected or has no load
INFO: [Synth 8-7129] Port Master_data_out[17] in module JTAG_CONTROL is either unconnected or has no load
INFO: [Synth 8-7129] Port Master_data_out[16] in module JTAG_CONTROL is either unconnected or has no load
INFO: [Synth 8-7129] Port Master_data_out[15] in module JTAG_CONTROL is either unconnected or has no load
INFO: [Synth 8-7129] Port Master_data_out[14] in module JTAG_CONTROL is either unconnected or has no load
INFO: [Synth 8-7129] Port Master_data_out[13] in module JTAG_CONTROL is either unconnected or has no load
INFO: [Synth 8-7129] Port Master_data_out[12] in module JTAG_CONTROL is either unconnected or has no load
INFO: [Synth 8-7129] Port Master_data_out[11] in module JTAG_CONTROL is either unconnected or has no load
INFO: [Synth 8-7129] Port Master_data_out[10] in module JTAG_CONTROL is either unconnected or has no load
INFO: [Synth 8-7129] Port Master_data_out[9] in module JTAG_CONTROL is either unconnected or has no load
INFO: [Synth 8-7129] Port Master_data_out[8] in module JTAG_CONTROL is either unconnected or has no load
INFO: [Synth 8-7129] Port Master_data_out[7] in module JTAG_CONTROL is either unconnected or has no load
INFO: [Synth 8-7129] Port Master_data_out[6] in module JTAG_CONTROL is either unconnected or has no load
INFO: [Synth 8-7129] Port Master_data_out[5] in module JTAG_CONTROL is either unconnected or has no load
INFO: [Synth 8-7129] Port Master_data_out[4] in module JTAG_CONTROL is either unconnected or has no load
INFO: [Synth 8-7129] Port Master_data_out[3] in module JTAG_CONTROL is either unconnected or has no load
INFO: [Synth 8-7129] Port Master_data_out[2] in module JTAG_CONTROL is either unconnected or has no load
INFO: [Synth 8-7129] Port Master_data_out[1] in module JTAG_CONTROL is either unconnected or has no load
INFO: [Synth 8-7129] Port Master_data_out[0] in module JTAG_CONTROL is either unconnected or has no load
INFO: [Synth 8-7129] Port Master_data_exists in module JTAG_CONTROL is either unconnected or has no load
INFO: [Synth 8-7129] Port Master_data_empty in module JTAG_CONTROL is either unconnected or has no load
INFO: [Synth 8-7129] Port Master_dwr_done in module JTAG_CONTROL is either unconnected or has no load
INFO: [Synth 8-7129] Port Master_dwr_resp[1] in module JTAG_CONTROL is either unconnected or has no load
INFO: [Synth 8-7129] Port Master_dwr_resp[0] in module JTAG_CONTROL is either unconnected or has no load
INFO: [Synth 8-7129] Port Dbg_Trig_In_0[0] in module JTAG_CONTROL is either unconnected or has no load
INFO: [Synth 8-7129] Port Dbg_Trig_In_0[1] in module JTAG_CONTROL is either unconnected or has no load
INFO: [Synth 8-7129] Port Dbg_Trig_In_0[2] in module JTAG_CONTROL is either unconnected or has no load
INFO: [Synth 8-7129] Port Dbg_Trig_In_0[3] in module JTAG_CONTROL is either unconnected or has no load
INFO: [Synth 8-7129] Port Dbg_Trig_In_0[4] in module JTAG_CONTROL is either unconnected or has no load
INFO: [Synth 8-7129] Port Dbg_Trig_In_0[5] in module JTAG_CONTROL is either unconnected or has no load
INFO: [Synth 8-7129] Port Dbg_Trig_In_0[6] in module JTAG_CONTROL is either unconnected or has no load
INFO: [Synth 8-7129] Port Dbg_Trig_In_0[7] in module JTAG_CONTROL is either unconnected or has no load
INFO: [Synth 8-7129] Port Dbg_Trig_In_1[0] in module JTAG_CONTROL is either unconnected or has no load
INFO: [Synth 8-7129] Port Dbg_Trig_In_1[1] in module JTAG_CONTROL is either unconnected or has no load
INFO: [Synth 8-7129] Port Dbg_Trig_In_1[2] in module JTAG_CONTROL is either unconnected or has no load
INFO: [Synth 8-7129] Port Dbg_Trig_In_1[3] in module JTAG_CONTROL is either unconnected or has no load
INFO: [Synth 8-7129] Port Dbg_Trig_In_1[4] in module JTAG_CONTROL is either unconnected or has no load
INFO: [Synth 8-7129] Port Dbg_Trig_In_1[5] in module JTAG_CONTROL is either unconnected or has no load
INFO: [Synth 8-7129] Port Dbg_Trig_In_1[6] in module JTAG_CONTROL is either unconnected or has no load
INFO: [Synth 8-7129] Port Dbg_Trig_In_1[7] in module JTAG_CONTROL is either unconnected or has no load
INFO: [Synth 8-7129] Port Dbg_Trig_In_2[0] in module JTAG_CONTROL is either unconnected or has no load
INFO: [Synth 8-7129] Port Dbg_Trig_In_2[1] in module JTAG_CONTROL is either unconnected or has no load
INFO: [Synth 8-7129] Port Dbg_Trig_In_2[2] in module JTAG_CONTROL is either unconnected or has no load
INFO: [Synth 8-7129] Port Dbg_Trig_In_2[3] in module JTAG_CONTROL is either unconnected or has no load
INFO: [Synth 8-7129] Port Dbg_Trig_In_2[4] in module JTAG_CONTROL is either unconnected or has no load
INFO: [Synth 8-7129] Port Dbg_Trig_In_2[5] in module JTAG_CONTROL is either unconnected or has no load
INFO: [Synth 8-7129] Port Dbg_Trig_In_2[6] in module JTAG_CONTROL is either unconnected or has no load
INFO: [Synth 8-7129] Port Dbg_Trig_In_2[7] in module JTAG_CONTROL is either unconnected or has no load
INFO: [Synth 8-7129] Port Dbg_Trig_In_3[0] in module JTAG_CONTROL is either unconnected or has no load
INFO: [Synth 8-7129] Port Dbg_Trig_In_3[1] in module JTAG_CONTROL is either unconnected or has no load
INFO: [Synth 8-7129] Port Dbg_Trig_In_3[2] in module JTAG_CONTROL is either unconnected or has no load
INFO: [Common 17-14] Message 'Synth 8-7129' appears 100 times and further instances of the messages will be disabled. Use the Tcl command set_msg_config to change the current settings.
---------------------------------------------------------------------------------
Finished RTL Elaboration : Time (s): cpu = 00:00:23 ; elapsed = 00:00:27 . Memory (MB): peak = 1447.770 ; gain = 693.387
---------------------------------------------------------------------------------
---------------------------------------------------------------------------------
Start Handling Custom Attributes
---------------------------------------------------------------------------------
---------------------------------------------------------------------------------
Finished Handling Custom Attributes : Time (s): cpu = 00:00:23 ; elapsed = 00:00:27 . Memory (MB): peak = 1447.770 ; gain = 693.387
---------------------------------------------------------------------------------
---------------------------------------------------------------------------------
Finished RTL Optimization Phase 1 : Time (s): cpu = 00:00:23 ; elapsed = 00:00:27 . Memory (MB): peak = 1447.770 ; gain = 693.387
---------------------------------------------------------------------------------
Netlist sorting complete. Time (s): cpu = 00:00:00 ; elapsed = 00:00:00.104 . Memory (MB): peak = 1447.770 ; gain = 0.000
INFO: [Netlist 29-17] Analyzing 2 Unisim elements for replacement
INFO: [Netlist 29-28] Unisim Transformation completed in 1 CPU seconds
INFO: [Project 1-570] Preparing netlist for logic optimization

Processing XDC Constraints
Initializing timing engine
Parsing XDC File [C:/Users/laptop/Desktop/DMA/DMA.runs/design_1_mdm_1_0_synth_1/dont_touch.xdc]
Finished Parsing XDC File [C:/Users/laptop/Desktop/DMA/DMA.runs/design_1_mdm_1_0_synth_1/dont_touch.xdc]
Parsing XDC File [c:/Users/laptop/Desktop/DMA/DMA.gen/sources_1/bd/design_1/ip/design_1_mdm_1_0/design_1_mdm_1_0_ooc_trace.xdc] for cell 'U0'
Finished Parsing XDC File [c:/Users/laptop/Desktop/DMA/DMA.gen/sources_1/bd/design_1/ip/design_1_mdm_1_0/design_1_mdm_1_0_ooc_trace.xdc] for cell 'U0'
Parsing XDC File [c:/Users/laptop/Desktop/DMA/DMA.gen/sources_1/bd/design_1/ip/design_1_mdm_1_0/design_1_mdm_1_0.xdc] for cell 'U0'
Finished Parsing XDC File [c:/Users/laptop/Desktop/DMA/DMA.gen/sources_1/bd/design_1/ip/design_1_mdm_1_0/design_1_mdm_1_0.xdc] for cell 'U0'
INFO: [Project 1-236] Implementation specific constraints were found while reading constraint file [c:/Users/laptop/Desktop/DMA/DMA.gen/sources_1/bd/design_1/ip/design_1_mdm_1_0/design_1_mdm_1_0.xdc]. These constraints will be ignored for synthesis but will be used in implementation. Impacted constraints are listed in the file [.Xil/design_1_mdm_1_0_propImpl.xdc].
Resolution: To avoid this warning, move constraints listed in [.Xil/design_1_mdm_1_0_propImpl.xdc] to another XDC file and exclude this new file from synthesis with the used_in_synthesis property (File Properties dialog in GUI) and re-run elaboration/synthesis.
Completed Processing XDC Constraints

Netlist sorting complete. Time (s): cpu = 00:00:00 ; elapsed = 00:00:00.001 . Memory (MB): peak = 1523.438 ; gain = 0.000
INFO: [Project 1-111] Unisim Transformation Summary:
  A total of 2 instances were transformed.
  FDC_1 => FDCE (inverted pins: C): 1 instance 
  FDRE_1 => FDRE (inverted pins: C): 1 instance 

Constraint Validation Runtime : Time (s): cpu = 00:00:00 ; elapsed = 00:00:00.061 . Memory (MB): peak = 1523.438 ; gain = 0.000
INFO: [Designutils 20-5008] Incremental synthesis strategy off
---------------------------------------------------------------------------------
Finished Constraint Validation : Time (s): cpu = 00:00:43 ; elapsed = 00:00:49 . Memory (MB): peak = 1523.438 ; gain = 769.055
---------------------------------------------------------------------------------
---------------------------------------------------------------------------------
Start Loading Part and Timing Information
---------------------------------------------------------------------------------
Loading part: xc7a100tcsg324-1
---------------------------------------------------------------------------------
Finished Loading Part and Timing Information : Time (s): cpu = 00:00:43 ; elapsed = 00:00:49 . Memory (MB): peak = 1523.438 ; gain = 769.055
---------------------------------------------------------------------------------
---------------------------------------------------------------------------------
Start Applying 'set_property' XDC Constraints
---------------------------------------------------------------------------------
---------------------------------------------------------------------------------
Finished applying 'set_property' XDC Constraints : Time (s): cpu = 00:00:43 ; elapsed = 00:00:50 . Memory (MB): peak = 1523.438 ; gain = 769.055
---------------------------------------------------------------------------------
---------------------------------------------------------------------------------
Finished RTL Optimization Phase 2 : Time (s): cpu = 00:00:44 ; elapsed = 00:00:50 . Memory (MB): peak = 1523.438 ; gain = 769.055
---------------------------------------------------------------------------------
---------------------------------------------------------------------------------
Start RTL Component Statistics 
---------------------------------------------------------------------------------
Detailed RTL Component Info : 
+---Adders : 
	   2 Input   10 Bit       Adders := 1     
	   2 Input    6 Bit       Adders := 1     
	   2 Input    5 Bit       Adders := 1     
	   2 Input    2 Bit       Adders := 1     
+---Registers : 
	               32 Bit    Registers := 1     
	               16 Bit    Registers := 1     
	                8 Bit    Registers := 3     
	                6 Bit    Registers := 2     
	                5 Bit    Registers := 1     
	                4 Bit    Registers := 3     
	                3 Bit    Registers := 1     
	                2 Bit    Registers := 1     
	                1 Bit    Registers := 11    
+---Muxes : 
	   2 Input   16 Bit        Muxes := 4     
	   2 Input   10 Bit        Muxes := 3     
	   2 Input    8 Bit        Muxes := 3     
	   2 Input    6 Bit        Muxes := 1     
	   2 Input    5 Bit        Muxes := 1     
	   2 Input    3 Bit        Muxes := 2     
	   2 Input    2 Bit        Muxes := 1     
	   2 Input    1 Bit        Muxes := 23    
	   4 Input    1 Bit        Muxes := 1     
---------------------------------------------------------------------------------
Finished RTL Component Statistics 
---------------------------------------------------------------------------------
---------------------------------------------------------------------------------
Start Part Resource Summary
---------------------------------------------------------------------------------
Part Resources:
DSPs: 240 (col length:80)
BRAMs: 270 (col length: RAMB18 80 RAMB36 40)
---------------------------------------------------------------------------------
Finished Part Resource Summary
---------------------------------------------------------------------------------
---------------------------------------------------------------------------------
Start Cross Boundary and Area Optimization
---------------------------------------------------------------------------------
---------------------------------------------------------------------------------
Finished Cross Boundary and Area Optimization : Time (s): cpu = 00:00:51 ; elapsed = 00:00:59 . Memory (MB): peak = 1523.438 ; gain = 769.055
---------------------------------------------------------------------------------
---------------------------------------------------------------------------------
Start Applying XDC Timing Constraints
---------------------------------------------------------------------------------
---------------------------------------------------------------------------------
Finished Applying XDC Timing Constraints : Time (s): cpu = 00:01:04 ; elapsed = 00:01:13 . Memory (MB): peak = 1626.008 ; gain = 871.625
---------------------------------------------------------------------------------
---------------------------------------------------------------------------------
Start Timing Optimization
---------------------------------------------------------------------------------
---------------------------------------------------------------------------------
Finished Timing Optimization : Time (s): cpu = 00:01:05 ; elapsed = 00:01:14 . Memory (MB): peak = 1659.910 ; gain = 905.527
---------------------------------------------------------------------------------
---------------------------------------------------------------------------------
Start Technology Mapping
---------------------------------------------------------------------------------
---------------------------------------------------------------------------------
Finished Technology Mapping : Time (s): cpu = 00:01:05 ; elapsed = 00:01:15 . Memory (MB): peak = 1659.910 ; gain = 905.527
---------------------------------------------------------------------------------
---------------------------------------------------------------------------------
Start IO Insertion
---------------------------------------------------------------------------------
---------------------------------------------------------------------------------
Start Flattening Before IO Insertion
---------------------------------------------------------------------------------
---------------------------------------------------------------------------------
Finished Flattening Before IO Insertion
---------------------------------------------------------------------------------
---------------------------------------------------------------------------------
Start Final Netlist Cleanup
---------------------------------------------------------------------------------
---------------------------------------------------------------------------------
Finished Final Netlist Cleanup
---------------------------------------------------------------------------------
---------------------------------------------------------------------------------
Finished IO Insertion : Time (s): cpu = 00:01:18 ; elapsed = 00:01:28 . Memory (MB): peak = 1887.605 ; gain = 1133.223
---------------------------------------------------------------------------------
---------------------------------------------------------------------------------
Start Renaming Generated Instances
---------------------------------------------------------------------------------
---------------------------------------------------------------------------------
Finished Renaming Generated Instances : Time (s): cpu = 00:01:18 ; elapsed = 00:01:28 . Memory (MB): peak = 1887.605 ; gain = 1133.223
---------------------------------------------------------------------------------
---------------------------------------------------------------------------------
Start Rebuilding User Hierarchy
---------------------------------------------------------------------------------
---------------------------------------------------------------------------------
Finished Rebuilding User Hierarchy : Time (s): cpu = 00:01:18 ; elapsed = 00:01:28 . Memory (MB): peak = 1887.605 ; gain = 1133.223
---------------------------------------------------------------------------------
---------------------------------------------------------------------------------
Start Renaming Generated Ports
---------------------------------------------------------------------------------
---------------------------------------------------------------------------------
Finished Renaming Generated Ports : Time (s): cpu = 00:01:18 ; elapsed = 00:01:28 . Memory (MB): peak = 1887.605 ; gain = 1133.223
---------------------------------------------------------------------------------
---------------------------------------------------------------------------------
Start Handling Custom Attributes
---------------------------------------------------------------------------------
---------------------------------------------------------------------------------
Finished Handling Custom Attributes : Time (s): cpu = 00:01:18 ; elapsed = 00:01:28 . Memory (MB): peak = 1887.605 ; gain = 1133.223
---------------------------------------------------------------------------------
---------------------------------------------------------------------------------
Start Renaming Generated Nets
---------------------------------------------------------------------------------
---------------------------------------------------------------------------------
Finished Renaming Generated Nets : Time (s): cpu = 00:01:18 ; elapsed = 00:01:28 . Memory (MB): peak = 1887.605 ; gain = 1133.223
---------------------------------------------------------------------------------
---------------------------------------------------------------------------------
Start ROM, RAM, DSP, Shift Register and Retiming Reporting
---------------------------------------------------------------------------------

Static Shift Register Report:
+------------+------------------------------------------+--------+-------+--------------+--------------------+-------------------+--------+---------+
|Module Name | RTL Name                                 | Length | Width | Reset Signal | Pull out first Reg | Pull out last Reg | SRL16E | SRLC32E | 
+------------+------------------------------------------+--------+-------+--------------+--------------------+-------------------+--------+---------+
|MDM         | MDM_Core_I1/Use_BSCAN.Config_Reg_reg[26] | 4      | 1     | YES          | NO                 | YES               | 1      | 0       | 
|MDM         | MDM_Core_I1/Use_BSCAN.Config_Reg_reg[10] | 15     | 1     | YES          | NO                 | YES               | 1      | 0       | 
|MDM         | MDM_Core_I1/Use_BSCAN.Config_Reg_reg[3]  | 6      | 1     | YES          | NO                 | YES               | 1      | 0       | 
+------------+------------------------------------------+--------+-------+--------------+--------------------+-------------------+--------+---------+

---------------------------------------------------------------------------------
Finished ROM, RAM, DSP, Shift Register and Retiming Reporting
---------------------------------------------------------------------------------
---------------------------------------------------------------------------------
Start Writing Synthesis Report
---------------------------------------------------------------------------------

Report BlackBoxes: 
+-+--------------+----------+
| |BlackBox name |Instances |
+-+--------------+----------+
+-+--------------+----------+

Report Cell Usage: 
+------+--------+------+
|      |Cell    |Count |
+------+--------+------+
|1     |BSCANE2 |     1|
|2     |BUFG    |     1|
|3     |LUT1    |     5|
|4     |LUT2    |    13|
|5     |LUT3    |    23|
|6     |LUT4    |    13|
|7     |LUT5    |    16|
|8     |LUT6    |    36|
|9     |SRL16E  |     7|
|10    |FDCE    |    30|
|11    |FDC     |     1|
|12    |FDPE    |     6|
|13    |FDRE    |    74|
+------+--------+------+
---------------------------------------------------------------------------------
Finished Writing Synthesis Report : Time (s): cpu = 00:01:18 ; elapsed = 00:01:28 . Memory (MB): peak = 1887.605 ; gain = 1133.223
---------------------------------------------------------------------------------
Synthesis finished with 0 errors, 0 critical warnings and 0 warnings.
Synthesis Optimization Runtime : Time (s): cpu = 00:00:50 ; elapsed = 00:01:23 . Memory (MB): peak = 1887.605 ; gain = 1057.555
Synthesis Optimization Complete : Time (s): cpu = 00:01:18 ; elapsed = 00:01:28 . Memory (MB): peak = 1887.605 ; gain = 1133.223
INFO: [Project 1-571] Translating synthesized netlist
Netlist sorting complete. Time (s): cpu = 00:00:00 ; elapsed = 00:00:00.038 . Memory (MB): peak = 1887.605 ; gain = 0.000
INFO: [Netlist 29-17] Analyzing 2 Unisim elements for replacement
INFO: [Netlist 29-28] Unisim Transformation completed in 0 CPU seconds
INFO: [Project 1-570] Preparing netlist for logic optimization
INFO: [Opt 31-138] Pushed 0 inverter(s) to 0 load pin(s).
Netlist sorting complete. Time (s): cpu = 00:00:00 ; elapsed = 00:00:00 . Memory (MB): peak = 1890.633 ; gain = 0.000
INFO: [Project 1-111] Unisim Transformation Summary:
  A total of 2 instances were transformed.
  FDC_1 => FDCE (inverted pins: C): 1 instance 
  FDRE_1 => FDRE (inverted pins: C): 1 instance 

Synth Design complete | Checksum: 9ce0fecc
INFO: [Common 17-83] Releasing license: Synthesis
176 Infos, 1 Warnings, 0 Critical Warnings and 0 Errors encountered.
synth_design completed successfully
synth_design: Time (s): cpu = 00:01:28 ; elapsed = 00:01:42 . Memory (MB): peak = 1890.633 ; gain = 1338.090
Write ShapeDB Complete: Time (s): cpu = 00:00:00 ; elapsed = 00:00:00.003 . Memory (MB): peak = 1890.633 ; gain = 0.000
INFO: [Common 17-1381] The checkpoint 'C:/Users/laptop/Desktop/DMA/DMA.runs/design_1_mdm_1_0_synth_1/design_1_mdm_1_0.dcp' has been generated.
INFO: [Coretcl 2-1648] Added synthesis output to IP cache for IP design_1_mdm_1_0, cache-ID = 5f203862522b83f7
INFO: [Coretcl 2-1174] Renamed 12 cell refs.
Write ShapeDB Complete: Time (s): cpu = 00:00:00 ; elapsed = 00:00:00.003 . Memory (MB): peak = 1890.633 ; gain = 0.000
INFO: [Common 17-1381] The checkpoint 'C:/Users/laptop/Desktop/DMA/DMA.runs/design_1_mdm_1_0_synth_1/design_1_mdm_1_0.dcp' has been generated.
INFO: [Vivado 12-24828] Executing command : report_utilization -file design_1_mdm_1_0_utilization_synth.rpt -pb design_1_mdm_1_0_utilization_synth.pb
INFO: [Common 17-206] Exiting Vivado at Mon May  4 10:54:29 2026...
