The target system is: Generic -  - microblaze
The host system is: Linux - 5.15.0-174-generic - x86_64
Compiling the C compiler identification source file "CMakeCCompilerId.c" succeeded.
Compiler: /pool/tools/Xilinx/Vitis/2023.2/gnu/microblaze/lin/bin/mb-gcc 
Build flags: ;-O2;-mlittle-endian;-mxl-soft-mul;-mcpu=v11.0;-DSDT;;-MMD;-MP;-specs=/pool/xuyi/axi-dma-engine/vitis_workspace/platform/microblaze_0/standalone_microblaze_0/bsp/Xilinx.spec;-I/pool/xuyi/axi-dma-engine/vitis_workspace/platform/microblaze_0/standalone_microblaze_0/bsp/include
Id flags:  

The output was:
0


Compilation of the C compiler identification source "CMakeCCompilerId.c" produced "a-CMakeCCompilerId.d"

Compilation of the C compiler identification source "CMakeCCompilerId.c" produced "a.out"

The C compiler identification is GNU, found in "/pool/xuyi/axi-dma-engine/vitis_workspace/platform/microblaze_0/standalone_microblaze_0/bsp/libsrc/build_configs/gen_bsp/CMakeFiles/3.24.2/CompilerIdC/a.out"

Compiling the CXX compiler identification source file "CMakeCXXCompilerId.cpp" succeeded.
Compiler: /pool/tools/Xilinx/Vitis/2023.2/gnu/microblaze/lin/bin/mb-g++ 
Build flags: ;-O2;-mlittle-endian;-mxl-soft-mul;-mcpu=v11.0;-DSDT;;-MMD;-MP;-specs=/pool/xuyi/axi-dma-engine/vitis_workspace/platform/microblaze_0/standalone_microblaze_0/bsp/Xilinx.spec;-I/pool/xuyi/axi-dma-engine/vitis_workspace/platform/microblaze_0/standalone_microblaze_0/bsp/include
Id flags:  

The output was:
0


Compilation of the CXX compiler identification source "CMakeCXXCompilerId.cpp" produced "a-CMakeCXXCompilerId.d"

Compilation of the CXX compiler identification source "CMakeCXXCompilerId.cpp" produced "a.out"

The CXX compiler identification is GNU, found in "/pool/xuyi/axi-dma-engine/vitis_workspace/platform/microblaze_0/standalone_microblaze_0/bsp/libsrc/build_configs/gen_bsp/CMakeFiles/3.24.2/CompilerIdCXX/a.out"

Detecting C compiler ABI info compiled with the following output:
Change Dir: /pool/xuyi/axi-dma-engine/vitis_workspace/platform/microblaze_0/standalone_microblaze_0/bsp/libsrc/build_configs/gen_bsp/CMakeFiles/CMakeTmp

Run Build Command(s):/bin/gmake -f Makefile cmTC_73d6e/fast && /bin/gmake  -f CMakeFiles/cmTC_73d6e.dir/build.make CMakeFiles/cmTC_73d6e.dir/build
gmake[1]: Entering directory '/pool/xuyi/axi-dma-engine/vitis_workspace/platform/microblaze_0/standalone_microblaze_0/bsp/libsrc/build_configs/gen_bsp/CMakeFiles/CMakeTmp'
Building C object CMakeFiles/cmTC_73d6e.dir/CMakeCCompilerABI.c.obj
/pool/tools/Xilinx/Vitis/2023.2/gnu/microblaze/lin/bin/mb-gcc   -O2 -mlittle-endian -mxl-soft-mul -mcpu=v11.0 -DSDT  -MMD -MP -specs=/pool/xuyi/axi-dma-engine/vitis_workspace/platform/microblaze_0/standalone_microblaze_0/bsp/Xilinx.spec -I/pool/xuyi/axi-dma-engine/vitis_workspace/platform/microblaze_0/standalone_microblaze_0/bsp/include    -v -o CMakeFiles/cmTC_73d6e.dir/CMakeCCompilerABI.c.obj -c /pool/tools/Xilinx/Vitis/2023.2/tps/lnx64/cmake-3.24.2/share/cmake-3.24/Modules/CMakeCCompilerABI.c
Using built-in specs.
Reading specs from /pool/xuyi/axi-dma-engine/vitis_workspace/platform/microblaze_0/standalone_microblaze_0/bsp/Xilinx.spec
COLLECT_GCC=/pool/tools/Xilinx/Vitis/2023.2/gnu/microblaze/lin/bin/../x86_64-oesdk-linux/usr/bin/microblaze-xilinx-elf/microblaze-xilinx-elf-gcc.real
Target: microblaze-xilinx-elf
Configured with: ../../../../../../work-shared/gcc-12.2.0-r0/gcc-12.2.0/configure --build=x86_64-linux --host=x86_64-oesdk-linux --target=microblaze-xilinx-elf --prefix=/usr/local/oe-sdk-hardcoded-buildpath/sysroots/x86_64-oesdk-linux/usr --exec_prefix=/usr/local/oe-sdk-hardcoded-buildpath/sysroots/x86_64-oesdk-linux/usr --bindir=/usr/local/oe-sdk-hardcoded-buildpath/sysroots/x86_64-oesdk-linux/usr/bin/microblaze-xilinx-elf --sbindir=/usr/local/oe-sdk-hardcoded-buildpath/sysroots/x86_64-oesdk-linux/usr/bin/microblaze-xilinx-elf --libexecdir=/usr/local/oe-sdk-hardcoded-buildpath/sysroots/x86_64-oesdk-linux/usr/libexec/microblaze-xilinx-elf --datadir=/usr/local/oe-sdk-hardcoded-buildpath/sysroots/x86_64-oesdk-linux/usr/share --sysconfdir=/usr/local/oe-sdk-hardcoded-buildpath/sysroots/x86_64-oesdk-linux/etc --sharedstatedir=/usr/local/oe-sdk-hardcoded-buildpath/sysroots/x86_64-oesdk-linux/com --localstatedir=/usr/local/oe-sdk-hardcoded-buildpath/sysroots/x86_64-oesdk-linux/var --libdir=/usr/local/oe-sdk-hardcoded-buildpath/sysroots/x86_64-oesdk-linux/usr/lib/microblaze-xilinx-elf --includedir=/usr/local/oe-sdk-hardcoded-buildpath/sysroots/x86_64-oesdk-linux/usr/include --oldincludedir=/usr/local/oe-sdk-hardcoded-buildpath/sysroots/x86_64-oesdk-linux/usr/include --infodir=/usr/local/oe-sdk-hardcoded-buildpath/sysroots/x86_64-oesdk-linux/usr/share/info --mandir=/usr/local/oe-sdk-hardcoded-buildpath/sysroots/x86_64-oesdk-linux/usr/share/man --disable-silent-rules --disable-dependency-tracking --with-libtool-sysroot=/scratch/jenkins-BUILDS-eSDK-toolchain-2023.1_toolchain-7_Standalone_microblaze-tc/build/microblaze-tc-x86_64/work/x86_64-nativesdk-oesdk-linux/gcc-cross-canadian-microblaze/12.2.0-r0/recipe-sysroot --with-gnu-ld --enable-shared --enable-languages=c,c++,fortran --enable-threads=posix --enable-multilib --enable-c99 --enable-long-long --enable-libstdcxx-pch --program-prefix=microblaze-xilinx-elf- --without-local-prefix --disable-install-libiberty --disable-libssp --enable-libitm --enable-lto --disable-bootstrap --with-system-zlib --enable-linker-build-id --with-ppl=no --with-cloog=no --enable-checking=release --enable-cheaders=c_global --without-isl --with-gxx-include-dir=/not/exist/usr/include/c++/12.2.0 --with-build-time-tools=/scratch/jenkins-BUILDS-eSDK-toolchain-2023.1_toolchain-7_Standalone_microblaze-tc/build/microblaze-tc-x86_64/work/x86_64-nativesdk-oesdk-linux/gcc-cross-canadian-microblaze/12.2.0-r0/recipe-sysroot-native/usr/microblaze-xilinx-elf/bin --with-sysroot=/not/exist --with-build-sysroot=/scratch/jenkins-BUILDS-eSDK-toolchain-2023.1_toolchain-7_Standalone_microblaze-tc/build/microblaze-tc-x86_64/work/x86_64-nativesdk-oesdk-linux/gcc-cross-canadian-microblaze/12.2.0-r0/recipe-sysroot --enable-standard-branch-protection --with-plugin-ld=ld --enable-poison-system-directories --enable-nls --with-glibc-version=2.28 --enable-initfini-array --disable-initfini_array --disable-__cxa_atexit --disable-libstdcxx-pch --with-newlib --disable-threads --enable-plugins --with-gnu-as --disable-libitm --without-long-double-128 --enable-multilib --with-sysroot=/not/exist
Thread model: single
Supported LTO compression algorithms: zlib zstd
gcc version 12.2.0 (GCC) 
COLLECT_GCC_OPTIONS='--sysroot=/pool/tools/Xilinx/Vitis/2023.2/gnu/microblaze/lin/bin/../microblazeeb-xilinx-elf' '-O2' '-mlittle-endian' '-mxl-soft-mul' '-mcpu=v11.0' '-D' 'SDT' '-MMD' '-MP' '-specs=/pool/xuyi/axi-dma-engine/vitis_workspace/platform/microblaze_0/standalone_microblaze_0/bsp/Xilinx.spec' '-I' '/pool/xuyi/axi-dma-engine/vitis_workspace/platform/microblaze_0/standalone_microblaze_0/bsp/include' '-v' '-o' 'CMakeFiles/cmTC_73d6e.dir/CMakeCCompilerABI.c.obj' '-c' '-dumpdir' 'CMakeFiles/cmTC_73d6e.dir/'
 /pool/tools/Xilinx/Vitis/2023.2/gnu/microblaze/lin/x86_64-oesdk-linux/usr/bin/microblaze-xilinx-elf/../../libexec/microblaze-xilinx-elf/gcc/microblaze-xilinx-elf/12.2.0/cc1 -quiet -v -I /pool/xuyi/axi-dma-engine/vitis_workspace/platform/microblaze_0/standalone_microblaze_0/bsp/include -imultilib le -iprefix /pool/tools/Xilinx/Vitis/2023.2/gnu/microblaze/lin/x86_64-oesdk-linux/usr/bin/microblaze-xilinx-elf/../../lib/microblaze-xilinx-elf/gcc/microblaze-xilinx-elf/12.2.0/ -isysroot /pool/tools/Xilinx/Vitis/2023.2/gnu/microblaze/lin/bin/../microblazeeb-xilinx-elf -MMD CMakeFiles/cmTC_73d6e.dir/CMakeCCompilerABI.c.d -MP -MQ CMakeFiles/cmTC_73d6e.dir/CMakeCCompilerABI.c.obj -D SDT /pool/tools/Xilinx/Vitis/2023.2/tps/lnx64/cmake-3.24.2/share/cmake-3.24/Modules/CMakeCCompilerABI.c -quiet -dumpdir CMakeFiles/cmTC_73d6e.dir/ -dumpbase CMakeCCompilerABI.c.c -dumpbase-ext .c -mlittle-endian -mxl-soft-mul -mcpu=v11.0 -O2 -version -o /tmp/cct6QlgJ.s
GNU C17 (GCC) version 12.2.0 (microblaze-xilinx-elf)
	compiled by GNU C version 12.2.0, GMP version 6.2.1, MPFR version 4.1.0, MPC version 1.2.1, isl version none
GGC heuristics: --param ggc-min-expand=100 --param ggc-min-heapsize=131072
ignoring nonexistent directory "/pool/tools/Xilinx/Vitis/2023.2/gnu/microblaze/lin/x86_64-oesdk-linux/usr/bin/microblaze-xilinx-elf/../../lib/microblaze-xilinx-elf/gcc/microblaze-xilinx-elf/12.2.0/../../../../../microblaze-xilinx-elf/include"
ignoring duplicate directory "/pool/tools/Xilinx/Vitis/2023.2/gnu/microblaze/lin/x86_64-oesdk-linux/usr/bin/microblaze-xilinx-elf/../../lib/microblaze-xilinx-elf/gcc/../../../lib/microblaze-xilinx-elf/gcc/microblaze-xilinx-elf/12.2.0/include"
ignoring nonexistent directory "/pool/tools/Xilinx/Vitis/2023.2/gnu/microblaze/lin/bin/../microblazeeb-xilinx-elf/usr/lib/microblaze-xilinx-elf/12.2.0/include"
ignoring nonexistent directory "/pool/tools/Xilinx/Vitis/2023.2/gnu/microblaze/lin/bin/../microblazeeb-xilinx-elf/usr/local/include"
ignoring duplicate directory "/pool/tools/Xilinx/Vitis/2023.2/gnu/microblaze/lin/x86_64-oesdk-linux/usr/bin/microblaze-xilinx-elf/../../lib/microblaze-xilinx-elf/gcc/../../../lib/microblaze-xilinx-elf/gcc/microblaze-xilinx-elf/12.2.0/include-fixed"
ignoring nonexistent directory "/pool/tools/Xilinx/Vitis/2023.2/gnu/microblaze/lin/x86_64-oesdk-linux/usr/bin/microblaze-xilinx-elf/../../lib/microblaze-xilinx-elf/gcc/../../../lib/microblaze-xilinx-elf/gcc/microblaze-xilinx-elf/12.2.0/../../../../../microblaze-xilinx-elf/include"
#include "..." search starts here:
#include <...> search starts here:
 /pool/xuyi/axi-dma-engine/vitis_workspace/platform/microblaze_0/standalone_microblaze_0/bsp/include
 /pool/tools/Xilinx/Vitis/2023.2/gnu/microblaze/lin/x86_64-oesdk-linux/usr/bin/microblaze-xilinx-elf/../../lib/microblaze-xilinx-elf/gcc/microblaze-xilinx-elf/12.2.0/include
 /pool/tools/Xilinx/Vitis/2023.2/gnu/microblaze/lin/x86_64-oesdk-linux/usr/bin/microblaze-xilinx-elf/../../lib/microblaze-xilinx-elf/gcc/microblaze-xilinx-elf/12.2.0/include-fixed
 /pool/tools/Xilinx/Vitis/2023.2/gnu/microblaze/lin/bin/../microblazeeb-xilinx-elf/usr/include/
End of search list.
GNU C17 (GCC) version 12.2.0 (microblaze-xilinx-elf)
	compiled by GNU C version 12.2.0, GMP version 6.2.1, MPFR version 4.1.0, MPC version 1.2.1, isl version none
GGC heuristics: --param ggc-min-expand=100 --param ggc-min-heapsize=131072
Compiler executable checksum: d83bd919023a81b67b6cd863aaa3e898
COLLECT_GCC_OPTIONS='--sysroot=/pool/tools/Xilinx/Vitis/2023.2/gnu/microblaze/lin/bin/../microblazeeb-xilinx-elf' '-O2' '-mlittle-endian' '-mxl-soft-mul' '-mcpu=v11.0' '-D' 'SDT' '-MMD' '-MP' '-specs=/pool/xuyi/axi-dma-engine/vitis_workspace/platform/microblaze_0/standalone_microblaze_0/bsp/Xilinx.spec' '-I' '/pool/xuyi/axi-dma-engine/vitis_workspace/platform/microblaze_0/standalone_microblaze_0/bsp/include' '-v' '-o' 'CMakeFiles/cmTC_73d6e.dir/CMakeCCompilerABI.c.obj' '-c' '-dumpdir' 'CMakeFiles/cmTC_73d6e.dir/'
 /pool/tools/Xilinx/Vitis/2023.2/gnu/microblaze/lin/x86_64-oesdk-linux/usr/bin/microblaze-xilinx-elf/../../libexec/microblaze-xilinx-elf/gcc/microblaze-xilinx-elf/12.2.0/as -v -I /pool/xuyi/axi-dma-engine/vitis_workspace/platform/microblaze_0/standalone_microblaze_0/bsp/include -EL -o CMakeFiles/cmTC_73d6e.dir/CMakeCCompilerABI.c.obj /tmp/cct6QlgJ.s
GNU assembler version 2.39.0 (microblaze-xilinx-elf) using BFD version (GNU Binutils) 2.39.0.20220819
COMPILER_PATH=/pool/tools/Xilinx/Vitis/2023.2/gnu/microblaze/lin/x86_64-oesdk-linux/usr/bin/microblaze-xilinx-elf/../../libexec/microblaze-xilinx-elf/gcc/microblaze-xilinx-elf/12.2.0/:/pool/tools/Xilinx/Vitis/2023.2/gnu/microblaze/lin/x86_64-oesdk-linux/usr/bin/microblaze-xilinx-elf/../../libexec/microblaze-xilinx-elf/gcc/
LIBRARY_PATH=/pool/tools/Xilinx/Vitis/2023.2/gnu/microblaze/lin/bin/../microblazeeb-xilinx-elf/usr/lib/le/:/pool/tools/Xilinx/Vitis/2023.2/gnu/microblaze/lin/x86_64-oesdk-linux/usr/bin/microblaze-xilinx-elf/../../lib/microblaze-xilinx-elf/gcc/microblaze-xilinx-elf/12.2.0/:/pool/tools/Xilinx/Vitis/2023.2/gnu/microblaze/lin/x86_64-oesdk-linux/usr/bin/microblaze-xilinx-elf/../../lib/microblaze-xilinx-elf/gcc/:/pool/tools/Xilinx/Vitis/2023.2/gnu/microblaze/lin/bin/../microblazeeb-xilinx-elf/usr/lib/microblaze-xilinx-elf/12.2.0/:/pool/tools/Xilinx/Vitis/2023.2/gnu/microblaze/lin/bin/../microblazeeb-xilinx-elf/usr/lib/
COLLECT_GCC_OPTIONS='--sysroot=/pool/tools/Xilinx/Vitis/2023.2/gnu/microblaze/lin/bin/../microblazeeb-xilinx-elf' '-O2' '-mlittle-endian' '-mxl-soft-mul' '-mcpu=v11.0' '-D' 'SDT' '-MMD' '-MP' '-specs=/pool/xuyi/axi-dma-engine/vitis_workspace/platform/microblaze_0/standalone_microblaze_0/bsp/Xilinx.spec' '-I' '/pool/xuyi/axi-dma-engine/vitis_workspace/platform/microblaze_0/standalone_microblaze_0/bsp/include' '-v' '-o' 'CMakeFiles/cmTC_73d6e.dir/CMakeCCompilerABI.c.obj' '-c' '-dumpdir' 'CMakeFiles/cmTC_73d6e.dir/CMakeCCompilerABI.c.'
Linking C static library libcmTC_73d6e.a
/pool/tools/Xilinx/Vitis/2023.2/tps/lnx64/cmake-3.24.2/bin/cmake -P CMakeFiles/cmTC_73d6e.dir/cmake_clean_target.cmake
/pool/tools/Xilinx/Vitis/2023.2/tps/lnx64/cmake-3.24.2/bin/cmake -E cmake_link_script CMakeFiles/cmTC_73d6e.dir/link.txt --verbose=1
mb-ar qc libcmTC_73d6e.a CMakeFiles/cmTC_73d6e.dir/CMakeCCompilerABI.c.obj
/pool/tools/Xilinx/Vitis/2023.2/gnu/microblaze/lin/bin/mb-ranlib libcmTC_73d6e.a
gmake[1]: Leaving directory '/pool/xuyi/axi-dma-engine/vitis_workspace/platform/microblaze_0/standalone_microblaze_0/bsp/libsrc/build_configs/gen_bsp/CMakeFiles/CMakeTmp'



Parsed C implicit include dir info from above output: rv=done
  found start of include info
  found start of implicit include info
    add: [/pool/xuyi/axi-dma-engine/vitis_workspace/platform/microblaze_0/standalone_microblaze_0/bsp/include]
    add: [/pool/tools/Xilinx/Vitis/2023.2/gnu/microblaze/lin/x86_64-oesdk-linux/usr/bin/microblaze-xilinx-elf/../../lib/microblaze-xilinx-elf/gcc/microblaze-xilinx-elf/12.2.0/include]
    add: [/pool/tools/Xilinx/Vitis/2023.2/gnu/microblaze/lin/x86_64-oesdk-linux/usr/bin/microblaze-xilinx-elf/../../lib/microblaze-xilinx-elf/gcc/microblaze-xilinx-elf/12.2.0/include-fixed]
    add: [/pool/tools/Xilinx/Vitis/2023.2/gnu/microblaze/lin/bin/../microblazeeb-xilinx-elf/usr/include/]
  end of search list found
  collapse include dir [/pool/xuyi/axi-dma-engine/vitis_workspace/platform/microblaze_0/standalone_microblaze_0/bsp/include] ==> [/pool/xuyi/axi-dma-engine/vitis_workspace/platform/microblaze_0/standalone_microblaze_0/bsp/include]
  collapse include dir [/pool/tools/Xilinx/Vitis/2023.2/gnu/microblaze/lin/x86_64-oesdk-linux/usr/bin/microblaze-xilinx-elf/../../lib/microblaze-xilinx-elf/gcc/microblaze-xilinx-elf/12.2.0/include] ==> [/pool/tools/Xilinx/Vitis/2023.2/gnu/microblaze/lin/x86_64-oesdk-linux/usr/lib/microblaze-xilinx-elf/gcc/microblaze-xilinx-elf/12.2.0/include]
  collapse include dir [/pool/tools/Xilinx/Vitis/2023.2/gnu/microblaze/lin/x86_64-oesdk-linux/usr/bin/microblaze-xilinx-elf/../../lib/microblaze-xilinx-elf/gcc/microblaze-xilinx-elf/12.2.0/include-fixed] ==> [/pool/tools/Xilinx/Vitis/2023.2/gnu/microblaze/lin/x86_64-oesdk-linux/usr/lib/microblaze-xilinx-elf/gcc/microblaze-xilinx-elf/12.2.0/include-fixed]
  collapse include dir [/pool/tools/Xilinx/Vitis/2023.2/gnu/microblaze/lin/bin/../microblazeeb-xilinx-elf/usr/include/] ==> [/pool/tools/Xilinx/Vitis/2023.2/gnu/microblaze/lin/microblazeeb-xilinx-elf/usr/include]
  implicit include dirs: [/pool/xuyi/axi-dma-engine/vitis_workspace/platform/microblaze_0/standalone_microblaze_0/bsp/include;/pool/tools/Xilinx/Vitis/2023.2/gnu/microblaze/lin/x86_64-oesdk-linux/usr/lib/microblaze-xilinx-elf/gcc/microblaze-xilinx-elf/12.2.0/include;/pool/tools/Xilinx/Vitis/2023.2/gnu/microblaze/lin/x86_64-oesdk-linux/usr/lib/microblaze-xilinx-elf/gcc/microblaze-xilinx-elf/12.2.0/include-fixed;/pool/tools/Xilinx/Vitis/2023.2/gnu/microblaze/lin/microblazeeb-xilinx-elf/usr/include]


Parsed C implicit link information from above output:
  link line regex: [^( *|.*[/\])(mb-ld|CMAKE_LINK_STARTFILE-NOTFOUND|([^/\]+-)?ld|collect2)[^/\]*( |$)]
  ignore line: [Change Dir: /pool/xuyi/axi-dma-engine/vitis_workspace/platform/microblaze_0/standalone_microblaze_0/bsp/libsrc/build_configs/gen_bsp/CMakeFiles/CMakeTmp]
  ignore line: []
  ignore line: [Run Build Command(s):/bin/gmake -f Makefile cmTC_73d6e/fast && /bin/gmake  -f CMakeFiles/cmTC_73d6e.dir/build.make CMakeFiles/cmTC_73d6e.dir/build]
  ignore line: [gmake[1]: Entering directory '/pool/xuyi/axi-dma-engine/vitis_workspace/platform/microblaze_0/standalone_microblaze_0/bsp/libsrc/build_configs/gen_bsp/CMakeFiles/CMakeTmp']
  ignore line: [Building C object CMakeFiles/cmTC_73d6e.dir/CMakeCCompilerABI.c.obj]
  ignore line: [/pool/tools/Xilinx/Vitis/2023.2/gnu/microblaze/lin/bin/mb-gcc   -O2 -mlittle-endian -mxl-soft-mul -mcpu=v11.0 -DSDT  -MMD -MP -specs=/pool/xuyi/axi-dma-engine/vitis_workspace/platform/microblaze_0/standalone_microblaze_0/bsp/Xilinx.spec -I/pool/xuyi/axi-dma-engine/vitis_workspace/platform/microblaze_0/standalone_microblaze_0/bsp/include    -v -o CMakeFiles/cmTC_73d6e.dir/CMakeCCompilerABI.c.obj -c /pool/tools/Xilinx/Vitis/2023.2/tps/lnx64/cmake-3.24.2/share/cmake-3.24/Modules/CMakeCCompilerABI.c]
  ignore line: [Using built-in specs.]
  ignore line: [Reading specs from /pool/xuyi/axi-dma-engine/vitis_workspace/platform/microblaze_0/standalone_microblaze_0/bsp/Xilinx.spec]
  ignore line: [COLLECT_GCC=/pool/tools/Xilinx/Vitis/2023.2/gnu/microblaze/lin/bin/../x86_64-oesdk-linux/usr/bin/microblaze-xilinx-elf/microblaze-xilinx-elf-gcc.real]
  ignore line: [Target: microblaze-xilinx-elf]
  ignore line: [Configured with: ../../../../../../work-shared/gcc-12.2.0-r0/gcc-12.2.0/configure --build=x86_64-linux --host=x86_64-oesdk-linux --target=microblaze-xilinx-elf --prefix=/usr/local/oe-sdk-hardcoded-buildpath/sysroots/x86_64-oesdk-linux/usr --exec_prefix=/usr/local/oe-sdk-hardcoded-buildpath/sysroots/x86_64-oesdk-linux/usr --bindir=/usr/local/oe-sdk-hardcoded-buildpath/sysroots/x86_64-oesdk-linux/usr/bin/microblaze-xilinx-elf --sbindir=/usr/local/oe-sdk-hardcoded-buildpath/sysroots/x86_64-oesdk-linux/usr/bin/microblaze-xilinx-elf --libexecdir=/usr/local/oe-sdk-hardcoded-buildpath/sysroots/x86_64-oesdk-linux/usr/libexec/microblaze-xilinx-elf --datadir=/usr/local/oe-sdk-hardcoded-buildpath/sysroots/x86_64-oesdk-linux/usr/share --sysconfdir=/usr/local/oe-sdk-hardcoded-buildpath/sysroots/x86_64-oesdk-linux/etc --sharedstatedir=/usr/local/oe-sdk-hardcoded-buildpath/sysroots/x86_64-oesdk-linux/com --localstatedir=/usr/local/oe-sdk-hardcoded-buildpath/sysroots/x86_64-oesdk-linux/var --libdir=/usr/local/oe-sdk-hardcoded-buildpath/sysroots/x86_64-oesdk-linux/usr/lib/microblaze-xilinx-elf --includedir=/usr/local/oe-sdk-hardcoded-buildpath/sysroots/x86_64-oesdk-linux/usr/include --oldincludedir=/usr/local/oe-sdk-hardcoded-buildpath/sysroots/x86_64-oesdk-linux/usr/include --infodir=/usr/local/oe-sdk-hardcoded-buildpath/sysroots/x86_64-oesdk-linux/usr/share/info --mandir=/usr/local/oe-sdk-hardcoded-buildpath/sysroots/x86_64-oesdk-linux/usr/share/man --disable-silent-rules --disable-dependency-tracking --with-libtool-sysroot=/scratch/jenkins-BUILDS-eSDK-toolchain-2023.1_toolchain-7_Standalone_microblaze-tc/build/microblaze-tc-x86_64/work/x86_64-nativesdk-oesdk-linux/gcc-cross-canadian-microblaze/12.2.0-r0/recipe-sysroot --with-gnu-ld --enable-shared --enable-languages=c,c++,fortran --enable-threads=posix --enable-multilib --enable-c99 --enable-long-long --enable-libstdcxx-pch --program-prefix=microblaze-xilinx-elf- --without-local-prefix --disable-install-libiberty --disable-libssp --enable-libitm --enable-lto --disable-bootstrap --with-system-zlib --enable-linker-build-id --with-ppl=no --with-cloog=no --enable-checking=release --enable-cheaders=c_global --without-isl --with-gxx-include-dir=/not/exist/usr/include/c++/12.2.0 --with-build-time-tools=/scratch/jenkins-BUILDS-eSDK-toolchain-2023.1_toolchain-7_Standalone_microblaze-tc/build/microblaze-tc-x86_64/work/x86_64-nativesdk-oesdk-linux/gcc-cross-canadian-microblaze/12.2.0-r0/recipe-sysroot-native/usr/microblaze-xilinx-elf/bin --with-sysroot=/not/exist --with-build-sysroot=/scratch/jenkins-BUILDS-eSDK-toolchain-2023.1_toolchain-7_Standalone_microblaze-tc/build/microblaze-tc-x86_64/work/x86_64-nativesdk-oesdk-linux/gcc-cross-canadian-microblaze/12.2.0-r0/recipe-sysroot --enable-standard-branch-protection --with-plugin-ld=ld --enable-poison-system-directories --enable-nls --with-glibc-version=2.28 --enable-initfini-array --disable-initfini_array --disable-__cxa_atexit --disable-libstdcxx-pch --with-newlib --disable-threads --enable-plugins --with-gnu-as --disable-libitm --without-long-double-128 --enable-multilib --with-sysroot=/not/exist]
  ignore line: [Thread model: single]
  ignore line: [Supported LTO compression algorithms: zlib zstd]
  ignore line: [gcc version 12.2.0 (GCC) ]
  ignore line: [COLLECT_GCC_OPTIONS='--sysroot=/pool/tools/Xilinx/Vitis/2023.2/gnu/microblaze/lin/bin/../microblazeeb-xilinx-elf' '-O2' '-mlittle-endian' '-mxl-soft-mul' '-mcpu=v11.0' '-D' 'SDT' '-MMD' '-MP' '-specs=/pool/xuyi/axi-dma-engine/vitis_workspace/platform/microblaze_0/standalone_microblaze_0/bsp/Xilinx.spec' '-I' '/pool/xuyi/axi-dma-engine/vitis_workspace/platform/microblaze_0/standalone_microblaze_0/bsp/include' '-v' '-o' 'CMakeFiles/cmTC_73d6e.dir/CMakeCCompilerABI.c.obj' '-c' '-dumpdir' 'CMakeFiles/cmTC_73d6e.dir/']
  ignore line: [ /pool/tools/Xilinx/Vitis/2023.2/gnu/microblaze/lin/x86_64-oesdk-linux/usr/bin/microblaze-xilinx-elf/../../libexec/microblaze-xilinx-elf/gcc/microblaze-xilinx-elf/12.2.0/cc1 -quiet -v -I /pool/xuyi/axi-dma-engine/vitis_workspace/platform/microblaze_0/standalone_microblaze_0/bsp/include -imultilib le -iprefix /pool/tools/Xilinx/Vitis/2023.2/gnu/microblaze/lin/x86_64-oesdk-linux/usr/bin/microblaze-xilinx-elf/../../lib/microblaze-xilinx-elf/gcc/microblaze-xilinx-elf/12.2.0/ -isysroot /pool/tools/Xilinx/Vitis/2023.2/gnu/microblaze/lin/bin/../microblazeeb-xilinx-elf -MMD CMakeFiles/cmTC_73d6e.dir/CMakeCCompilerABI.c.d -MP -MQ CMakeFiles/cmTC_73d6e.dir/CMakeCCompilerABI.c.obj -D SDT /pool/tools/Xilinx/Vitis/2023.2/tps/lnx64/cmake-3.24.2/share/cmake-3.24/Modules/CMakeCCompilerABI.c -quiet -dumpdir CMakeFiles/cmTC_73d6e.dir/ -dumpbase CMakeCCompilerABI.c.c -dumpbase-ext .c -mlittle-endian -mxl-soft-mul -mcpu=v11.0 -O2 -version -o /tmp/cct6QlgJ.s]
  ignore line: [GNU C17 (GCC) version 12.2.0 (microblaze-xilinx-elf)]
  ignore line: [	compiled by GNU C version 12.2.0  GMP version 6.2.1  MPFR version 4.1.0  MPC version 1.2.1  isl version none]
  ignore line: [GGC heuristics: --param ggc-min-expand=100 --param ggc-min-heapsize=131072]
  ignore line: [ignoring nonexistent directory "/pool/tools/Xilinx/Vitis/2023.2/gnu/microblaze/lin/x86_64-oesdk-linux/usr/bin/microblaze-xilinx-elf/../../lib/microblaze-xilinx-elf/gcc/microblaze-xilinx-elf/12.2.0/../../../../../microblaze-xilinx-elf/include"]
  ignore line: [ignoring duplicate directory "/pool/tools/Xilinx/Vitis/2023.2/gnu/microblaze/lin/x86_64-oesdk-linux/usr/bin/microblaze-xilinx-elf/../../lib/microblaze-xilinx-elf/gcc/../../../lib/microblaze-xilinx-elf/gcc/microblaze-xilinx-elf/12.2.0/include"]
  ignore line: [ignoring nonexistent directory "/pool/tools/Xilinx/Vitis/2023.2/gnu/microblaze/lin/bin/../microblazeeb-xilinx-elf/usr/lib/microblaze-xilinx-elf/12.2.0/include"]
  ignore line: [ignoring nonexistent directory "/pool/tools/Xilinx/Vitis/2023.2/gnu/microblaze/lin/bin/../microblazeeb-xilinx-elf/usr/local/include"]
  ignore line: [ignoring duplicate directory "/pool/tools/Xilinx/Vitis/2023.2/gnu/microblaze/lin/x86_64-oesdk-linux/usr/bin/microblaze-xilinx-elf/../../lib/microblaze-xilinx-elf/gcc/../../../lib/microblaze-xilinx-elf/gcc/microblaze-xilinx-elf/12.2.0/include-fixed"]
  ignore line: [ignoring nonexistent directory "/pool/tools/Xilinx/Vitis/2023.2/gnu/microblaze/lin/x86_64-oesdk-linux/usr/bin/microblaze-xilinx-elf/../../lib/microblaze-xilinx-elf/gcc/../../../lib/microblaze-xilinx-elf/gcc/microblaze-xilinx-elf/12.2.0/../../../../../microblaze-xilinx-elf/include"]
  ignore line: [#include "..." search starts here:]
  ignore line: [#include <...> search starts here:]
  ignore line: [ /pool/xuyi/axi-dma-engine/vitis_workspace/platform/microblaze_0/standalone_microblaze_0/bsp/include]
  ignore line: [ /pool/tools/Xilinx/Vitis/2023.2/gnu/microblaze/lin/x86_64-oesdk-linux/usr/bin/microblaze-xilinx-elf/../../lib/microblaze-xilinx-elf/gcc/microblaze-xilinx-elf/12.2.0/include]
  ignore line: [ /pool/tools/Xilinx/Vitis/2023.2/gnu/microblaze/lin/x86_64-oesdk-linux/usr/bin/microblaze-xilinx-elf/../../lib/microblaze-xilinx-elf/gcc/microblaze-xilinx-elf/12.2.0/include-fixed]
  ignore line: [ /pool/tools/Xilinx/Vitis/2023.2/gnu/microblaze/lin/bin/../microblazeeb-xilinx-elf/usr/include/]
  ignore line: [End of search list.]
  ignore line: [GNU C17 (GCC) version 12.2.0 (microblaze-xilinx-elf)]
  ignore line: [	compiled by GNU C version 12.2.0  GMP version 6.2.1  MPFR version 4.1.0  MPC version 1.2.1  isl version none]
  ignore line: [GGC heuristics: --param ggc-min-expand=100 --param ggc-min-heapsize=131072]
  ignore line: [Compiler executable checksum: d83bd919023a81b67b6cd863aaa3e898]
  ignore line: [COLLECT_GCC_OPTIONS='--sysroot=/pool/tools/Xilinx/Vitis/2023.2/gnu/microblaze/lin/bin/../microblazeeb-xilinx-elf' '-O2' '-mlittle-endian' '-mxl-soft-mul' '-mcpu=v11.0' '-D' 'SDT' '-MMD' '-MP' '-specs=/pool/xuyi/axi-dma-engine/vitis_workspace/platform/microblaze_0/standalone_microblaze_0/bsp/Xilinx.spec' '-I' '/pool/xuyi/axi-dma-engine/vitis_workspace/platform/microblaze_0/standalone_microblaze_0/bsp/include' '-v' '-o' 'CMakeFiles/cmTC_73d6e.dir/CMakeCCompilerABI.c.obj' '-c' '-dumpdir' 'CMakeFiles/cmTC_73d6e.dir/']
  ignore line: [ /pool/tools/Xilinx/Vitis/2023.2/gnu/microblaze/lin/x86_64-oesdk-linux/usr/bin/microblaze-xilinx-elf/../../libexec/microblaze-xilinx-elf/gcc/microblaze-xilinx-elf/12.2.0/as -v -I /pool/xuyi/axi-dma-engine/vitis_workspace/platform/microblaze_0/standalone_microblaze_0/bsp/include -EL -o CMakeFiles/cmTC_73d6e.dir/CMakeCCompilerABI.c.obj /tmp/cct6QlgJ.s]
  ignore line: [GNU assembler version 2.39.0 (microblaze-xilinx-elf) using BFD version (GNU Binutils) 2.39.0.20220819]
  ignore line: [COMPILER_PATH=/pool/tools/Xilinx/Vitis/2023.2/gnu/microblaze/lin/x86_64-oesdk-linux/usr/bin/microblaze-xilinx-elf/../../libexec/microblaze-xilinx-elf/gcc/microblaze-xilinx-elf/12.2.0/:/pool/tools/Xilinx/Vitis/2023.2/gnu/microblaze/lin/x86_64-oesdk-linux/usr/bin/microblaze-xilinx-elf/../../libexec/microblaze-xilinx-elf/gcc/]
  ignore line: [LIBRARY_PATH=/pool/tools/Xilinx/Vitis/2023.2/gnu/microblaze/lin/bin/../microblazeeb-xilinx-elf/usr/lib/le/:/pool/tools/Xilinx/Vitis/2023.2/gnu/microblaze/lin/x86_64-oesdk-linux/usr/bin/microblaze-xilinx-elf/../../lib/microblaze-xilinx-elf/gcc/microblaze-xilinx-elf/12.2.0/:/pool/tools/Xilinx/Vitis/2023.2/gnu/microblaze/lin/x86_64-oesdk-linux/usr/bin/microblaze-xilinx-elf/../../lib/microblaze-xilinx-elf/gcc/:/pool/tools/Xilinx/Vitis/2023.2/gnu/microblaze/lin/bin/../microblazeeb-xilinx-elf/usr/lib/microblaze-xilinx-elf/12.2.0/:/pool/tools/Xilinx/Vitis/2023.2/gnu/microblaze/lin/bin/../microblazeeb-xilinx-elf/usr/lib/]
  ignore line: [COLLECT_GCC_OPTIONS='--sysroot=/pool/tools/Xilinx/Vitis/2023.2/gnu/microblaze/lin/bin/../microblazeeb-xilinx-elf' '-O2' '-mlittle-endian' '-mxl-soft-mul' '-mcpu=v11.0' '-D' 'SDT' '-MMD' '-MP' '-specs=/pool/xuyi/axi-dma-engine/vitis_workspace/platform/microblaze_0/standalone_microblaze_0/bsp/Xilinx.spec' '-I' '/pool/xuyi/axi-dma-engine/vitis_workspace/platform/microblaze_0/standalone_microblaze_0/bsp/include' '-v' '-o' 'CMakeFiles/cmTC_73d6e.dir/CMakeCCompilerABI.c.obj' '-c' '-dumpdir' 'CMakeFiles/cmTC_73d6e.dir/CMakeCCompilerABI.c.']
  ignore line: [Linking C static library libcmTC_73d6e.a]
  ignore line: [/pool/tools/Xilinx/Vitis/2023.2/tps/lnx64/cmake-3.24.2/bin/cmake -P CMakeFiles/cmTC_73d6e.dir/cmake_clean_target.cmake]
  ignore line: [/pool/tools/Xilinx/Vitis/2023.2/tps/lnx64/cmake-3.24.2/bin/cmake -E cmake_link_script CMakeFiles/cmTC_73d6e.dir/link.txt --verbose=1]
  ignore line: [mb-ar qc libcmTC_73d6e.a CMakeFiles/cmTC_73d6e.dir/CMakeCCompilerABI.c.obj]
  ignore line: [/pool/tools/Xilinx/Vitis/2023.2/gnu/microblaze/lin/bin/mb-ranlib libcmTC_73d6e.a]
  ignore line: [gmake[1]: Leaving directory '/pool/xuyi/axi-dma-engine/vitis_workspace/platform/microblaze_0/standalone_microblaze_0/bsp/libsrc/build_configs/gen_bsp/CMakeFiles/CMakeTmp']
  ignore line: []
  ignore line: []
  implicit libs: []
  implicit objs: []
  implicit dirs: []
  implicit fwks: []


Detecting CXX compiler ABI info compiled with the following output:
Change Dir: /pool/xuyi/axi-dma-engine/vitis_workspace/platform/microblaze_0/standalone_microblaze_0/bsp/libsrc/build_configs/gen_bsp/CMakeFiles/CMakeTmp

Run Build Command(s):/bin/gmake -f Makefile cmTC_589b5/fast && /bin/gmake  -f CMakeFiles/cmTC_589b5.dir/build.make CMakeFiles/cmTC_589b5.dir/build
gmake[1]: Entering directory '/pool/xuyi/axi-dma-engine/vitis_workspace/platform/microblaze_0/standalone_microblaze_0/bsp/libsrc/build_configs/gen_bsp/CMakeFiles/CMakeTmp'
Building CXX object CMakeFiles/cmTC_589b5.dir/CMakeCXXCompilerABI.cpp.obj
/pool/tools/Xilinx/Vitis/2023.2/gnu/microblaze/lin/bin/mb-g++   -O2 -mlittle-endian -mxl-soft-mul -mcpu=v11.0 -DSDT  -MMD -MP -specs=/pool/xuyi/axi-dma-engine/vitis_workspace/platform/microblaze_0/standalone_microblaze_0/bsp/Xilinx.spec -I/pool/xuyi/axi-dma-engine/vitis_workspace/platform/microblaze_0/standalone_microblaze_0/bsp/include    -v -o CMakeFiles/cmTC_589b5.dir/CMakeCXXCompilerABI.cpp.obj -c /pool/tools/Xilinx/Vitis/2023.2/tps/lnx64/cmake-3.24.2/share/cmake-3.24/Modules/CMakeCXXCompilerABI.cpp
Using built-in specs.
Reading specs from /pool/xuyi/axi-dma-engine/vitis_workspace/platform/microblaze_0/standalone_microblaze_0/bsp/Xilinx.spec
COLLECT_GCC=/pool/tools/Xilinx/Vitis/2023.2/gnu/microblaze/lin/bin/../x86_64-oesdk-linux/usr/bin/microblaze-xilinx-elf/microblaze-xilinx-elf-g++.real
Target: microblaze-xilinx-elf
Configured with: ../../../../../../work-shared/gcc-12.2.0-r0/gcc-12.2.0/configure --build=x86_64-linux --host=x86_64-oesdk-linux --target=microblaze-xilinx-elf --prefix=/usr/local/oe-sdk-hardcoded-buildpath/sysroots/x86_64-oesdk-linux/usr --exec_prefix=/usr/local/oe-sdk-hardcoded-buildpath/sysroots/x86_64-oesdk-linux/usr --bindir=/usr/local/oe-sdk-hardcoded-buildpath/sysroots/x86_64-oesdk-linux/usr/bin/microblaze-xilinx-elf --sbindir=/usr/local/oe-sdk-hardcoded-buildpath/sysroots/x86_64-oesdk-linux/usr/bin/microblaze-xilinx-elf --libexecdir=/usr/local/oe-sdk-hardcoded-buildpath/sysroots/x86_64-oesdk-linux/usr/libexec/microblaze-xilinx-elf --datadir=/usr/local/oe-sdk-hardcoded-buildpath/sysroots/x86_64-oesdk-linux/usr/share --sysconfdir=/usr/local/oe-sdk-hardcoded-buildpath/sysroots/x86_64-oesdk-linux/etc --sharedstatedir=/usr/local/oe-sdk-hardcoded-buildpath/sysroots/x86_64-oesdk-linux/com --localstatedir=/usr/local/oe-sdk-hardcoded-buildpath/sysroots/x86_64-oesdk-linux/var --libdir=/usr/local/oe-sdk-hardcoded-buildpath/sysroots/x86_64-oesdk-linux/usr/lib/microblaze-xilinx-elf --includedir=/usr/local/oe-sdk-hardcoded-buildpath/sysroots/x86_64-oesdk-linux/usr/include --oldincludedir=/usr/local/oe-sdk-hardcoded-buildpath/sysroots/x86_64-oesdk-linux/usr/include --infodir=/usr/local/oe-sdk-hardcoded-buildpath/sysroots/x86_64-oesdk-linux/usr/share/info --mandir=/usr/local/oe-sdk-hardcoded-buildpath/sysroots/x86_64-oesdk-linux/usr/share/man --disable-silent-rules --disable-dependency-tracking --with-libtool-sysroot=/scratch/jenkins-BUILDS-eSDK-toolchain-2023.1_toolchain-7_Standalone_microblaze-tc/build/microblaze-tc-x86_64/work/x86_64-nativesdk-oesdk-linux/gcc-cross-canadian-microblaze/12.2.0-r0/recipe-sysroot --with-gnu-ld --enable-shared --enable-languages=c,c++,fortran --enable-threads=posix --enable-multilib --enable-c99 --enable-long-long --enable-libstdcxx-pch --program-prefix=microblaze-xilinx-elf- --without-local-prefix --disable-install-libiberty --disable-libssp --enable-libitm --enable-lto --disable-bootstrap --with-system-zlib --enable-linker-build-id --with-ppl=no --with-cloog=no --enable-checking=release --enable-cheaders=c_global --without-isl --with-gxx-include-dir=/not/exist/usr/include/c++/12.2.0 --with-build-time-tools=/scratch/jenkins-BUILDS-eSDK-toolchain-2023.1_toolchain-7_Standalone_microblaze-tc/build/microblaze-tc-x86_64/work/x86_64-nativesdk-oesdk-linux/gcc-cross-canadian-microblaze/12.2.0-r0/recipe-sysroot-native/usr/microblaze-xilinx-elf/bin --with-sysroot=/not/exist --with-build-sysroot=/scratch/jenkins-BUILDS-eSDK-toolchain-2023.1_toolchain-7_Standalone_microblaze-tc/build/microblaze-tc-x86_64/work/x86_64-nativesdk-oesdk-linux/gcc-cross-canadian-microblaze/12.2.0-r0/recipe-sysroot --enable-standard-branch-protection --with-plugin-ld=ld --enable-poison-system-directories --enable-nls --with-glibc-version=2.28 --enable-initfini-array --disable-initfini_array --disable-__cxa_atexit --disable-libstdcxx-pch --with-newlib --disable-threads --enable-plugins --with-gnu-as --disable-libitm --without-long-double-128 --enable-multilib --with-sysroot=/not/exist
Thread model: single
Supported LTO compression algorithms: zlib zstd
gcc version 12.2.0 (GCC) 
COLLECT_GCC_OPTIONS='--sysroot=/pool/tools/Xilinx/Vitis/2023.2/gnu/microblaze/lin/bin/../microblazeeb-xilinx-elf' '-O2' '-mlittle-endian' '-mxl-soft-mul' '-mcpu=v11.0' '-D' 'SDT' '-MMD' '-MP' '-specs=/pool/xuyi/axi-dma-engine/vitis_workspace/platform/microblaze_0/standalone_microblaze_0/bsp/Xilinx.spec' '-I' '/pool/xuyi/axi-dma-engine/vitis_workspace/platform/microblaze_0/standalone_microblaze_0/bsp/include' '-v' '-o' 'CMakeFiles/cmTC_589b5.dir/CMakeCXXCompilerABI.cpp.obj' '-c' '-dumpdir' 'CMakeFiles/cmTC_589b5.dir/'
 /pool/tools/Xilinx/Vitis/2023.2/gnu/microblaze/lin/x86_64-oesdk-linux/usr/bin/microblaze-xilinx-elf/../../libexec/microblaze-xilinx-elf/gcc/microblaze-xilinx-elf/12.2.0/cc1plus -quiet -v -I /pool/xuyi/axi-dma-engine/vitis_workspace/platform/microblaze_0/standalone_microblaze_0/bsp/include -imultilib le -iprefix /pool/tools/Xilinx/Vitis/2023.2/gnu/microblaze/lin/x86_64-oesdk-linux/usr/bin/microblaze-xilinx-elf/../../lib/microblaze-xilinx-elf/gcc/microblaze-xilinx-elf/12.2.0/ -isysroot /pool/tools/Xilinx/Vitis/2023.2/gnu/microblaze/lin/bin/../microblazeeb-xilinx-elf -MMD CMakeFiles/cmTC_589b5.dir/CMakeCXXCompilerABI.cpp.d -MP -MQ CMakeFiles/cmTC_589b5.dir/CMakeCXXCompilerABI.cpp.obj -D SDT /pool/tools/Xilinx/Vitis/2023.2/tps/lnx64/cmake-3.24.2/share/cmake-3.24/Modules/CMakeCXXCompilerABI.cpp -quiet -dumpdir CMakeFiles/cmTC_589b5.dir/ -dumpbase CMakeCXXCompilerABI.cpp.cpp -dumpbase-ext .cpp -mlittle-endian -mxl-soft-mul -mcpu=v11.0 -O2 -version -o /tmp/ccQrB5Pr.s
GNU C++17 (GCC) version 12.2.0 (microblaze-xilinx-elf)
	compiled by GNU C version 12.2.0, GMP version 6.2.1, MPFR version 4.1.0, MPC version 1.2.1, isl version none
GGC heuristics: --param ggc-min-expand=100 --param ggc-min-heapsize=131072
ignoring duplicate directory "/opt/nvidia/cudaq/include"
ignoring nonexistent directory "/pool/tools/Xilinx/Vitis/2023.2/gnu/microblaze/lin/x86_64-oesdk-linux/usr/bin/microblaze-xilinx-elf/../../lib/microblaze-xilinx-elf/gcc/microblaze-xilinx-elf/12.2.0/../../../../../microblaze-xilinx-elf/include"
ignoring duplicate directory "/pool/tools/Xilinx/Vitis/2023.2/gnu/microblaze/lin/x86_64-oesdk-linux/usr/bin/microblaze-xilinx-elf/../../lib/microblaze-xilinx-elf/gcc/../../../lib/microblaze-xilinx-elf/gcc/microblaze-xilinx-elf/12.2.0/include"
ignoring nonexistent directory "/pool/tools/Xilinx/Vitis/2023.2/gnu/microblaze/lin/bin/../microblazeeb-xilinx-elf/usr/lib/microblaze-xilinx-elf/12.2.0/include"
ignoring nonexistent directory "/pool/tools/Xilinx/Vitis/2023.2/gnu/microblaze/lin/bin/../microblazeeb-xilinx-elf/usr/local/include"
ignoring duplicate directory "/pool/tools/Xilinx/Vitis/2023.2/gnu/microblaze/lin/x86_64-oesdk-linux/usr/bin/microblaze-xilinx-elf/../../lib/microblaze-xilinx-elf/gcc/../../../lib/microblaze-xilinx-elf/gcc/microblaze-xilinx-elf/12.2.0/include-fixed"
ignoring nonexistent directory "/pool/tools/Xilinx/Vitis/2023.2/gnu/microblaze/lin/x86_64-oesdk-linux/usr/bin/microblaze-xilinx-elf/../../lib/microblaze-xilinx-elf/gcc/../../../lib/microblaze-xilinx-elf/gcc/microblaze-xilinx-elf/12.2.0/../../../../../microblaze-xilinx-elf/include"
#include "..." search starts here:
#include <...> search starts here:
 /pool/xuyi/axi-dma-engine/vitis_workspace/platform/microblaze_0/standalone_microblaze_0/bsp/include
 /opt/nvidia/cudaq/include
 /pool/tools/Xilinx/Vitis/2023.2/gnu/microblaze/lin/x86_64-oesdk-linux/usr/bin/microblaze-xilinx-elf/../../lib/microblaze-xilinx-elf/gcc/microblaze-xilinx-elf/12.2.0/include
 /pool/tools/Xilinx/Vitis/2023.2/gnu/microblaze/lin/x86_64-oesdk-linux/usr/bin/microblaze-xilinx-elf/../../lib/microblaze-xilinx-elf/gcc/microblaze-xilinx-elf/12.2.0/include-fixed
 /pool/tools/Xilinx/Vitis/2023.2/gnu/microblaze/lin/bin/../microblazeeb-xilinx-elf/usr/include/c++/12.2.0
 /pool/tools/Xilinx/Vitis/2023.2/gnu/microblaze/lin/bin/../microblazeeb-xilinx-elf/usr/include/c++/12.2.0/microblaze-xilinx-elf/le
 /pool/tools/Xilinx/Vitis/2023.2/gnu/microblaze/lin/bin/../microblazeeb-xilinx-elf/usr/include/c++/12.2.0/backward
 /pool/tools/Xilinx/Vitis/2023.2/gnu/microblaze/lin/bin/../microblazeeb-xilinx-elf/usr/include/
End of search list.
GNU C++17 (GCC) version 12.2.0 (microblaze-xilinx-elf)
	compiled by GNU C version 12.2.0, GMP version 6.2.1, MPFR version 4.1.0, MPC version 1.2.1, isl version none
GGC heuristics: --param ggc-min-expand=100 --param ggc-min-heapsize=131072
Compiler executable checksum: 859832fc9be30c3d94d2b3618df7895c
COLLECT_GCC_OPTIONS='--sysroot=/pool/tools/Xilinx/Vitis/2023.2/gnu/microblaze/lin/bin/../microblazeeb-xilinx-elf' '-O2' '-mlittle-endian' '-mxl-soft-mul' '-mcpu=v11.0' '-D' 'SDT' '-MMD' '-MP' '-specs=/pool/xuyi/axi-dma-engine/vitis_workspace/platform/microblaze_0/standalone_microblaze_0/bsp/Xilinx.spec' '-I' '/pool/xuyi/axi-dma-engine/vitis_workspace/platform/microblaze_0/standalone_microblaze_0/bsp/include' '-v' '-o' 'CMakeFiles/cmTC_589b5.dir/CMakeCXXCompilerABI.cpp.obj' '-c' '-dumpdir' 'CMakeFiles/cmTC_589b5.dir/'
 /pool/tools/Xilinx/Vitis/2023.2/gnu/microblaze/lin/x86_64-oesdk-linux/usr/bin/microblaze-xilinx-elf/../../libexec/microblaze-xilinx-elf/gcc/microblaze-xilinx-elf/12.2.0/as -v -I /pool/xuyi/axi-dma-engine/vitis_workspace/platform/microblaze_0/standalone_microblaze_0/bsp/include -EL -o CMakeFiles/cmTC_589b5.dir/CMakeCXXCompilerABI.cpp.obj /tmp/ccQrB5Pr.s
GNU assembler version 2.39.0 (microblaze-xilinx-elf) using BFD version (GNU Binutils) 2.39.0.20220819
COMPILER_PATH=/pool/tools/Xilinx/Vitis/2023.2/gnu/microblaze/lin/x86_64-oesdk-linux/usr/bin/microblaze-xilinx-elf/../../libexec/microblaze-xilinx-elf/gcc/microblaze-xilinx-elf/12.2.0/:/pool/tools/Xilinx/Vitis/2023.2/gnu/microblaze/lin/x86_64-oesdk-linux/usr/bin/microblaze-xilinx-elf/../../libexec/microblaze-xilinx-elf/gcc/
LIBRARY_PATH=/pool/tools/Xilinx/Vitis/2023.2/gnu/microblaze/lin/bin/../microblazeeb-xilinx-elf/usr/lib/le/:/pool/tools/Xilinx/Vitis/2023.2/gnu/microblaze/lin/x86_64-oesdk-linux/usr/bin/microblaze-xilinx-elf/../../lib/microblaze-xilinx-elf/gcc/microblaze-xilinx-elf/12.2.0/:/pool/tools/Xilinx/Vitis/2023.2/gnu/microblaze/lin/x86_64-oesdk-linux/usr/bin/microblaze-xilinx-elf/../../lib/microblaze-xilinx-elf/gcc/:/pool/tools/Xilinx/Vitis/2023.2/gnu/microblaze/lin/bin/../microblazeeb-xilinx-elf/usr/lib/microblaze-xilinx-elf/12.2.0/:/pool/tools/Xilinx/Vitis/2023.2/gnu/microblaze/lin/bin/../microblazeeb-xilinx-elf/usr/lib/
COLLECT_GCC_OPTIONS='--sysroot=/pool/tools/Xilinx/Vitis/2023.2/gnu/microblaze/lin/bin/../microblazeeb-xilinx-elf' '-O2' '-mlittle-endian' '-mxl-soft-mul' '-mcpu=v11.0' '-D' 'SDT' '-MMD' '-MP' '-specs=/pool/xuyi/axi-dma-engine/vitis_workspace/platform/microblaze_0/standalone_microblaze_0/bsp/Xilinx.spec' '-I' '/pool/xuyi/axi-dma-engine/vitis_workspace/platform/microblaze_0/standalone_microblaze_0/bsp/include' '-v' '-o' 'CMakeFiles/cmTC_589b5.dir/CMakeCXXCompilerABI.cpp.obj' '-c' '-dumpdir' 'CMakeFiles/cmTC_589b5.dir/CMakeCXXCompilerABI.cpp.'
Linking CXX static library libcmTC_589b5.a
/pool/tools/Xilinx/Vitis/2023.2/tps/lnx64/cmake-3.24.2/bin/cmake -P CMakeFiles/cmTC_589b5.dir/cmake_clean_target.cmake
/pool/tools/Xilinx/Vitis/2023.2/tps/lnx64/cmake-3.24.2/bin/cmake -E cmake_link_script CMakeFiles/cmTC_589b5.dir/link.txt --verbose=1
mb-ar qc libcmTC_589b5.a CMakeFiles/cmTC_589b5.dir/CMakeCXXCompilerABI.cpp.obj
/pool/tools/Xilinx/Vitis/2023.2/gnu/microblaze/lin/bin/mb-ranlib libcmTC_589b5.a
gmake[1]: Leaving directory '/pool/xuyi/axi-dma-engine/vitis_workspace/platform/microblaze_0/standalone_microblaze_0/bsp/libsrc/build_configs/gen_bsp/CMakeFiles/CMakeTmp'



Parsed CXX implicit include dir info from above output: rv=done
  found start of include info
  found start of implicit include info
    add: [/pool/xuyi/axi-dma-engine/vitis_workspace/platform/microblaze_0/standalone_microblaze_0/bsp/include]
    add: [/opt/nvidia/cudaq/include]
    add: [/pool/tools/Xilinx/Vitis/2023.2/gnu/microblaze/lin/x86_64-oesdk-linux/usr/bin/microblaze-xilinx-elf/../../lib/microblaze-xilinx-elf/gcc/microblaze-xilinx-elf/12.2.0/include]
    add: [/pool/tools/Xilinx/Vitis/2023.2/gnu/microblaze/lin/x86_64-oesdk-linux/usr/bin/microblaze-xilinx-elf/../../lib/microblaze-xilinx-elf/gcc/microblaze-xilinx-elf/12.2.0/include-fixed]
    add: [/pool/tools/Xilinx/Vitis/2023.2/gnu/microblaze/lin/bin/../microblazeeb-xilinx-elf/usr/include/c++/12.2.0]
    add: [/pool/tools/Xilinx/Vitis/2023.2/gnu/microblaze/lin/bin/../microblazeeb-xilinx-elf/usr/include/c++/12.2.0/microblaze-xilinx-elf/le]
    add: [/pool/tools/Xilinx/Vitis/2023.2/gnu/microblaze/lin/bin/../microblazeeb-xilinx-elf/usr/include/c++/12.2.0/backward]
    add: [/pool/tools/Xilinx/Vitis/2023.2/gnu/microblaze/lin/bin/../microblazeeb-xilinx-elf/usr/include/]
  end of search list found
  collapse include dir [/pool/xuyi/axi-dma-engine/vitis_workspace/platform/microblaze_0/standalone_microblaze_0/bsp/include] ==> [/pool/xuyi/axi-dma-engine/vitis_workspace/platform/microblaze_0/standalone_microblaze_0/bsp/include]
  collapse include dir [/opt/nvidia/cudaq/include] ==> [/opt/nvidia/cudaq/include]
  collapse include dir [/pool/tools/Xilinx/Vitis/2023.2/gnu/microblaze/lin/x86_64-oesdk-linux/usr/bin/microblaze-xilinx-elf/../../lib/microblaze-xilinx-elf/gcc/microblaze-xilinx-elf/12.2.0/include] ==> [/pool/tools/Xilinx/Vitis/2023.2/gnu/microblaze/lin/x86_64-oesdk-linux/usr/lib/microblaze-xilinx-elf/gcc/microblaze-xilinx-elf/12.2.0/include]
  collapse include dir [/pool/tools/Xilinx/Vitis/2023.2/gnu/microblaze/lin/x86_64-oesdk-linux/usr/bin/microblaze-xilinx-elf/../../lib/microblaze-xilinx-elf/gcc/microblaze-xilinx-elf/12.2.0/include-fixed] ==> [/pool/tools/Xilinx/Vitis/2023.2/gnu/microblaze/lin/x86_64-oesdk-linux/usr/lib/microblaze-xilinx-elf/gcc/microblaze-xilinx-elf/12.2.0/include-fixed]
  collapse include dir [/pool/tools/Xilinx/Vitis/2023.2/gnu/microblaze/lin/bin/../microblazeeb-xilinx-elf/usr/include/c++/12.2.0] ==> [/pool/tools/Xilinx/Vitis/2023.2/gnu/microblaze/lin/microblazeeb-xilinx-elf/usr/include/c++/12.2.0]
  collapse include dir [/pool/tools/Xilinx/Vitis/2023.2/gnu/microblaze/lin/bin/../microblazeeb-xilinx-elf/usr/include/c++/12.2.0/microblaze-xilinx-elf/le] ==> [/pool/tools/Xilinx/Vitis/2023.2/gnu/microblaze/lin/microblazeeb-xilinx-elf/usr/include/c++/12.2.0/microblaze-xilinx-elf/le]
  collapse include dir [/pool/tools/Xilinx/Vitis/2023.2/gnu/microblaze/lin/bin/../microblazeeb-xilinx-elf/usr/include/c++/12.2.0/backward] ==> [/pool/tools/Xilinx/Vitis/2023.2/gnu/microblaze/lin/microblazeeb-xilinx-elf/usr/include/c++/12.2.0/backward]
  collapse include dir [/pool/tools/Xilinx/Vitis/2023.2/gnu/microblaze/lin/bin/../microblazeeb-xilinx-elf/usr/include/] ==> [/pool/tools/Xilinx/Vitis/2023.2/gnu/microblaze/lin/microblazeeb-xilinx-elf/usr/include]
  implicit include dirs: [/pool/xuyi/axi-dma-engine/vitis_workspace/platform/microblaze_0/standalone_microblaze_0/bsp/include;/opt/nvidia/cudaq/include;/pool/tools/Xilinx/Vitis/2023.2/gnu/microblaze/lin/x86_64-oesdk-linux/usr/lib/microblaze-xilinx-elf/gcc/microblaze-xilinx-elf/12.2.0/include;/pool/tools/Xilinx/Vitis/2023.2/gnu/microblaze/lin/x86_64-oesdk-linux/usr/lib/microblaze-xilinx-elf/gcc/microblaze-xilinx-elf/12.2.0/include-fixed;/pool/tools/Xilinx/Vitis/2023.2/gnu/microblaze/lin/microblazeeb-xilinx-elf/usr/include/c++/12.2.0;/pool/tools/Xilinx/Vitis/2023.2/gnu/microblaze/lin/microblazeeb-xilinx-elf/usr/include/c++/12.2.0/microblaze-xilinx-elf/le;/pool/tools/Xilinx/Vitis/2023.2/gnu/microblaze/lin/microblazeeb-xilinx-elf/usr/include/c++/12.2.0/backward;/pool/tools/Xilinx/Vitis/2023.2/gnu/microblaze/lin/microblazeeb-xilinx-elf/usr/include]


Parsed CXX implicit link information from above output:
  link line regex: [^( *|.*[/\])(mb-ld|CMAKE_LINK_STARTFILE-NOTFOUND|([^/\]+-)?ld|collect2)[^/\]*( |$)]
  ignore line: [Change Dir: /pool/xuyi/axi-dma-engine/vitis_workspace/platform/microblaze_0/standalone_microblaze_0/bsp/libsrc/build_configs/gen_bsp/CMakeFiles/CMakeTmp]
  ignore line: []
  ignore line: [Run Build Command(s):/bin/gmake -f Makefile cmTC_589b5/fast && /bin/gmake  -f CMakeFiles/cmTC_589b5.dir/build.make CMakeFiles/cmTC_589b5.dir/build]
  ignore line: [gmake[1]: Entering directory '/pool/xuyi/axi-dma-engine/vitis_workspace/platform/microblaze_0/standalone_microblaze_0/bsp/libsrc/build_configs/gen_bsp/CMakeFiles/CMakeTmp']
  ignore line: [Building CXX object CMakeFiles/cmTC_589b5.dir/CMakeCXXCompilerABI.cpp.obj]
  ignore line: [/pool/tools/Xilinx/Vitis/2023.2/gnu/microblaze/lin/bin/mb-g++   -O2 -mlittle-endian -mxl-soft-mul -mcpu=v11.0 -DSDT  -MMD -MP -specs=/pool/xuyi/axi-dma-engine/vitis_workspace/platform/microblaze_0/standalone_microblaze_0/bsp/Xilinx.spec -I/pool/xuyi/axi-dma-engine/vitis_workspace/platform/microblaze_0/standalone_microblaze_0/bsp/include    -v -o CMakeFiles/cmTC_589b5.dir/CMakeCXXCompilerABI.cpp.obj -c /pool/tools/Xilinx/Vitis/2023.2/tps/lnx64/cmake-3.24.2/share/cmake-3.24/Modules/CMakeCXXCompilerABI.cpp]
  ignore line: [Using built-in specs.]
  ignore line: [Reading specs from /pool/xuyi/axi-dma-engine/vitis_workspace/platform/microblaze_0/standalone_microblaze_0/bsp/Xilinx.spec]
  ignore line: [COLLECT_GCC=/pool/tools/Xilinx/Vitis/2023.2/gnu/microblaze/lin/bin/../x86_64-oesdk-linux/usr/bin/microblaze-xilinx-elf/microblaze-xilinx-elf-g++.real]
  ignore line: [Target: microblaze-xilinx-elf]
  ignore line: [Configured with: ../../../../../../work-shared/gcc-12.2.0-r0/gcc-12.2.0/configure --build=x86_64-linux --host=x86_64-oesdk-linux --target=microblaze-xilinx-elf --prefix=/usr/local/oe-sdk-hardcoded-buildpath/sysroots/x86_64-oesdk-linux/usr --exec_prefix=/usr/local/oe-sdk-hardcoded-buildpath/sysroots/x86_64-oesdk-linux/usr --bindir=/usr/local/oe-sdk-hardcoded-buildpath/sysroots/x86_64-oesdk-linux/usr/bin/microblaze-xilinx-elf --sbindir=/usr/local/oe-sdk-hardcoded-buildpath/sysroots/x86_64-oesdk-linux/usr/bin/microblaze-xilinx-elf --libexecdir=/usr/local/oe-sdk-hardcoded-buildpath/sysroots/x86_64-oesdk-linux/usr/libexec/microblaze-xilinx-elf --datadir=/usr/local/oe-sdk-hardcoded-buildpath/sysroots/x86_64-oesdk-linux/usr/share --sysconfdir=/usr/local/oe-sdk-hardcoded-buildpath/sysroots/x86_64-oesdk-linux/etc --sharedstatedir=/usr/local/oe-sdk-hardcoded-buildpath/sysroots/x86_64-oesdk-linux/com --localstatedir=/usr/local/oe-sdk-hardcoded-buildpath/sysroots/x86_64-oesdk-linux/var --libdir=/usr/local/oe-sdk-hardcoded-buildpath/sysroots/x86_64-oesdk-linux/usr/lib/microblaze-xilinx-elf --includedir=/usr/local/oe-sdk-hardcoded-buildpath/sysroots/x86_64-oesdk-linux/usr/include --oldincludedir=/usr/local/oe-sdk-hardcoded-buildpath/sysroots/x86_64-oesdk-linux/usr/include --infodir=/usr/local/oe-sdk-hardcoded-buildpath/sysroots/x86_64-oesdk-linux/usr/share/info --mandir=/usr/local/oe-sdk-hardcoded-buildpath/sysroots/x86_64-oesdk-linux/usr/share/man --disable-silent-rules --disable-dependency-tracking --with-libtool-sysroot=/scratch/jenkins-BUILDS-eSDK-toolchain-2023.1_toolchain-7_Standalone_microblaze-tc/build/microblaze-tc-x86_64/work/x86_64-nativesdk-oesdk-linux/gcc-cross-canadian-microblaze/12.2.0-r0/recipe-sysroot --with-gnu-ld --enable-shared --enable-languages=c,c++,fortran --enable-threads=posix --enable-multilib --enable-c99 --enable-long-long --enable-libstdcxx-pch --program-prefix=microblaze-xilinx-elf- --without-local-prefix --disable-install-libiberty --disable-libssp --enable-libitm --enable-lto --disable-bootstrap --with-system-zlib --enable-linker-build-id --with-ppl=no --with-cloog=no --enable-checking=release --enable-cheaders=c_global --without-isl --with-gxx-include-dir=/not/exist/usr/include/c++/12.2.0 --with-build-time-tools=/scratch/jenkins-BUILDS-eSDK-toolchain-2023.1_toolchain-7_Standalone_microblaze-tc/build/microblaze-tc-x86_64/work/x86_64-nativesdk-oesdk-linux/gcc-cross-canadian-microblaze/12.2.0-r0/recipe-sysroot-native/usr/microblaze-xilinx-elf/bin --with-sysroot=/not/exist --with-build-sysroot=/scratch/jenkins-BUILDS-eSDK-toolchain-2023.1_toolchain-7_Standalone_microblaze-tc/build/microblaze-tc-x86_64/work/x86_64-nativesdk-oesdk-linux/gcc-cross-canadian-microblaze/12.2.0-r0/recipe-sysroot --enable-standard-branch-protection --with-plugin-ld=ld --enable-poison-system-directories --enable-nls --with-glibc-version=2.28 --enable-initfini-array --disable-initfini_array --disable-__cxa_atexit --disable-libstdcxx-pch --with-newlib --disable-threads --enable-plugins --with-gnu-as --disable-libitm --without-long-double-128 --enable-multilib --with-sysroot=/not/exist]
  ignore line: [Thread model: single]
  ignore line: [Supported LTO compression algorithms: zlib zstd]
  ignore line: [gcc version 12.2.0 (GCC) ]
  ignore line: [COLLECT_GCC_OPTIONS='--sysroot=/pool/tools/Xilinx/Vitis/2023.2/gnu/microblaze/lin/bin/../microblazeeb-xilinx-elf' '-O2' '-mlittle-endian' '-mxl-soft-mul' '-mcpu=v11.0' '-D' 'SDT' '-MMD' '-MP' '-specs=/pool/xuyi/axi-dma-engine/vitis_workspace/platform/microblaze_0/standalone_microblaze_0/bsp/Xilinx.spec' '-I' '/pool/xuyi/axi-dma-engine/vitis_workspace/platform/microblaze_0/standalone_microblaze_0/bsp/include' '-v' '-o' 'CMakeFiles/cmTC_589b5.dir/CMakeCXXCompilerABI.cpp.obj' '-c' '-dumpdir' 'CMakeFiles/cmTC_589b5.dir/']
  ignore line: [ /pool/tools/Xilinx/Vitis/2023.2/gnu/microblaze/lin/x86_64-oesdk-linux/usr/bin/microblaze-xilinx-elf/../../libexec/microblaze-xilinx-elf/gcc/microblaze-xilinx-elf/12.2.0/cc1plus -quiet -v -I /pool/xuyi/axi-dma-engine/vitis_workspace/platform/microblaze_0/standalone_microblaze_0/bsp/include -imultilib le -iprefix /pool/tools/Xilinx/Vitis/2023.2/gnu/microblaze/lin/x86_64-oesdk-linux/usr/bin/microblaze-xilinx-elf/../../lib/microblaze-xilinx-elf/gcc/microblaze-xilinx-elf/12.2.0/ -isysroot /pool/tools/Xilinx/Vitis/2023.2/gnu/microblaze/lin/bin/../microblazeeb-xilinx-elf -MMD CMakeFiles/cmTC_589b5.dir/CMakeCXXCompilerABI.cpp.d -MP -MQ CMakeFiles/cmTC_589b5.dir/CMakeCXXCompilerABI.cpp.obj -D SDT /pool/tools/Xilinx/Vitis/2023.2/tps/lnx64/cmake-3.24.2/share/cmake-3.24/Modules/CMakeCXXCompilerABI.cpp -quiet -dumpdir CMakeFiles/cmTC_589b5.dir/ -dumpbase CMakeCXXCompilerABI.cpp.cpp -dumpbase-ext .cpp -mlittle-endian -mxl-soft-mul -mcpu=v11.0 -O2 -version -o /tmp/ccQrB5Pr.s]
  ignore line: [GNU C++17 (GCC) version 12.2.0 (microblaze-xilinx-elf)]
  ignore line: [	compiled by GNU C version 12.2.0  GMP version 6.2.1  MPFR version 4.1.0  MPC version 1.2.1  isl version none]
  ignore line: [GGC heuristics: --param ggc-min-expand=100 --param ggc-min-heapsize=131072]
  ignore line: [ignoring duplicate directory "/opt/nvidia/cudaq/include"]
  ignore line: [ignoring nonexistent directory "/pool/tools/Xilinx/Vitis/2023.2/gnu/microblaze/lin/x86_64-oesdk-linux/usr/bin/microblaze-xilinx-elf/../../lib/microblaze-xilinx-elf/gcc/microblaze-xilinx-elf/12.2.0/../../../../../microblaze-xilinx-elf/include"]
  ignore line: [ignoring duplicate directory "/pool/tools/Xilinx/Vitis/2023.2/gnu/microblaze/lin/x86_64-oesdk-linux/usr/bin/microblaze-xilinx-elf/../../lib/microblaze-xilinx-elf/gcc/../../../lib/microblaze-xilinx-elf/gcc/microblaze-xilinx-elf/12.2.0/include"]
  ignore line: [ignoring nonexistent directory "/pool/tools/Xilinx/Vitis/2023.2/gnu/microblaze/lin/bin/../microblazeeb-xilinx-elf/usr/lib/microblaze-xilinx-elf/12.2.0/include"]
  ignore line: [ignoring nonexistent directory "/pool/tools/Xilinx/Vitis/2023.2/gnu/microblaze/lin/bin/../microblazeeb-xilinx-elf/usr/local/include"]
  ignore line: [ignoring duplicate directory "/pool/tools/Xilinx/Vitis/2023.2/gnu/microblaze/lin/x86_64-oesdk-linux/usr/bin/microblaze-xilinx-elf/../../lib/microblaze-xilinx-elf/gcc/../../../lib/microblaze-xilinx-elf/gcc/microblaze-xilinx-elf/12.2.0/include-fixed"]
  ignore line: [ignoring nonexistent directory "/pool/tools/Xilinx/Vitis/2023.2/gnu/microblaze/lin/x86_64-oesdk-linux/usr/bin/microblaze-xilinx-elf/../../lib/microblaze-xilinx-elf/gcc/../../../lib/microblaze-xilinx-elf/gcc/microblaze-xilinx-elf/12.2.0/../../../../../microblaze-xilinx-elf/include"]
  ignore line: [#include "..." search starts here:]
  ignore line: [#include <...> search starts here:]
  ignore line: [ /pool/xuyi/axi-dma-engine/vitis_workspace/platform/microblaze_0/standalone_microblaze_0/bsp/include]
  ignore line: [ /opt/nvidia/cudaq/include]
  ignore line: [ /pool/tools/Xilinx/Vitis/2023.2/gnu/microblaze/lin/x86_64-oesdk-linux/usr/bin/microblaze-xilinx-elf/../../lib/microblaze-xilinx-elf/gcc/microblaze-xilinx-elf/12.2.0/include]
  ignore line: [ /pool/tools/Xilinx/Vitis/2023.2/gnu/microblaze/lin/x86_64-oesdk-linux/usr/bin/microblaze-xilinx-elf/../../lib/microblaze-xilinx-elf/gcc/microblaze-xilinx-elf/12.2.0/include-fixed]
  ignore line: [ /pool/tools/Xilinx/Vitis/2023.2/gnu/microblaze/lin/bin/../microblazeeb-xilinx-elf/usr/include/c++/12.2.0]
  ignore line: [ /pool/tools/Xilinx/Vitis/2023.2/gnu/microblaze/lin/bin/../microblazeeb-xilinx-elf/usr/include/c++/12.2.0/microblaze-xilinx-elf/le]
  ignore line: [ /pool/tools/Xilinx/Vitis/2023.2/gnu/microblaze/lin/bin/../microblazeeb-xilinx-elf/usr/include/c++/12.2.0/backward]
  ignore line: [ /pool/tools/Xilinx/Vitis/2023.2/gnu/microblaze/lin/bin/../microblazeeb-xilinx-elf/usr/include/]
  ignore line: [End of search list.]
  ignore line: [GNU C++17 (GCC) version 12.2.0 (microblaze-xilinx-elf)]
  ignore line: [	compiled by GNU C version 12.2.0  GMP version 6.2.1  MPFR version 4.1.0  MPC version 1.2.1  isl version none]
  ignore line: [GGC heuristics: --param ggc-min-expand=100 --param ggc-min-heapsize=131072]
  ignore line: [Compiler executable checksum: 859832fc9be30c3d94d2b3618df7895c]
  ignore line: [COLLECT_GCC_OPTIONS='--sysroot=/pool/tools/Xilinx/Vitis/2023.2/gnu/microblaze/lin/bin/../microblazeeb-xilinx-elf' '-O2' '-mlittle-endian' '-mxl-soft-mul' '-mcpu=v11.0' '-D' 'SDT' '-MMD' '-MP' '-specs=/pool/xuyi/axi-dma-engine/vitis_workspace/platform/microblaze_0/standalone_microblaze_0/bsp/Xilinx.spec' '-I' '/pool/xuyi/axi-dma-engine/vitis_workspace/platform/microblaze_0/standalone_microblaze_0/bsp/include' '-v' '-o' 'CMakeFiles/cmTC_589b5.dir/CMakeCXXCompilerABI.cpp.obj' '-c' '-dumpdir' 'CMakeFiles/cmTC_589b5.dir/']
  ignore line: [ /pool/tools/Xilinx/Vitis/2023.2/gnu/microblaze/lin/x86_64-oesdk-linux/usr/bin/microblaze-xilinx-elf/../../libexec/microblaze-xilinx-elf/gcc/microblaze-xilinx-elf/12.2.0/as -v -I /pool/xuyi/axi-dma-engine/vitis_workspace/platform/microblaze_0/standalone_microblaze_0/bsp/include -EL -o CMakeFiles/cmTC_589b5.dir/CMakeCXXCompilerABI.cpp.obj /tmp/ccQrB5Pr.s]
  ignore line: [GNU assembler version 2.39.0 (microblaze-xilinx-elf) using BFD version (GNU Binutils) 2.39.0.20220819]
  ignore line: [COMPILER_PATH=/pool/tools/Xilinx/Vitis/2023.2/gnu/microblaze/lin/x86_64-oesdk-linux/usr/bin/microblaze-xilinx-elf/../../libexec/microblaze-xilinx-elf/gcc/microblaze-xilinx-elf/12.2.0/:/pool/tools/Xilinx/Vitis/2023.2/gnu/microblaze/lin/x86_64-oesdk-linux/usr/bin/microblaze-xilinx-elf/../../libexec/microblaze-xilinx-elf/gcc/]
  ignore line: [LIBRARY_PATH=/pool/tools/Xilinx/Vitis/2023.2/gnu/microblaze/lin/bin/../microblazeeb-xilinx-elf/usr/lib/le/:/pool/tools/Xilinx/Vitis/2023.2/gnu/microblaze/lin/x86_64-oesdk-linux/usr/bin/microblaze-xilinx-elf/../../lib/microblaze-xilinx-elf/gcc/microblaze-xilinx-elf/12.2.0/:/pool/tools/Xilinx/Vitis/2023.2/gnu/microblaze/lin/x86_64-oesdk-linux/usr/bin/microblaze-xilinx-elf/../../lib/microblaze-xilinx-elf/gcc/:/pool/tools/Xilinx/Vitis/2023.2/gnu/microblaze/lin/bin/../microblazeeb-xilinx-elf/usr/lib/microblaze-xilinx-elf/12.2.0/:/pool/tools/Xilinx/Vitis/2023.2/gnu/microblaze/lin/bin/../microblazeeb-xilinx-elf/usr/lib/]
  ignore line: [COLLECT_GCC_OPTIONS='--sysroot=/pool/tools/Xilinx/Vitis/2023.2/gnu/microblaze/lin/bin/../microblazeeb-xilinx-elf' '-O2' '-mlittle-endian' '-mxl-soft-mul' '-mcpu=v11.0' '-D' 'SDT' '-MMD' '-MP' '-specs=/pool/xuyi/axi-dma-engine/vitis_workspace/platform/microblaze_0/standalone_microblaze_0/bsp/Xilinx.spec' '-I' '/pool/xuyi/axi-dma-engine/vitis_workspace/platform/microblaze_0/standalone_microblaze_0/bsp/include' '-v' '-o' 'CMakeFiles/cmTC_589b5.dir/CMakeCXXCompilerABI.cpp.obj' '-c' '-dumpdir' 'CMakeFiles/cmTC_589b5.dir/CMakeCXXCompilerABI.cpp.']
  ignore line: [Linking CXX static library libcmTC_589b5.a]
  ignore line: [/pool/tools/Xilinx/Vitis/2023.2/tps/lnx64/cmake-3.24.2/bin/cmake -P CMakeFiles/cmTC_589b5.dir/cmake_clean_target.cmake]
  ignore line: [/pool/tools/Xilinx/Vitis/2023.2/tps/lnx64/cmake-3.24.2/bin/cmake -E cmake_link_script CMakeFiles/cmTC_589b5.dir/link.txt --verbose=1]
  ignore line: [mb-ar qc libcmTC_589b5.a CMakeFiles/cmTC_589b5.dir/CMakeCXXCompilerABI.cpp.obj]
  ignore line: [/pool/tools/Xilinx/Vitis/2023.2/gnu/microblaze/lin/bin/mb-ranlib libcmTC_589b5.a]
  ignore line: [gmake[1]: Leaving directory '/pool/xuyi/axi-dma-engine/vitis_workspace/platform/microblaze_0/standalone_microblaze_0/bsp/libsrc/build_configs/gen_bsp/CMakeFiles/CMakeTmp']
  ignore line: []
  ignore line: []
  implicit libs: []
  implicit objs: []
  implicit dirs: []
  implicit fwks: []


Checking whether the ASM compiler is GNU using "--version" matched "(GNU assembler)|(GCC)|(Free Software Foundation)":
microblaze-xilinx-elf-gcc.real (GCC) 12.2.0
Copyright (C) 2022 Free Software Foundation, Inc.
This is free software; see the source for copying conditions.  There is NO
warranty; not even for MERCHANTABILITY or FITNESS FOR A PARTICULAR PURPOSE.

