
*** Running vivado
    with args -log vivado_config.vds -m64 -product Vivado -mode batch -messageDb vivado.pb -notrace -source vivado_config.tcl



****** Vivado v2025.2 (64-bit)
  **** SW Build 6299465 on Fri Nov 14 19:35:11 GMT 2025
  **** IP Build 6300035 on Fri Nov 14 10:48:45 MST 2025
  **** SharedData Build 6298862 on Thu Nov 13 04:50:51 MST 2025
  **** Start of session at: Sat May  2 00:13:41 2026
    ** Copyright 1986-2022 Xilinx, Inc. All Rights Reserved.
    ** Copyright 2022-2025 Advanced Micro Devices, Inc. All Rights Reserved.

source vivado_config.tcl -notrace
create_project: Time (s): cpu = 00:00:09 ; elapsed = 00:00:07 . Memory (MB): peak = 529.840 ; gain = 221.793
INFO: [IP_Flow 19-234] Refreshing IP repositories
INFO: [IP_Flow 19-1700] Loaded user IP repository 'c:/Users/laptop/Desktop/DMA IP'.
INFO: [IP_Flow 19-2313] Loaded Vivado IP repository 'C:/AMDDesignTools/2025.2/Vivado/data/ip'.
Command: read_checkpoint -auto_incremental -incremental C:/Users/laptop/Desktop/dma_test/dma_test.srcs/utils_1/imports/synth_1/vivado_config.dcp
INFO: [Vivado 12-5825] Read reference checkpoint from C:/Users/laptop/Desktop/dma_test/dma_test.srcs/utils_1/imports/synth_1/vivado_config.dcp for incremental synthesis
INFO: [Vivado 12-7989] Please ensure there are no constraint changes
Command: synth_design -top vivado_config -part xc7a100tcsg324-1
Starting synth_design
Attempting to get a license for feature 'Synthesis' and/or device 'xc7a100t'
INFO: [Common 17-349] Got license for feature 'Synthesis' and/or device 'xc7a100t'
INFO: [Device 21-403] Loading part xc7a100tcsg324-1
INFO: [Synth 8-7079] Multithreading enabled for synth_design using a maximum of 2 processes.
INFO: [Synth 8-7078] Launching helper process for spawning children vivado processes
INFO: [Synth 8-7075] Helper process launched with PID 6860
---------------------------------------------------------------------------------
Starting RTL Elaboration : Time (s): cpu = 00:00:05 ; elapsed = 00:00:05 . Memory (MB): peak = 1287.508 ; gain = 539.695
---------------------------------------------------------------------------------
WARNING: [Synth 8-11067] parameter 'ADDR_WIDTH' declared inside package 'dma_pkg' shall be treated as localparam [C:/Users/laptop/Desktop/axi-dma-engine/rtl/dma_pkg.sv:7]
WARNING: [Synth 8-11067] parameter 'DATA_WIDTH' declared inside package 'dma_pkg' shall be treated as localparam [C:/Users/laptop/Desktop/axi-dma-engine/rtl/dma_pkg.sv:8]
WARNING: [Synth 8-11067] parameter 'LEN_WIDTH' declared inside package 'dma_pkg' shall be treated as localparam [C:/Users/laptop/Desktop/axi-dma-engine/rtl/dma_pkg.sv:9]
WARNING: [Synth 8-11067] parameter 'DESC_WORDS' declared inside package 'dma_pkg' shall be treated as localparam [C:/Users/laptop/Desktop/axi-dma-engine/rtl/dma_pkg.sv:10]
WARNING: [Synth 8-11067] parameter 'HANDLE_WIDTH' declared inside package 'dma_pkg' shall be treated as localparam [C:/Users/laptop/Desktop/axi-dma-engine/rtl/dma_pkg.sv:11]
WARNING: [Synth 8-11067] parameter 'INSTR_WIDTH' declared inside package 'dma_pkg' shall be treated as localparam [C:/Users/laptop/Desktop/axi-dma-engine/rtl/dma_pkg.sv:12]
WARNING: [Synth 8-11067] parameter 'DESCRIPTOR_SIZE_BYTES' declared inside package 'dma_pkg' shall be treated as localparam [C:/Users/laptop/Desktop/axi-dma-engine/rtl/dma_pkg.sv:17]
WARNING: [Synth 8-11067] parameter 'MAX_INFLIGHT' declared inside package 'dma_pkg' shall be treated as localparam [C:/Users/laptop/Desktop/axi-dma-engine/rtl/dma_pkg.sv:18]
WARNING: [Synth 8-11067] parameter 'RING_INDEX_WIDTH' declared inside package 'dma_pkg' shall be treated as localparam [C:/Users/laptop/Desktop/axi-dma-engine/rtl/dma_pkg.sv:19]
WARNING: [Synth 8-11067] parameter 'MAX_SRAM_ADDR' declared inside package 'dma_pkg' shall be treated as localparam [C:/Users/laptop/Desktop/axi-dma-engine/rtl/dma_pkg.sv:24]
WARNING: [Synth 8-11067] parameter 'DF_IN_FIFO_Q' declared inside package 'dma_pkg' shall be treated as localparam [C:/Users/laptop/Desktop/axi-dma-engine/rtl/dma_pkg.sv:29]
WARNING: [Synth 8-11067] parameter 'DF_OUT_FIFO_Q' declared inside package 'dma_pkg' shall be treated as localparam [C:/Users/laptop/Desktop/axi-dma-engine/rtl/dma_pkg.sv:30]
WARNING: [Synth 8-11067] parameter 'DM_FIFO_Q' declared inside package 'dma_pkg' shall be treated as localparam [C:/Users/laptop/Desktop/axi-dma-engine/rtl/dma_pkg.sv:31]
WARNING: [Synth 8-11067] parameter 'MID_FIFO_Q' declared inside package 'dma_pkg' shall be treated as localparam [C:/Users/laptop/Desktop/axi-dma-engine/rtl/dma_pkg.sv:32]
WARNING: [Synth 8-11067] parameter 'BRAM_SIZE' declared inside package 'dma_pkg' shall be treated as localparam [C:/Users/laptop/Desktop/axi-dma-engine/rtl/dma_pkg.sv:33]
WARNING: [Synth 8-11067] parameter 'AXIL_ADDR_WIDTH' declared inside package 'dma_pkg' shall be treated as localparam [C:/Users/laptop/Desktop/axi-dma-engine/rtl/dma_pkg.sv:38]
WARNING: [Synth 8-11067] parameter 'AXIL_DATA_WIDTH' declared inside package 'dma_pkg' shall be treated as localparam [C:/Users/laptop/Desktop/axi-dma-engine/rtl/dma_pkg.sv:39]
WARNING: [Synth 8-11067] parameter 'REG_BASEADDR' declared inside package 'dma_pkg' shall be treated as localparam [C:/Users/laptop/Desktop/axi-dma-engine/rtl/dma_pkg.sv:42]
WARNING: [Synth 8-11067] parameter 'REG_RINGLEN' declared inside package 'dma_pkg' shall be treated as localparam [C:/Users/laptop/Desktop/axi-dma-engine/rtl/dma_pkg.sv:43]
WARNING: [Synth 8-11067] parameter 'REG_HEAD' declared inside package 'dma_pkg' shall be treated as localparam [C:/Users/laptop/Desktop/axi-dma-engine/rtl/dma_pkg.sv:44]
WARNING: [Synth 8-11067] parameter 'REG_TAIL' declared inside package 'dma_pkg' shall be treated as localparam [C:/Users/laptop/Desktop/axi-dma-engine/rtl/dma_pkg.sv:45]
WARNING: [Synth 8-11067] parameter 'REG_CTRL' declared inside package 'dma_pkg' shall be treated as localparam [C:/Users/laptop/Desktop/axi-dma-engine/rtl/dma_pkg.sv:46]
WARNING: [Synth 8-11067] parameter 'REG_STATUS' declared inside package 'dma_pkg' shall be treated as localparam [C:/Users/laptop/Desktop/axi-dma-engine/rtl/dma_pkg.sv:47]
WARNING: [Synth 8-11067] parameter 'REG_IRQ_STATUS' declared inside package 'dma_pkg' shall be treated as localparam [C:/Users/laptop/Desktop/axi-dma-engine/rtl/dma_pkg.sv:48]
WARNING: [Synth 8-11067] parameter 'REG_IRQ_CLEAR' declared inside package 'dma_pkg' shall be treated as localparam [C:/Users/laptop/Desktop/axi-dma-engine/rtl/dma_pkg.sv:49]
WARNING: [Synth 8-11067] parameter 'AXI_RESP_OKAY' declared inside package 'dma_pkg' shall be treated as localparam [C:/Users/laptop/Desktop/axi-dma-engine/rtl/dma_pkg.sv:51]
WARNING: [Synth 8-11067] parameter 'AXI_RESP_SLVERR' declared inside package 'dma_pkg' shall be treated as localparam [C:/Users/laptop/Desktop/axi-dma-engine/rtl/dma_pkg.sv:52]
WARNING: [Synth 8-11067] parameter 'INSTR_LEN_LSB' declared inside package 'dma_pkg' shall be treated as localparam [C:/Users/laptop/Desktop/axi-dma-engine/rtl/dma_pkg.sv:58]
INFO: [Synth 8-6157] synthesizing module 'vivado_config' [C:/Users/laptop/Desktop/axi-dma-engine/rtl/vivado_config.sv:11]
INFO: [Synth 8-6157] synthesizing module 'csr_soc_bus_if' [C:/Users/laptop/Desktop/axi-dma-engine/rtl/csr_interfaces.sv:1]
INFO: [Synth 8-6155] done synthesizing module 'csr_soc_bus_if' (0#1) [C:/Users/laptop/Desktop/axi-dma-engine/rtl/csr_interfaces.sv:1]
INFO: [Synth 8-6157] synthesizing module 'axi_4_if' [C:/Users/laptop/Desktop/axi-dma-engine/rtl/axi_4_if.sv:5]
INFO: [Synth 8-6155] done synthesizing module 'axi_4_if' (0#1) [C:/Users/laptop/Desktop/axi-dma-engine/rtl/axi_4_if.sv:5]
INFO: [Synth 8-6157] synthesizing module 'dma_top' [C:/Users/laptop/Desktop/axi-dma-engine/rtl/dma_top.sv:8]
	Parameter MAX_INFLIGHT bound to: 32'sb00000000000000000000000000000100 
	Parameter BRAM_SIZE bound to: 32'sb00000000000000000000010000000000 
	Parameter DATA_WIDTH bound to: 32'sb00000000000000000000000000100000 
WARNING: [Synth 8-330] inout connections inferred for interface port 'csr_soc_bus_if' with no modport [C:/Users/laptop/Desktop/axi-dma-engine/rtl/vivado_config.sv:134]
INFO: [Synth 8-6157] synthesizing module 'csr_ring_manager_if' [C:/Users/laptop/Desktop/axi-dma-engine/rtl/csr_interfaces.sv:65]
INFO: [Synth 8-6155] done synthesizing module 'csr_ring_manager_if' (0#1) [C:/Users/laptop/Desktop/axi-dma-engine/rtl/csr_interfaces.sv:65]
INFO: [Synth 8-6157] synthesizing module 'csr' [C:/Users/laptop/Desktop/axi-dma-engine/rtl/csr.sv:1]
WARNING: [Synth 8-330] inout connections inferred for interface port 'csr_soc_bus_if' with no modport [C:/Users/laptop/Desktop/axi-dma-engine/rtl/dma_top.sv:42]
INFO: [Synth 8-294] found qualifier unique on case statement: implementing as parallel_case [C:/Users/laptop/Desktop/axi-dma-engine/rtl/csr.sv:192]
INFO: [Synth 8-294] found qualifier unique on case statement: implementing as parallel_case [C:/Users/laptop/Desktop/axi-dma-engine/rtl/csr.sv:309]
INFO: [Synth 8-6155] done synthesizing module 'csr' (0#1) [C:/Users/laptop/Desktop/axi-dma-engine/rtl/csr.sv:1]
INFO: [Synth 8-6157] synthesizing module 'ring_manager' [C:/Users/laptop/Desktop/axi-dma-engine/rtl/ring_manager.sv:8]
	Parameter MAX_INFLIGHT bound to: 4 - type: integer 
INFO: [Synth 8-6155] done synthesizing module 'ring_manager' (0#1) [C:/Users/laptop/Desktop/axi-dma-engine/rtl/ring_manager.sv:8]
INFO: [Synth 8-6157] synthesizing module 'IRQ' [C:/Users/laptop/Desktop/axi-dma-engine/rtl/IRQ.sv:1]
INFO: [Synth 8-6155] done synthesizing module 'IRQ' (0#1) [C:/Users/laptop/Desktop/axi-dma-engine/rtl/IRQ.sv:1]
INFO: [Synth 8-6157] synthesizing module 'movement_top' [C:/Users/laptop/Desktop/axi-dma-engine/rtl/movement_top.sv:8]
INFO: [Synth 8-6157] synthesizing module 'rm_df_if' [C:/Users/laptop/Desktop/axi-dma-engine/rtl/rm_df_if.sv:7]
INFO: [Synth 8-6155] done synthesizing module 'rm_df_if' (0#1) [C:/Users/laptop/Desktop/axi-dma-engine/rtl/rm_df_if.sv:7]
INFO: [Synth 8-6157] synthesizing module 'descriptor_fetcher' [C:/Users/laptop/Desktop/axi-dma-engine/rtl/descriptor_fetcher.sv:17]
	Parameter ADDR_WIDTH bound to: 32'sb00000000000000000000000000100000 
	Parameter DATA_WIDTH bound to: 32'sb00000000000000000000000000100000 
	Parameter LEN_WIDTH bound to: 32'sb00000000000000000000000000001000 
	Parameter DESC_WORDS bound to: 32'sb00000000000000000000000000000100 
	Parameter HANDLE_WIDTH bound to: 32'sb00000000000000000000000000101000 
	Parameter INSTR_WIDTH bound to: 32'sb00000000000000000000000000101001 
	Parameter DESC_WIDTH bound to: 32'sb00000000000000000000000010000000 
INFO: [Synth 8-155] case statement is not full and has no default [C:/Users/laptop/Desktop/axi-dma-engine/rtl/descriptor_fetcher.sv:129]
INFO: [Synth 8-6155] done synthesizing module 'descriptor_fetcher' (0#1) [C:/Users/laptop/Desktop/axi-dma-engine/rtl/descriptor_fetcher.sv:17]
INFO: [Synth 8-6157] synthesizing module 'axi_4_master' [C:/Users/laptop/Desktop/axi-dma-engine/rtl/axi_4_master.sv:16]
	Parameter ADDR_WIDTH bound to: 32'sb00000000000000000000000000100000 
	Parameter DATA_WIDTH bound to: 32'sb00000000000000000000000000100000 
	Parameter LEN_WIDTH bound to: 32'sb00000000000000000000000000001000 
	Parameter DESC_WORDS bound to: 32'sb00000000000000000000000000000100 
	Parameter HANDLE_WIDTH bound to: 32'sb00000000000000000000000000101000 
	Parameter INSTR_WIDTH bound to: 32'sb00000000000000000000000000101001 
	Parameter DESC_WIDTH bound to: 32'sb00000000000000000000000010000000 
INFO: [Synth 8-6155] done synthesizing module 'axi_4_master' (0#1) [C:/Users/laptop/Desktop/axi-dma-engine/rtl/axi_4_master.sv:16]
INFO: [Synth 8-6157] synthesizing module 'sram_controller' [C:/Users/laptop/Desktop/axi-dma-engine/rtl/sram_controller.sv:11]
	Parameter ADDR_WIDTH bound to: 32'sb00000000000000000000000000100000 
	Parameter DATA_WIDTH bound to: 32'sb00000000000000000000000000100000 
	Parameter BRAM_DATA_WIDTH bound to: 32'sb00000000000000000000000000100000 
	Parameter LEN_WIDTH bound to: 32'sb00000000000000000000000000001000 
	Parameter BRAM_SIZE bound to: 32'sb00000000000000000000010000000000 
	Parameter INSTR_WIDTH bound to: 32'sb00000000000000000000000000101001 
WARNING: [Synth 8-693] zero replication count - replication ignored [C:/Users/laptop/Desktop/axi-dma-engine/rtl/sram_controller.sv:138]
INFO: [Synth 8-6155] done synthesizing module 'sram_controller' (0#1) [C:/Users/laptop/Desktop/axi-dma-engine/rtl/sram_controller.sv:11]
INFO: [Synth 8-6157] synthesizing module 'bram' [C:/Users/laptop/Desktop/axi-dma-engine/rtl/bram.sv:1]
	Parameter BRAM_DATA_WIDTH bound to: 32 - type: integer 
	Parameter BRAM_SIZE bound to: 1024 - type: integer 
INFO: [Synth 8-6155] done synthesizing module 'bram' (0#1) [C:/Users/laptop/Desktop/axi-dma-engine/rtl/bram.sv:1]
INFO: [Synth 8-6157] synthesizing module 'fifo' [C:/Users/laptop/Desktop/axi-dma-engine/rtl/fifo.sv:2]
	Parameter FIFO_DATA_WIDTH bound to: 40 - type: integer 
	Parameter FIFO_BUFFER_SIZE bound to: 64 - type: integer 
INFO: [Synth 8-226] default block is never used [C:/Users/laptop/Desktop/axi-dma-engine/rtl/fifo.sv:20]
INFO: [Synth 8-226] default block is never used [C:/Users/laptop/Desktop/axi-dma-engine/rtl/fifo.sv:20]
INFO: [Synth 8-226] default block is never used [C:/Users/laptop/Desktop/axi-dma-engine/rtl/fifo.sv:20]
INFO: [Synth 8-226] default block is never used [C:/Users/laptop/Desktop/axi-dma-engine/rtl/fifo.sv:20]
INFO: [Synth 8-226] default block is never used [C:/Users/laptop/Desktop/axi-dma-engine/rtl/fifo.sv:20]
INFO: [Synth 8-226] default block is never used [C:/Users/laptop/Desktop/axi-dma-engine/rtl/fifo.sv:20]
INFO: [Synth 8-226] default block is never used [C:/Users/laptop/Desktop/axi-dma-engine/rtl/fifo.sv:20]
INFO: [Synth 8-226] default block is never used [C:/Users/laptop/Desktop/axi-dma-engine/rtl/fifo.sv:20]
INFO: [Synth 8-226] default block is never used [C:/Users/laptop/Desktop/axi-dma-engine/rtl/fifo.sv:20]
INFO: [Synth 8-226] default block is never used [C:/Users/laptop/Desktop/axi-dma-engine/rtl/fifo.sv:20]
INFO: [Synth 8-226] default block is never used [C:/Users/laptop/Desktop/axi-dma-engine/rtl/fifo.sv:20]
INFO: [Synth 8-226] default block is never used [C:/Users/laptop/Desktop/axi-dma-engine/rtl/fifo.sv:20]
INFO: [Synth 8-226] default block is never used [C:/Users/laptop/Desktop/axi-dma-engine/rtl/fifo.sv:20]
INFO: [Synth 8-226] default block is never used [C:/Users/laptop/Desktop/axi-dma-engine/rtl/fifo.sv:20]
INFO: [Synth 8-226] default block is never used [C:/Users/laptop/Desktop/axi-dma-engine/rtl/fifo.sv:20]
INFO: [Synth 8-226] default block is never used [C:/Users/laptop/Desktop/axi-dma-engine/rtl/fifo.sv:20]
INFO: [Synth 8-226] default block is never used [C:/Users/laptop/Desktop/axi-dma-engine/rtl/fifo.sv:20]
INFO: [Synth 8-226] default block is never used [C:/Users/laptop/Desktop/axi-dma-engine/rtl/fifo.sv:20]
INFO: [Synth 8-226] default block is never used [C:/Users/laptop/Desktop/axi-dma-engine/rtl/fifo.sv:20]
INFO: [Synth 8-226] default block is never used [C:/Users/laptop/Desktop/axi-dma-engine/rtl/fifo.sv:20]
INFO: [Synth 8-226] default block is never used [C:/Users/laptop/Desktop/axi-dma-engine/rtl/fifo.sv:20]
INFO: [Synth 8-226] default block is never used [C:/Users/laptop/Desktop/axi-dma-engine/rtl/fifo.sv:20]
INFO: [Synth 8-226] default block is never used [C:/Users/laptop/Desktop/axi-dma-engine/rtl/fifo.sv:20]
INFO: [Synth 8-226] default block is never used [C:/Users/laptop/Desktop/axi-dma-engine/rtl/fifo.sv:20]
INFO: [Synth 8-226] default block is never used [C:/Users/laptop/Desktop/axi-dma-engine/rtl/fifo.sv:20]
INFO: [Synth 8-226] default block is never used [C:/Users/laptop/Desktop/axi-dma-engine/rtl/fifo.sv:20]
INFO: [Synth 8-226] default block is never used [C:/Users/laptop/Desktop/axi-dma-engine/rtl/fifo.sv:20]
INFO: [Synth 8-226] default block is never used [C:/Users/laptop/Desktop/axi-dma-engine/rtl/fifo.sv:20]
INFO: [Synth 8-226] default block is never used [C:/Users/laptop/Desktop/axi-dma-engine/rtl/fifo.sv:20]
INFO: [Synth 8-226] default block is never used [C:/Users/laptop/Desktop/axi-dma-engine/rtl/fifo.sv:20]
INFO: [Synth 8-226] default block is never used [C:/Users/laptop/Desktop/axi-dma-engine/rtl/fifo.sv:20]
INFO: [Synth 8-226] default block is never used [C:/Users/laptop/Desktop/axi-dma-engine/rtl/fifo.sv:20]
INFO: [Synth 8-226] default block is never used [C:/Users/laptop/Desktop/axi-dma-engine/rtl/fifo.sv:20]
INFO: [Synth 8-226] default block is never used [C:/Users/laptop/Desktop/axi-dma-engine/rtl/fifo.sv:20]
INFO: [Synth 8-226] default block is never used [C:/Users/laptop/Desktop/axi-dma-engine/rtl/fifo.sv:20]
INFO: [Synth 8-226] default block is never used [C:/Users/laptop/Desktop/axi-dma-engine/rtl/fifo.sv:20]
INFO: [Synth 8-226] default block is never used [C:/Users/laptop/Desktop/axi-dma-engine/rtl/fifo.sv:20]
INFO: [Synth 8-226] default block is never used [C:/Users/laptop/Desktop/axi-dma-engine/rtl/fifo.sv:20]
INFO: [Synth 8-226] default block is never used [C:/Users/laptop/Desktop/axi-dma-engine/rtl/fifo.sv:20]
INFO: [Synth 8-226] default block is never used [C:/Users/laptop/Desktop/axi-dma-engine/rtl/fifo.sv:20]
INFO: [Synth 8-6155] done synthesizing module 'fifo' (0#1) [C:/Users/laptop/Desktop/axi-dma-engine/rtl/fifo.sv:2]
INFO: [Synth 8-6157] synthesizing module 'fifo__parameterized0' [C:/Users/laptop/Desktop/axi-dma-engine/rtl/fifo.sv:2]
	Parameter FIFO_DATA_WIDTH bound to: 128 - type: integer 
	Parameter FIFO_BUFFER_SIZE bound to: 64 - type: integer 
INFO: [Synth 8-226] default block is never used [C:/Users/laptop/Desktop/axi-dma-engine/rtl/fifo.sv:20]
INFO: [Synth 8-226] default block is never used [C:/Users/laptop/Desktop/axi-dma-engine/rtl/fifo.sv:20]
INFO: [Synth 8-226] default block is never used [C:/Users/laptop/Desktop/axi-dma-engine/rtl/fifo.sv:20]
INFO: [Synth 8-226] default block is never used [C:/Users/laptop/Desktop/axi-dma-engine/rtl/fifo.sv:20]
INFO: [Synth 8-226] default block is never used [C:/Users/laptop/Desktop/axi-dma-engine/rtl/fifo.sv:20]
INFO: [Synth 8-226] default block is never used [C:/Users/laptop/Desktop/axi-dma-engine/rtl/fifo.sv:20]
INFO: [Synth 8-226] default block is never used [C:/Users/laptop/Desktop/axi-dma-engine/rtl/fifo.sv:20]
INFO: [Synth 8-226] default block is never used [C:/Users/laptop/Desktop/axi-dma-engine/rtl/fifo.sv:20]
INFO: [Synth 8-226] default block is never used [C:/Users/laptop/Desktop/axi-dma-engine/rtl/fifo.sv:20]
INFO: [Synth 8-226] default block is never used [C:/Users/laptop/Desktop/axi-dma-engine/rtl/fifo.sv:20]
INFO: [Synth 8-226] default block is never used [C:/Users/laptop/Desktop/axi-dma-engine/rtl/fifo.sv:20]
INFO: [Synth 8-226] default block is never used [C:/Users/laptop/Desktop/axi-dma-engine/rtl/fifo.sv:20]
INFO: [Synth 8-226] default block is never used [C:/Users/laptop/Desktop/axi-dma-engine/rtl/fifo.sv:20]
INFO: [Synth 8-226] default block is never used [C:/Users/laptop/Desktop/axi-dma-engine/rtl/fifo.sv:20]
INFO: [Synth 8-226] default block is never used [C:/Users/laptop/Desktop/axi-dma-engine/rtl/fifo.sv:20]
INFO: [Synth 8-226] default block is never used [C:/Users/laptop/Desktop/axi-dma-engine/rtl/fifo.sv:20]
INFO: [Synth 8-226] default block is never used [C:/Users/laptop/Desktop/axi-dma-engine/rtl/fifo.sv:20]
INFO: [Synth 8-226] default block is never used [C:/Users/laptop/Desktop/axi-dma-engine/rtl/fifo.sv:20]
INFO: [Synth 8-226] default block is never used [C:/Users/laptop/Desktop/axi-dma-engine/rtl/fifo.sv:20]
INFO: [Synth 8-226] default block is never used [C:/Users/laptop/Desktop/axi-dma-engine/rtl/fifo.sv:20]
INFO: [Synth 8-226] default block is never used [C:/Users/laptop/Desktop/axi-dma-engine/rtl/fifo.sv:20]
INFO: [Synth 8-226] default block is never used [C:/Users/laptop/Desktop/axi-dma-engine/rtl/fifo.sv:20]
INFO: [Synth 8-226] default block is never used [C:/Users/laptop/Desktop/axi-dma-engine/rtl/fifo.sv:20]
INFO: [Synth 8-226] default block is never used [C:/Users/laptop/Desktop/axi-dma-engine/rtl/fifo.sv:20]
INFO: [Synth 8-226] default block is never used [C:/Users/laptop/Desktop/axi-dma-engine/rtl/fifo.sv:20]
INFO: [Synth 8-226] default block is never used [C:/Users/laptop/Desktop/axi-dma-engine/rtl/fifo.sv:20]
INFO: [Synth 8-226] default block is never used [C:/Users/laptop/Desktop/axi-dma-engine/rtl/fifo.sv:20]
INFO: [Synth 8-226] default block is never used [C:/Users/laptop/Desktop/axi-dma-engine/rtl/fifo.sv:20]
INFO: [Synth 8-226] default block is never used [C:/Users/laptop/Desktop/axi-dma-engine/rtl/fifo.sv:20]
INFO: [Synth 8-226] default block is never used [C:/Users/laptop/Desktop/axi-dma-engine/rtl/fifo.sv:20]
INFO: [Synth 8-226] default block is never used [C:/Users/laptop/Desktop/axi-dma-engine/rtl/fifo.sv:20]
INFO: [Synth 8-226] default block is never used [C:/Users/laptop/Desktop/axi-dma-engine/rtl/fifo.sv:20]
INFO: [Synth 8-226] default block is never used [C:/Users/laptop/Desktop/axi-dma-engine/rtl/fifo.sv:20]
INFO: [Synth 8-226] default block is never used [C:/Users/laptop/Desktop/axi-dma-engine/rtl/fifo.sv:20]
INFO: [Synth 8-226] default block is never used [C:/Users/laptop/Desktop/axi-dma-engine/rtl/fifo.sv:20]
INFO: [Synth 8-226] default block is never used [C:/Users/laptop/Desktop/axi-dma-engine/rtl/fifo.sv:20]
INFO: [Synth 8-226] default block is never used [C:/Users/laptop/Desktop/axi-dma-engine/rtl/fifo.sv:20]
INFO: [Synth 8-226] default block is never used [C:/Users/laptop/Desktop/axi-dma-engine/rtl/fifo.sv:20]
INFO: [Synth 8-226] default block is never used [C:/Users/laptop/Desktop/axi-dma-engine/rtl/fifo.sv:20]
INFO: [Synth 8-226] default block is never used [C:/Users/laptop/Desktop/axi-dma-engine/rtl/fifo.sv:20]
INFO: [Synth 8-226] default block is never used [C:/Users/laptop/Desktop/axi-dma-engine/rtl/fifo.sv:20]
INFO: [Synth 8-226] default block is never used [C:/Users/laptop/Desktop/axi-dma-engine/rtl/fifo.sv:20]
INFO: [Synth 8-226] default block is never used [C:/Users/laptop/Desktop/axi-dma-engine/rtl/fifo.sv:20]
INFO: [Synth 8-226] default block is never used [C:/Users/laptop/Desktop/axi-dma-engine/rtl/fifo.sv:20]
INFO: [Synth 8-226] default block is never used [C:/Users/laptop/Desktop/axi-dma-engine/rtl/fifo.sv:20]
INFO: [Synth 8-226] default block is never used [C:/Users/laptop/Desktop/axi-dma-engine/rtl/fifo.sv:20]
INFO: [Synth 8-226] default block is never used [C:/Users/laptop/Desktop/axi-dma-engine/rtl/fifo.sv:20]
INFO: [Synth 8-226] default block is never used [C:/Users/laptop/Desktop/axi-dma-engine/rtl/fifo.sv:20]
INFO: [Synth 8-226] default block is never used [C:/Users/laptop/Desktop/axi-dma-engine/rtl/fifo.sv:20]
INFO: [Synth 8-226] default block is never used [C:/Users/laptop/Desktop/axi-dma-engine/rtl/fifo.sv:20]
INFO: [Synth 8-226] default block is never used [C:/Users/laptop/Desktop/axi-dma-engine/rtl/fifo.sv:20]
INFO: [Synth 8-226] default block is never used [C:/Users/laptop/Desktop/axi-dma-engine/rtl/fifo.sv:20]
INFO: [Synth 8-226] default block is never used [C:/Users/laptop/Desktop/axi-dma-engine/rtl/fifo.sv:20]
INFO: [Synth 8-226] default block is never used [C:/Users/laptop/Desktop/axi-dma-engine/rtl/fifo.sv:20]
INFO: [Synth 8-226] default block is never used [C:/Users/laptop/Desktop/axi-dma-engine/rtl/fifo.sv:20]
INFO: [Synth 8-226] default block is never used [C:/Users/laptop/Desktop/axi-dma-engine/rtl/fifo.sv:20]
INFO: [Synth 8-226] default block is never used [C:/Users/laptop/Desktop/axi-dma-engine/rtl/fifo.sv:20]
INFO: [Synth 8-226] default block is never used [C:/Users/laptop/Desktop/axi-dma-engine/rtl/fifo.sv:20]
INFO: [Synth 8-226] default block is never used [C:/Users/laptop/Desktop/axi-dma-engine/rtl/fifo.sv:20]
INFO: [Synth 8-226] default block is never used [C:/Users/laptop/Desktop/axi-dma-engine/rtl/fifo.sv:20]
INFO: [Common 17-14] Message 'Synth 8-226' appears 100 times and further instances of the messages will be disabled. Use the Tcl command set_msg_config to change the current settings.
INFO: [Synth 8-6155] done synthesizing module 'fifo__parameterized0' (0#1) [C:/Users/laptop/Desktop/axi-dma-engine/rtl/fifo.sv:2]
INFO: [Synth 8-6157] synthesizing module 'fifo__parameterized1' [C:/Users/laptop/Desktop/axi-dma-engine/rtl/fifo.sv:2]
	Parameter FIFO_DATA_WIDTH bound to: 128 - type: integer 
	Parameter FIFO_BUFFER_SIZE bound to: 16 - type: integer 
INFO: [Synth 8-6155] done synthesizing module 'fifo__parameterized1' (0#1) [C:/Users/laptop/Desktop/axi-dma-engine/rtl/fifo.sv:2]
INFO: [Synth 8-6157] synthesizing module 'data_mover' [C:/Users/laptop/Desktop/axi-dma-engine/rtl/data_mover.sv:3]
	Parameter ADDR_WIDTH bound to: 32'sb00000000000000000000000000100000 
	Parameter BURST_SIZE_WIDTH bound to: 32'sb00000000000000000000000000100000 
	Parameter DATA_WIDTH bound to: 32'sb00000000000000000000000000100000 
	Parameter DESC_WORDS bound to: 32'sb00000000000000000000000000000100 
	Parameter DESC_WIDTH bound to: 32'sb00000000000000000000000010000000 
INFO: [Synth 8-6155] done synthesizing module 'data_mover' (0#1) [C:/Users/laptop/Desktop/axi-dma-engine/rtl/data_mover.sv:3]
INFO: [Synth 8-6157] synthesizing module 'fifo__parameterized2' [C:/Users/laptop/Desktop/axi-dma-engine/rtl/fifo.sv:2]
	Parameter FIFO_DATA_WIDTH bound to: 65 - type: integer 
	Parameter FIFO_BUFFER_SIZE bound to: 16 - type: integer 
INFO: [Synth 8-6155] done synthesizing module 'fifo__parameterized2' (0#1) [C:/Users/laptop/Desktop/axi-dma-engine/rtl/fifo.sv:2]
INFO: [Synth 8-6157] synthesizing module 'fifo__parameterized3' [C:/Users/laptop/Desktop/axi-dma-engine/rtl/fifo.sv:2]
	Parameter FIFO_DATA_WIDTH bound to: 32 - type: integer 
	Parameter FIFO_BUFFER_SIZE bound to: 64 - type: integer 
INFO: [Synth 8-6155] done synthesizing module 'fifo__parameterized3' (0#1) [C:/Users/laptop/Desktop/axi-dma-engine/rtl/fifo.sv:2]
INFO: [Synth 8-6155] done synthesizing module 'movement_top' (0#1) [C:/Users/laptop/Desktop/axi-dma-engine/rtl/movement_top.sv:8]
INFO: [Synth 8-6155] done synthesizing module 'dma_top' (0#1) [C:/Users/laptop/Desktop/axi-dma-engine/rtl/dma_top.sv:8]
INFO: [Synth 8-6157] synthesizing module 'sys_mem' [C:/Users/laptop/Desktop/axi-dma-engine/rtl/sys_mem.sv:12]
	Parameter MEM_WORDS bound to: 32'sb00000000000000000000010000000000 
INFO: [Synth 8-6155] done synthesizing module 'sys_mem' (0#1) [C:/Users/laptop/Desktop/axi-dma-engine/rtl/sys_mem.sv:12]
INFO: [Synth 8-6157] synthesizing module 'mem_access_ctrl' [C:/Users/laptop/Desktop/axi-dma-engine/rtl/mem_access_ctrl.sv:15]
	Parameter BRAM_SIZE bound to: 32'sb00000000000000000000010000000000 
	Parameter DATA_WIDTH bound to: 32'sb00000000000000000000000000100000 
	Parameter ADDR_WIDTH bound to: 32'sb00000000000000000000000000100000 
INFO: [Synth 8-294] found qualifier unique on case statement: implementing as parallel_case [C:/Users/laptop/Desktop/axi-dma-engine/rtl/mem_access_ctrl.sv:160]
INFO: [Synth 8-294] found qualifier unique on case statement: implementing as parallel_case [C:/Users/laptop/Desktop/axi-dma-engine/rtl/mem_access_ctrl.sv:218]
INFO: [Synth 8-6155] done synthesizing module 'mem_access_ctrl' (0#1) [C:/Users/laptop/Desktop/axi-dma-engine/rtl/mem_access_ctrl.sv:15]
INFO: [Synth 8-6155] done synthesizing module 'vivado_config' (0#1) [C:/Users/laptop/Desktop/axi-dma-engine/rtl/vivado_config.sv:11]
WARNING: [Synth 8-6014] Unused sequential element sw_rst_enable_reg was removed.  [C:/Users/laptop/Desktop/axi-dma-engine/rtl/ring_manager.sv:103]
WARNING: [Synth 8-6014] Unused sequential element cur_write_reg was removed.  [C:/Users/laptop/Desktop/axi-dma-engine/rtl/axi_4_master.sv:93]
WARNING: [Synth 8-6014] Unused sequential element cur_write_reg was removed.  [C:/Users/laptop/Desktop/axi-dma-engine/rtl/sram_controller.sv:69]
WARNING: [Synth 8-4767] Trying to implement RAM 'mem_reg' in registers. Block RAM or DRAM implementation is not possible; see log for reasons. [C:/Users/laptop/Desktop/axi-dma-engine/rtl/bram.sv:43]
Reason is one or more of the following :
	1: RAM has multiple writes via different ports in same process. If RAM inferencing intended, write to one port per process. 
	2: Invalid write to RAM. 
	3: Invalid write to RAM. 
	4: No valid clock found for write to RAM. 
WARNING: [Synth 8-13159] Potential Runtime issue for RAM 'mem_reg' since this is dissolved into (32768) registers bits. Consider modifying RTL as per supported RAM templates
WARNING: [Synth 8-6014] Unused sequential element w_last_beat_reg was removed.  [C:/Users/laptop/Desktop/axi-dma-engine/rtl/sys_mem.sv:116]
WARNING: [Synth 8-7137] Register ram_reg in module sys_mem has both Set and reset with same priority. This may cause simulation mismatches. Consider rewriting code 
WARNING: [Synth 8-4767] Trying to implement RAM 'ram_reg' in registers. Block RAM or DRAM implementation is not possible; see log for reasons. [C:/Users/laptop/Desktop/axi-dma-engine/rtl/sys_mem.sv:135]
Reason is one or more of the following :
	1: Invalid write to RAM. 
	2: RAM is sensitive to asynchronous reset signal. this RTL style is not supported. 
	3: Invalid write to RAM. 
WARNING: [Synth 8-13159] Potential Runtime issue for RAM 'ram_reg' since this is dissolved into (32768) registers bits. Consider modifying RTL as per supported RAM templates
WARNING: [Synth 8-7129] Port awprot[2] in module mem_access_ctrl is either unconnected or has no load
WARNING: [Synth 8-7129] Port awprot[1] in module mem_access_ctrl is either unconnected or has no load
WARNING: [Synth 8-7129] Port awprot[0] in module mem_access_ctrl is either unconnected or has no load
WARNING: [Synth 8-7129] Port araddr[31] in module mem_access_ctrl is either unconnected or has no load
WARNING: [Synth 8-7129] Port araddr[30] in module mem_access_ctrl is either unconnected or has no load
WARNING: [Synth 8-7129] Port araddr[29] in module mem_access_ctrl is either unconnected or has no load
WARNING: [Synth 8-7129] Port araddr[28] in module mem_access_ctrl is either unconnected or has no load
WARNING: [Synth 8-7129] Port araddr[27] in module mem_access_ctrl is either unconnected or has no load
WARNING: [Synth 8-7129] Port araddr[26] in module mem_access_ctrl is either unconnected or has no load
WARNING: [Synth 8-7129] Port araddr[25] in module mem_access_ctrl is either unconnected or has no load
WARNING: [Synth 8-7129] Port araddr[24] in module mem_access_ctrl is either unconnected or has no load
WARNING: [Synth 8-7129] Port araddr[23] in module mem_access_ctrl is either unconnected or has no load
WARNING: [Synth 8-7129] Port araddr[22] in module mem_access_ctrl is either unconnected or has no load
WARNING: [Synth 8-7129] Port araddr[21] in module mem_access_ctrl is either unconnected or has no load
WARNING: [Synth 8-7129] Port araddr[20] in module mem_access_ctrl is either unconnected or has no load
WARNING: [Synth 8-7129] Port araddr[19] in module mem_access_ctrl is either unconnected or has no load
WARNING: [Synth 8-7129] Port araddr[18] in module mem_access_ctrl is either unconnected or has no load
WARNING: [Synth 8-7129] Port araddr[17] in module mem_access_ctrl is either unconnected or has no load
WARNING: [Synth 8-7129] Port araddr[16] in module mem_access_ctrl is either unconnected or has no load
WARNING: [Synth 8-7129] Port araddr[15] in module mem_access_ctrl is either unconnected or has no load
WARNING: [Synth 8-7129] Port araddr[14] in module mem_access_ctrl is either unconnected or has no load
WARNING: [Synth 8-7129] Port araddr[13] in module mem_access_ctrl is either unconnected or has no load
WARNING: [Synth 8-7129] Port araddr[12] in module mem_access_ctrl is either unconnected or has no load
WARNING: [Synth 8-7129] Port araddr[11] in module mem_access_ctrl is either unconnected or has no load
WARNING: [Synth 8-7129] Port araddr[10] in module mem_access_ctrl is either unconnected or has no load
WARNING: [Synth 8-7129] Port araddr[9] in module mem_access_ctrl is either unconnected or has no load
WARNING: [Synth 8-7129] Port araddr[8] in module mem_access_ctrl is either unconnected or has no load
WARNING: [Synth 8-7129] Port arprot[2] in module mem_access_ctrl is either unconnected or has no load
WARNING: [Synth 8-7129] Port arprot[1] in module mem_access_ctrl is either unconnected or has no load
WARNING: [Synth 8-7129] Port arprot[0] in module mem_access_ctrl is either unconnected or has no load
WARNING: [Synth 8-7129] Port axi\.awlen[7] in module sys_mem is either unconnected or has no load
WARNING: [Synth 8-7129] Port axi\.awlen[6] in module sys_mem is either unconnected or has no load
WARNING: [Synth 8-7129] Port axi\.awlen[5] in module sys_mem is either unconnected or has no load
WARNING: [Synth 8-7129] Port axi\.awlen[4] in module sys_mem is either unconnected or has no load
WARNING: [Synth 8-7129] Port axi\.awlen[3] in module sys_mem is either unconnected or has no load
WARNING: [Synth 8-7129] Port axi\.awlen[2] in module sys_mem is either unconnected or has no load
WARNING: [Synth 8-7129] Port axi\.awlen[1] in module sys_mem is either unconnected or has no load
WARNING: [Synth 8-7129] Port axi\.awlen[0] in module sys_mem is either unconnected or has no load
WARNING: [Synth 8-7129] Port dm_in_dout[1] in module sram_controller is either unconnected or has no load
WARNING: [Synth 8-7129] Port dm_in_dout[0] in module sram_controller is either unconnected or has no load
WARNING: [Synth 8-7129] Port axi\.clk in module axi_4_master is either unconnected or has no load
WARNING: [Synth 8-7129] Port axi\.rst_n in module axi_4_master is either unconnected or has no load
WARNING: [Synth 8-7129] Port axi\.bresp[1] in module axi_4_master is either unconnected or has no load
WARNING: [Synth 8-7129] Port axi\.bresp[0] in module axi_4_master is either unconnected or has no load
WARNING: [Synth 8-7129] Port axi\.rresp[1] in module axi_4_master is either unconnected or has no load
WARNING: [Synth 8-7129] Port axi\.rresp[0] in module axi_4_master is either unconnected or has no load
WARNING: [Synth 8-7129] Port soc_bus\.awprot[2] in module csr is either unconnected or has no load
WARNING: [Synth 8-7129] Port soc_bus\.awprot[1] in module csr is either unconnected or has no load
WARNING: [Synth 8-7129] Port soc_bus\.awprot[0] in module csr is either unconnected or has no load
WARNING: [Synth 8-7129] Port soc_bus\.araddr[31] in module csr is either unconnected or has no load
WARNING: [Synth 8-7129] Port soc_bus\.araddr[30] in module csr is either unconnected or has no load
WARNING: [Synth 8-7129] Port soc_bus\.araddr[29] in module csr is either unconnected or has no load
WARNING: [Synth 8-7129] Port soc_bus\.araddr[28] in module csr is either unconnected or has no load
WARNING: [Synth 8-7129] Port soc_bus\.araddr[27] in module csr is either unconnected or has no load
WARNING: [Synth 8-7129] Port soc_bus\.araddr[26] in module csr is either unconnected or has no load
WARNING: [Synth 8-7129] Port soc_bus\.araddr[25] in module csr is either unconnected or has no load
WARNING: [Synth 8-7129] Port soc_bus\.araddr[24] in module csr is either unconnected or has no load
WARNING: [Synth 8-7129] Port soc_bus\.araddr[23] in module csr is either unconnected or has no load
WARNING: [Synth 8-7129] Port soc_bus\.araddr[22] in module csr is either unconnected or has no load
WARNING: [Synth 8-7129] Port soc_bus\.araddr[21] in module csr is either unconnected or has no load
WARNING: [Synth 8-7129] Port soc_bus\.araddr[20] in module csr is either unconnected or has no load
WARNING: [Synth 8-7129] Port soc_bus\.araddr[19] in module csr is either unconnected or has no load
WARNING: [Synth 8-7129] Port soc_bus\.araddr[18] in module csr is either unconnected or has no load
WARNING: [Synth 8-7129] Port soc_bus\.araddr[17] in module csr is either unconnected or has no load
WARNING: [Synth 8-7129] Port soc_bus\.araddr[16] in module csr is either unconnected or has no load
WARNING: [Synth 8-7129] Port soc_bus\.araddr[15] in module csr is either unconnected or has no load
WARNING: [Synth 8-7129] Port soc_bus\.araddr[14] in module csr is either unconnected or has no load
WARNING: [Synth 8-7129] Port soc_bus\.araddr[13] in module csr is either unconnected or has no load
WARNING: [Synth 8-7129] Port soc_bus\.araddr[12] in module csr is either unconnected or has no load
WARNING: [Synth 8-7129] Port soc_bus\.araddr[11] in module csr is either unconnected or has no load
WARNING: [Synth 8-7129] Port soc_bus\.araddr[10] in module csr is either unconnected or has no load
WARNING: [Synth 8-7129] Port soc_bus\.araddr[9] in module csr is either unconnected or has no load
WARNING: [Synth 8-7129] Port soc_bus\.araddr[8] in module csr is either unconnected or has no load
WARNING: [Synth 8-7129] Port soc_bus\.arprot[2] in module csr is either unconnected or has no load
WARNING: [Synth 8-7129] Port soc_bus\.arprot[1] in module csr is either unconnected or has no load
WARNING: [Synth 8-7129] Port soc_bus\.arprot[0] in module csr is either unconnected or has no load
WARNING: [Synth 8-7129] Port ring_mgr\.clk in module csr is either unconnected or has no load
WARNING: [Synth 8-7129] Port ring_mgr\.rst_n in module csr is either unconnected or has no load
---------------------------------------------------------------------------------
Finished RTL Elaboration : Time (s): cpu = 00:00:14 ; elapsed = 00:00:14 . Memory (MB): peak = 1720.164 ; gain = 972.352
---------------------------------------------------------------------------------
---------------------------------------------------------------------------------
Start Handling Custom Attributes
---------------------------------------------------------------------------------
---------------------------------------------------------------------------------
Finished Handling Custom Attributes : Time (s): cpu = 00:00:14 ; elapsed = 00:00:15 . Memory (MB): peak = 1720.164 ; gain = 972.352
---------------------------------------------------------------------------------
---------------------------------------------------------------------------------
Finished RTL Optimization Phase 1 : Time (s): cpu = 00:00:14 ; elapsed = 00:00:15 . Memory (MB): peak = 1720.164 ; gain = 972.352
---------------------------------------------------------------------------------
Netlist sorting complete. Time (s): cpu = 00:00:01 ; elapsed = 00:00:01 . Memory (MB): peak = 1720.164 ; gain = 0.000
INFO: [Project 1-570] Preparing netlist for logic optimization

Processing XDC Constraints
Initializing timing engine
Parsing XDC File [C:/Users/laptop/Desktop/axi-dma-engine/syn/dma.sdc]
Finished Parsing XDC File [C:/Users/laptop/Desktop/axi-dma-engine/syn/dma.sdc]
Completed Processing XDC Constraints

Netlist sorting complete. Time (s): cpu = 00:00:00 ; elapsed = 00:00:00.038 . Memory (MB): peak = 2282.422 ; gain = 0.000
INFO: [Project 1-111] Unisim Transformation Summary:
No Unisim elements were transformed.

Constraint Validation Runtime : Time (s): cpu = 00:00:02 ; elapsed = 00:00:01 . Memory (MB): peak = 2299.727 ; gain = 17.305
---------------------------------------------------------------------------------
Finished Constraint Validation : Time (s): cpu = 00:00:46 ; elapsed = 00:00:44 . Memory (MB): peak = 2302.293 ; gain = 1554.480
---------------------------------------------------------------------------------
---------------------------------------------------------------------------------
Start Loading Part and Timing Information
---------------------------------------------------------------------------------
Loading part: xc7a100tcsg324-1
---------------------------------------------------------------------------------
Finished Loading Part and Timing Information : Time (s): cpu = 00:00:46 ; elapsed = 00:00:44 . Memory (MB): peak = 2302.293 ; gain = 1554.480
---------------------------------------------------------------------------------
---------------------------------------------------------------------------------
Start Applying 'set_property' XDC Constraints
---------------------------------------------------------------------------------
---------------------------------------------------------------------------------
Finished applying 'set_property' XDC Constraints : Time (s): cpu = 00:00:46 ; elapsed = 00:00:44 . Memory (MB): peak = 2302.293 ; gain = 1554.480
---------------------------------------------------------------------------------
---------------------------------------------------------------------------------
Start Preparing Guide Design
---------------------------------------------------------------------------------
got a mismatch dma_top
Is not a child genome
got a mismatch movement_top
Is not a child genome
got a mismatch bram
Is not a child genome
got a mismatch sys_mem
Is not a child genome
WARNING: [Synth 8-6702] IncrSynth : Design change found in an area of the design that prevents previous synthesis information being used, Reverting to default synthesis
---------------------------------------------------------------------------------
Finished Doing Graph Differ : Time (s): cpu = 00:00:48 ; elapsed = 00:00:47 . Memory (MB): peak = 2302.293 ; gain = 1554.480
---------------------------------------------------------------------------------
---------------------------------------------------------------------------------
Finished Preparing Guide Design : Time (s): cpu = 00:00:48 ; elapsed = 00:00:47 . Memory (MB): peak = 2302.293 ; gain = 1554.480
---------------------------------------------------------------------------------
INFO: [Synth 8-802] inferred FSM for state register 'state_reg' in module 'descriptor_fetcher'
INFO: [Synth 8-802] inferred FSM for state register 'state_reg' in module 'axi_4_master'
INFO: [Synth 8-802] inferred FSM for state register 'state_reg' in module 'sram_controller'
INFO: [Synth 8-802] inferred FSM for state register 'r_state_reg' in module 'sys_mem'
INFO: [Synth 8-802] inferred FSM for state register 'w_state_reg' in module 'sys_mem'
---------------------------------------------------------------------------------------------------
                   State |                     New Encoding |                Previous Encoding 
---------------------------------------------------------------------------------------------------
                s_normal |                                0 |                               01
                 s_error |                                1 |                               00
---------------------------------------------------------------------------------------------------
INFO: [Synth 8-3354] encoded FSM with state register 'state_reg' using encoding 'sequential' in module 'descriptor_fetcher'
---------------------------------------------------------------------------------------------------
                   State |                     New Encoding |                Previous Encoding 
---------------------------------------------------------------------------------------------------
                  s_idle |                             0000 |                             0000
                s_df_get |                             0001 |                             0001
                 s_df_ar |                             0010 |                             0010
                  s_df_r |                             0011 |                             0011
               s_df_push |                             0100 |                             0100
                s_dm_get |                             0101 |                             0101
              s_dm_wr_aw |                             0110 |                             1000
               s_dm_wr_w |                             0111 |                             1001
               s_dm_wr_b |                             1000 |                             1010
              s_dm_rd_ar |                             1001 |                             0110
               s_dm_rd_r |                             1010 |                             0111
             s_wait_sram |                             1011 |                             1011
---------------------------------------------------------------------------------------------------
INFO: [Synth 8-3354] encoded FSM with state register 'state_reg' using encoding 'sequential' in module 'axi_4_master'
---------------------------------------------------------------------------------------------------
                   State |                     New Encoding |                Previous Encoding 
---------------------------------------------------------------------------------------------------
                  s_idle |                              000 |                              000
                s_dm_get |                              001 |                              001
               s_writing |                              010 |                              010
               s_reading |                              011 |                              011
       s_wait_axi4master |                              100 |                              100
---------------------------------------------------------------------------------------------------
INFO: [Synth 8-3354] encoded FSM with state register 'state_reg' using encoding 'sequential' in module 'sram_controller'
---------------------------------------------------------------------------------------------------
                   State |                     New Encoding |                Previous Encoding 
---------------------------------------------------------------------------------------------------
                  W_IDLE |                              001 |                               00
                  W_DATA |                              010 |                               01
                  W_RESP |                              100 |                               10
---------------------------------------------------------------------------------------------------
INFO: [Synth 8-3354] encoded FSM with state register 'w_state_reg' using encoding 'one-hot' in module 'sys_mem'
---------------------------------------------------------------------------------------------------
                   State |                     New Encoding |                Previous Encoding 
---------------------------------------------------------------------------------------------------
                  R_IDLE |                                0 |                               00
                 R_ISSUE |                                1 |                               01
---------------------------------------------------------------------------------------------------
INFO: [Synth 8-3354] encoded FSM with state register 'r_state_reg' using encoding 'sequential' in module 'sys_mem'
---------------------------------------------------------------------------------
Finished RTL Optimization Phase 2 : Time (s): cpu = 00:02:34 ; elapsed = 00:02:37 . Memory (MB): peak = 2302.293 ; gain = 1554.480
---------------------------------------------------------------------------------


Incremental Synthesis Report Summary:

1. Incremental synthesis run: no

   Reason for not running incremental synthesis : Design change found in an area of the design that prevents previous synthesis information being used


INFO: [Synth 8-7130] Flow is switching to default flow due to incremental criteria not met. If you would like to alter this behaviour and have the flow terminate instead, please set the following parameter config_implementation {autoIncr.Synth.RejectBehavior Terminate}
---------------------------------------------------------------------------------
Start RTL Component Statistics 
---------------------------------------------------------------------------------
Detailed RTL Component Info : 
+---Adders : 
	   3 Input   33 Bit       Adders := 1     
	   2 Input   32 Bit       Adders := 3     
	   2 Input   31 Bit       Adders := 3     
	   2 Input    8 Bit       Adders := 6     
	   2 Input    7 Bit       Adders := 9     
	   2 Input    5 Bit       Adders := 9     
	   2 Input    3 Bit       Adders := 1     
+---Registers : 
	              128 Bit    Registers := 5     
	               65 Bit    Registers := 4     
	               40 Bit    Registers := 2     
	               32 Bit    Registers := 2068  
	               10 Bit    Registers := 2     
	                8 Bit    Registers := 7     
	                7 Bit    Registers := 6     
	                5 Bit    Registers := 6     
	                4 Bit    Registers := 2     
	                3 Bit    Registers := 1     
	                2 Bit    Registers := 4     
	                1 Bit    Registers := 29    
+---RAMs : 
	               8K Bit	(64 X 128 bit)          RAMs := 1     
	               2K Bit	(64 X 40 bit)          RAMs := 1     
	               2K Bit	(16 X 128 bit)          RAMs := 1     
	               2K Bit	(64 X 32 bit)          RAMs := 1     
	               1K Bit	(16 X 65 bit)          RAMs := 2     
+---Muxes : 
	   2 Input 32768 Bit        Muxes := 1     
	   3 Input 32768 Bit        Muxes := 1     
	   2 Input  128 Bit        Muxes := 2     
	  12 Input  128 Bit        Muxes := 2     
	   2 Input   65 Bit        Muxes := 2     
	   2 Input   32 Bit        Muxes := 29    
	  12 Input   32 Bit        Muxes := 2     
	   5 Input   32 Bit        Muxes := 3     
	   3 Input   32 Bit        Muxes := 1     
	   4 Input   32 Bit        Muxes := 2     
	   2 Input   10 Bit        Muxes := 2     
	   5 Input   10 Bit        Muxes := 1     
	  12 Input    8 Bit        Muxes := 2     
	   5 Input    8 Bit        Muxes := 1     
	   2 Input    8 Bit        Muxes := 6     
	   3 Input    8 Bit        Muxes := 1     
	  12 Input    4 Bit        Muxes := 1     
	   2 Input    4 Bit        Muxes := 3     
	   5 Input    3 Bit        Muxes := 1     
	   2 Input    3 Bit        Muxes := 3     
	   4 Input    2 Bit        Muxes := 1     
	   2 Input    2 Bit        Muxes := 3     
	   2 Input    1 Bit        Muxes := 37    
	  12 Input    1 Bit        Muxes := 15    
	   5 Input    1 Bit        Muxes := 6     
	   4 Input    1 Bit        Muxes := 5     
	   7 Input    1 Bit        Muxes := 1     
	   3 Input    1 Bit        Muxes := 4     
---------------------------------------------------------------------------------
Finished RTL Component Statistics 
---------------------------------------------------------------------------------
---------------------------------------------------------------------------------
Start Part Resource Summary
---------------------------------------------------------------------------------
Part Resources:
DSPs: 240 (col length:80)
BRAMs: 270 (col length: RAMB18 80 RAMB36 40)
---------------------------------------------------------------------------------
Finished Part Resource Summary
---------------------------------------------------------------------------------
---------------------------------------------------------------------------------
Start Cross Boundary and Area Optimization
---------------------------------------------------------------------------------
WARNING: [Synth 8-3936] Found unconnected internal register 'init_read_addr_reg' and it is trimmed from '32' to '12' bits. [C:/Users/laptop/Desktop/axi-dma-engine/rtl/vivado_config.sv:33]
INFO: [Synth 8-3886] merging instance 'axi\.bresp_reg[0]' (FDCE) to 'axi\.bresp_reg[1]'
INFO: [Synth 8-3333] propagating constant 0 across sequential element (\axi\.bresp_reg[1] )
---------------------------------------------------------------------------------
Finished Cross Boundary and Area Optimization : Time (s): cpu = 00:08:38 ; elapsed = 00:09:16 . Memory (MB): peak = 2302.293 ; gain = 1554.480
---------------------------------------------------------------------------------
---------------------------------------------------------------------------------
Start ROM, RAM, DSP, Shift Register and Retiming Reporting
---------------------------------------------------------------------------------

Block RAM: Preliminary Mapping Report (see note below)
+--------------+--------------------------------+------------------------+---+---+------------------------+---+---+------------------+--------+--------+
|Module Name   | RTL Object                     | PORT A (Depth x Width) | W | R | PORT B (Depth x Width) | W | R | Ports driving FF | RAMB18 | RAMB36 | 
+--------------+--------------------------------+------------------------+---+---+------------------------+---+---+------------------+--------+--------+
|vivado_config | u_df_out_fifo/fifo_buf_reg     | 64 x 128(READ_FIRST)   | W |   | 64 x 128(WRITE_FIRST)  |   | R | Port A and B     | 0      | 2      | 
|vivado_config | u_desc_to_dm_fifo/fifo_buf_reg | 16 x 128(READ_FIRST)   | W |   | 16 x 128(WRITE_FIRST)  |   | R | Port A and B     | 0      | 2      | 
|vivado_config | u_dm_fifo_sram/fifo_buf_reg    | 16 x 65(READ_FIRST)    | W |   | 16 x 65(WRITE_FIRST)   |   | R | Port A and B     | 0      | 1      | 
|vivado_config | u_mid_fifo/fifo_buf_reg        | 64 x 32(READ_FIRST)    | W |   | 64 x 32(WRITE_FIRST)   |   | R | Port A and B     | 1      | 0      | 
|vivado_config | u_df_in_fifo/fifo_buf_reg      | 64 x 40(READ_FIRST)    | W |   | 64 x 40(WRITE_FIRST)   |   | R | Port A and B     | 0      | 1      | 
|vivado_config | u_dm_fifo_axi/fifo_buf_reg     | 16 x 65(READ_FIRST)    | W |   | 16 x 65(WRITE_FIRST)   |   | R | Port A and B     | 0      | 1      | 
+--------------+--------------------------------+------------------------+---+---+------------------------+---+---+------------------+--------+--------+

Note: The table above is a preliminary report that shows the Block RAMs at the current stage of the synthesis flow. Some Block RAMs may be reimplemented as non Block RAM primitives later in the synthesis flow. Multiple instantiated Block RAMs are reported only once. 
---------------------------------------------------------------------------------
Finished ROM, RAM, DSP, Shift Register and Retiming Reporting
---------------------------------------------------------------------------------
---------------------------------------------------------------------------------
Start Applying XDC Timing Constraints
---------------------------------------------------------------------------------
---------------------------------------------------------------------------------
Finished Applying XDC Timing Constraints : Time (s): cpu = 00:09:00 ; elapsed = 00:09:40 . Memory (MB): peak = 2391.609 ; gain = 1643.797
---------------------------------------------------------------------------------
---------------------------------------------------------------------------------
Start Timing Optimization
---------------------------------------------------------------------------------
