
*** Running vivado
    with args -log design_1_axi_smc_0.vds -m64 -product Vivado -mode batch -messageDb vivado.pb -notrace -source design_1_axi_smc_0.tcl



****** Vivado v2025.2 (64-bit)
  **** SW Build 6299465 on Fri Nov 14 19:35:11 GMT 2025
  **** IP Build 6300035 on Fri Nov 14 10:48:45 MST 2025
  **** SharedData Build 6298862 on Thu Nov 13 04:50:51 MST 2025
  **** Start of session at: Tue May  5 18:29:36 2026
    ** Copyright 1986-2022 Xilinx, Inc. All Rights Reserved.
    ** Copyright 2022-2025 Advanced Micro Devices, Inc. All Rights Reserved.

source design_1_axi_smc_0.tcl -notrace
create_project: Time (s): cpu = 00:00:23 ; elapsed = 00:00:18 . Memory (MB): peak = 528.441 ; gain = 217.914
INFO: [IP_Flow 19-234] Refreshing IP repositories
INFO: [IP_Flow 19-1700] Loaded user IP repository 'c:/Users/laptop/Desktop/NEW DMA IP'.
INFO: [IP_Flow 19-2313] Loaded Vivado IP repository 'C:/AMDDesignTools/2025.2/Vivado/data/ip'.
Command: synth_design -top design_1_axi_smc_0 -part xc7a100tcsg324-1 -incremental_mode off -mode out_of_context
Starting synth_design
Attempting to get a license for feature 'Synthesis' and/or device 'xc7a100t'
INFO: [Common 17-349] Got license for feature 'Synthesis' and/or device 'xc7a100t'
INFO: [Device 21-403] Loading part xc7a100tcsg324-1
INFO: [Synth 8-7079] Multithreading enabled for synth_design using a maximum of 2 processes.
INFO: [Synth 8-7078] Launching helper process for spawning children vivado processes
INFO: [Synth 8-7075] Helper process launched with PID 18680
---------------------------------------------------------------------------------
Starting RTL Elaboration : Time (s): cpu = 00:00:13 ; elapsed = 00:00:14 . Memory (MB): peak = 1325.445 ; gain = 541.578
---------------------------------------------------------------------------------
INFO: [Synth 8-6157] synthesizing module 'design_1_axi_smc_0' [c:/Users/laptop/Desktop/DMA/DMA.gen/sources_1/bd/design_1/ip/design_1_axi_smc_0/synth/design_1_axi_smc_0.v:53]
INFO: [Synth 8-6157] synthesizing module 'bd_afc3' [c:/Users/laptop/Desktop/DMA/DMA.gen/sources_1/bd/design_1/ip/design_1_axi_smc_0/bd_0/synth/bd_afc3.v:10]
INFO: [Synth 8-6157] synthesizing module 'clk_map_imp_5Y9LOC' [c:/Users/laptop/Desktop/DMA/DMA.gen/sources_1/bd/design_1/ip/design_1_axi_smc_0/bd_0/synth/bd_afc3.v:1806]
INFO: [Synth 8-638] synthesizing module 'bd_afc3_psr_aclk_0' [c:/Users/laptop/Desktop/DMA/DMA.gen/sources_1/bd/design_1/ip/design_1_axi_smc_0/bd_0/ip/ip_1/synth/bd_afc3_psr_aclk_0.vhd:74]
	Parameter C_FAMILY bound to: artix7 - type: string 
	Parameter C_EXT_RST_WIDTH bound to: 4 - type: integer 
	Parameter C_AUX_RST_WIDTH bound to: 1 - type: integer 
	Parameter C_EXT_RESET_HIGH bound to: 1'b0 
	Parameter C_AUX_RESET_HIGH bound to: 1'b0 
	Parameter C_NUM_BUS_RST bound to: 1 - type: integer 
	Parameter C_NUM_PERP_RST bound to: 1 - type: integer 
	Parameter C_NUM_INTERCONNECT_ARESETN bound to: 1 - type: integer 
	Parameter C_NUM_PERP_ARESETN bound to: 1 - type: integer 
INFO: [Synth 8-3491] module 'proc_sys_reset' declared at 'c:/Users/laptop/Desktop/DMA/DMA.gen/sources_1/bd/design_1/ipshared/9438/hdl/proc_sys_reset_v5_0_vh_rfs.vhd:1243' bound to instance 'U0' of component 'proc_sys_reset' [c:/Users/laptop/Desktop/DMA/DMA.gen/sources_1/bd/design_1/ip/design_1_axi_smc_0/bd_0/ip/ip_1/synth/bd_afc3_psr_aclk_0.vhd:139]
INFO: [Synth 8-638] synthesizing module 'proc_sys_reset' [c:/Users/laptop/Desktop/DMA/DMA.gen/sources_1/bd/design_1/ipshared/9438/hdl/proc_sys_reset_v5_0_vh_rfs.vhd:1302]
	Parameter INIT bound to: 1'b1 
INFO: [Synth 8-113] binding component instance 'FDRE_inst' to cell 'FDRE' [c:/Users/laptop/Desktop/DMA/DMA.gen/sources_1/bd/design_1/ipshared/9438/hdl/proc_sys_reset_v5_0_vh_rfs.vhd:1371]
	Parameter INIT bound to: 1'b1 
INFO: [Synth 8-113] binding component instance 'FDRE_BSR' to cell 'FDRE' [c:/Users/laptop/Desktop/DMA/DMA.gen/sources_1/bd/design_1/ipshared/9438/hdl/proc_sys_reset_v5_0_vh_rfs.vhd:1387]
	Parameter INIT bound to: 1'b0 
INFO: [Synth 8-113] binding component instance 'FDRE_BSR_N' to cell 'FDRE' [c:/Users/laptop/Desktop/DMA/DMA.gen/sources_1/bd/design_1/ipshared/9438/hdl/proc_sys_reset_v5_0_vh_rfs.vhd:1413]
	Parameter INIT bound to: 1'b1 
INFO: [Synth 8-113] binding component instance 'FDRE_PER' to cell 'FDRE' [c:/Users/laptop/Desktop/DMA/DMA.gen/sources_1/bd/design_1/ipshared/9438/hdl/proc_sys_reset_v5_0_vh_rfs.vhd:1436]
	Parameter INIT bound to: 1'b0 
INFO: [Synth 8-113] binding component instance 'FDRE_PER_N' to cell 'FDRE' [c:/Users/laptop/Desktop/DMA/DMA.gen/sources_1/bd/design_1/ipshared/9438/hdl/proc_sys_reset_v5_0_vh_rfs.vhd:1460]
INFO: [Synth 8-638] synthesizing module 'lpf' [c:/Users/laptop/Desktop/DMA/DMA.gen/sources_1/bd/design_1/ipshared/9438/hdl/proc_sys_reset_v5_0_vh_rfs.vhd:821]
INFO: [Synth 8-3491] module 'SRL16' declared at 'C:/AMDDesignTools/2025.2/Vivado/scripts/rt/data/unisim_comp.v:165318' bound to instance 'POR_SRL_I' of component 'SRL16' [c:/Users/laptop/Desktop/DMA/DMA.gen/sources_1/bd/design_1/ipshared/9438/hdl/proc_sys_reset_v5_0_vh_rfs.vhd:873]
INFO: [Synth 8-6157] synthesizing module 'SRL16' [C:/AMDDesignTools/2025.2/Vivado/scripts/rt/data/unisim_comp.v:165318]
INFO: [Synth 8-6155] done synthesizing module 'SRL16' (0#1) [C:/AMDDesignTools/2025.2/Vivado/scripts/rt/data/unisim_comp.v:165318]
	Parameter DEST_SYNC_FF bound to: 4 - type: integer 
	Parameter INIT_SYNC_FF bound to: 0 - type: integer 
	Parameter SIM_ASSERT_CHK bound to: 0 - type: integer 
	Parameter SRC_INPUT_REG bound to: 0 - type: integer 
INFO: [Synth 8-3491] module 'xpm_cdc_single' declared at 'C:/AMDDesignTools/2025.2/Vivado/data/ip/xpm/xpm_cdc/hdl/xpm_cdc.sv:152' bound to instance 'ACT_LO_EXT' of component 'xpm_cdc_single' [c:/Users/laptop/Desktop/DMA/DMA.gen/sources_1/bd/design_1/ipshared/9438/hdl/proc_sys_reset_v5_0_vh_rfs.vhd:968]
INFO: [Synth 8-6157] synthesizing module 'xpm_cdc_single' [C:/AMDDesignTools/2025.2/Vivado/data/ip/xpm/xpm_cdc/hdl/xpm_cdc.sv:152]
INFO: [Synth 8-6155] done synthesizing module 'xpm_cdc_single' (0#1) [C:/AMDDesignTools/2025.2/Vivado/data/ip/xpm/xpm_cdc/hdl/xpm_cdc.sv:152]
	Parameter DEST_SYNC_FF bound to: 4 - type: integer 
	Parameter INIT_SYNC_FF bound to: 0 - type: integer 
	Parameter SIM_ASSERT_CHK bound to: 0 - type: integer 
	Parameter SRC_INPUT_REG bound to: 0 - type: integer 
INFO: [Synth 8-3491] module 'xpm_cdc_single' declared at 'C:/AMDDesignTools/2025.2/Vivado/data/ip/xpm/xpm_cdc/hdl/xpm_cdc.sv:152' bound to instance 'ACT_LO_AUX' of component 'xpm_cdc_single' [c:/Users/laptop/Desktop/DMA/DMA.gen/sources_1/bd/design_1/ipshared/9438/hdl/proc_sys_reset_v5_0_vh_rfs.vhd:1015]
INFO: [Synth 8-256] done synthesizing module 'lpf' (0#1) [c:/Users/laptop/Desktop/DMA/DMA.gen/sources_1/bd/design_1/ipshared/9438/hdl/proc_sys_reset_v5_0_vh_rfs.vhd:821]
INFO: [Synth 8-638] synthesizing module 'sequence_psr' [c:/Users/laptop/Desktop/DMA/DMA.gen/sources_1/bd/design_1/ipshared/9438/hdl/proc_sys_reset_v5_0_vh_rfs.vhd:304]
INFO: [Synth 8-638] synthesizing module 'upcnt_n' [c:/Users/laptop/Desktop/DMA/DMA.gen/sources_1/bd/design_1/ipshared/9438/hdl/proc_sys_reset_v5_0_vh_rfs.vhd:126]
INFO: [Synth 8-256] done synthesizing module 'upcnt_n' (0#1) [c:/Users/laptop/Desktop/DMA/DMA.gen/sources_1/bd/design_1/ipshared/9438/hdl/proc_sys_reset_v5_0_vh_rfs.vhd:126]
INFO: [Synth 8-256] done synthesizing module 'sequence_psr' (0#1) [c:/Users/laptop/Desktop/DMA/DMA.gen/sources_1/bd/design_1/ipshared/9438/hdl/proc_sys_reset_v5_0_vh_rfs.vhd:304]
INFO: [Synth 8-256] done synthesizing module 'proc_sys_reset' (0#1) [c:/Users/laptop/Desktop/DMA/DMA.gen/sources_1/bd/design_1/ipshared/9438/hdl/proc_sys_reset_v5_0_vh_rfs.vhd:1302]
INFO: [Synth 8-256] done synthesizing module 'bd_afc3_psr_aclk_0' (0#1) [c:/Users/laptop/Desktop/DMA/DMA.gen/sources_1/bd/design_1/ip/design_1_axi_smc_0/bd_0/ip/ip_1/synth/bd_afc3_psr_aclk_0.vhd:74]
WARNING: [Synth 8-7071] port 'mb_reset' of module 'bd_afc3_psr_aclk_0' is unconnected for instance 'psr_aclk' [c:/Users/laptop/Desktop/DMA/DMA.gen/sources_1/bd/design_1/ip/design_1_axi_smc_0/bd_0/synth/bd_afc3.v:1855]
WARNING: [Synth 8-7071] port 'bus_struct_reset' of module 'bd_afc3_psr_aclk_0' is unconnected for instance 'psr_aclk' [c:/Users/laptop/Desktop/DMA/DMA.gen/sources_1/bd/design_1/ip/design_1_axi_smc_0/bd_0/synth/bd_afc3.v:1855]
WARNING: [Synth 8-7071] port 'peripheral_reset' of module 'bd_afc3_psr_aclk_0' is unconnected for instance 'psr_aclk' [c:/Users/laptop/Desktop/DMA/DMA.gen/sources_1/bd/design_1/ip/design_1_axi_smc_0/bd_0/synth/bd_afc3.v:1855]
WARNING: [Synth 8-7071] port 'peripheral_aresetn' of module 'bd_afc3_psr_aclk_0' is unconnected for instance 'psr_aclk' [c:/Users/laptop/Desktop/DMA/DMA.gen/sources_1/bd/design_1/ip/design_1_axi_smc_0/bd_0/synth/bd_afc3.v:1855]
WARNING: [Synth 8-7023] instance 'psr_aclk' of module 'bd_afc3_psr_aclk_0' has 10 connections declared, but only 6 given [c:/Users/laptop/Desktop/DMA/DMA.gen/sources_1/bd/design_1/ip/design_1_axi_smc_0/bd_0/synth/bd_afc3.v:1855]
INFO: [Synth 8-6155] done synthesizing module 'clk_map_imp_5Y9LOC' (0#1) [c:/Users/laptop/Desktop/DMA/DMA.gen/sources_1/bd/design_1/ip/design_1_axi_smc_0/bd_0/synth/bd_afc3.v:1806]
INFO: [Synth 8-6157] synthesizing module 'm00_exit_pipeline_imp_1TZX5BB' [c:/Users/laptop/Desktop/DMA/DMA.gen/sources_1/bd/design_1/ip/design_1_axi_smc_0/bd_0/synth/bd_afc3.v:2106]
INFO: [Synth 8-6157] synthesizing module 'bd_afc3_m00e_0' [c:/Users/laptop/Desktop/DMA/DMA.gen/sources_1/bd/design_1/ip/design_1_axi_smc_0/bd_0/ip/ip_32/synth/bd_afc3_m00e_0.sv:53]
INFO: [Synth 8-6157] synthesizing module 'xpm_cdc_async_rst' [C:/AMDDesignTools/2025.2/Vivado/data/ip/xpm/xpm_cdc/hdl/xpm_cdc.sv:1175]
INFO: [Synth 8-6155] done synthesizing module 'xpm_cdc_async_rst' (0#1) [C:/AMDDesignTools/2025.2/Vivado/data/ip/xpm/xpm_cdc/hdl/xpm_cdc.sv:1175]
INFO: [Synth 8-6155] done synthesizing module 'bd_afc3_m00e_0' (0#1) [c:/Users/laptop/Desktop/DMA/DMA.gen/sources_1/bd/design_1/ip/design_1_axi_smc_0/bd_0/ip/ip_32/synth/bd_afc3_m00e_0.sv:53]
INFO: [Synth 8-6155] done synthesizing module 'm00_exit_pipeline_imp_1TZX5BB' (0#1) [c:/Users/laptop/Desktop/DMA/DMA.gen/sources_1/bd/design_1/ip/design_1_axi_smc_0/bd_0/synth/bd_afc3.v:2106]
INFO: [Synth 8-6157] synthesizing module 'm00_nodes_imp_1GOYQYZ' [c:/Users/laptop/Desktop/DMA/DMA.gen/sources_1/bd/design_1/ip/design_1_axi_smc_0/bd_0/synth/bd_afc3.v:2348]
INFO: [Synth 8-6157] synthesizing module 'bd_afc3_m00arn_0' [c:/Users/laptop/Desktop/DMA/DMA.gen/sources_1/bd/design_1/ip/design_1_axi_smc_0/bd_0/ip/ip_27/synth/bd_afc3_m00arn_0.sv:53]
INFO: [Synth 8-6155] done synthesizing module 'bd_afc3_m00arn_0' (0#1) [c:/Users/laptop/Desktop/DMA/DMA.gen/sources_1/bd/design_1/ip/design_1_axi_smc_0/bd_0/ip/ip_27/synth/bd_afc3_m00arn_0.sv:53]
INFO: [Synth 8-6157] synthesizing module 'bd_afc3_m00awn_0' [c:/Users/laptop/Desktop/DMA/DMA.gen/sources_1/bd/design_1/ip/design_1_axi_smc_0/bd_0/ip/ip_29/synth/bd_afc3_m00awn_0.sv:53]
INFO: [Synth 8-6155] done synthesizing module 'bd_afc3_m00awn_0' (0#1) [c:/Users/laptop/Desktop/DMA/DMA.gen/sources_1/bd/design_1/ip/design_1_axi_smc_0/bd_0/ip/ip_29/synth/bd_afc3_m00awn_0.sv:53]
INFO: [Synth 8-6157] synthesizing module 'bd_afc3_m00bn_0' [c:/Users/laptop/Desktop/DMA/DMA.gen/sources_1/bd/design_1/ip/design_1_axi_smc_0/bd_0/ip/ip_31/synth/bd_afc3_m00bn_0.sv:53]
INFO: [Synth 8-6155] done synthesizing module 'bd_afc3_m00bn_0' (0#1) [c:/Users/laptop/Desktop/DMA/DMA.gen/sources_1/bd/design_1/ip/design_1_axi_smc_0/bd_0/ip/ip_31/synth/bd_afc3_m00bn_0.sv:53]
INFO: [Synth 8-6157] synthesizing module 'bd_afc3_m00rn_0' [c:/Users/laptop/Desktop/DMA/DMA.gen/sources_1/bd/design_1/ip/design_1_axi_smc_0/bd_0/ip/ip_28/synth/bd_afc3_m00rn_0.sv:53]
INFO: [Synth 8-6155] done synthesizing module 'bd_afc3_m00rn_0' (0#1) [c:/Users/laptop/Desktop/DMA/DMA.gen/sources_1/bd/design_1/ip/design_1_axi_smc_0/bd_0/ip/ip_28/synth/bd_afc3_m00rn_0.sv:53]
INFO: [Synth 8-6157] synthesizing module 'bd_afc3_m00wn_0' [c:/Users/laptop/Desktop/DMA/DMA.gen/sources_1/bd/design_1/ip/design_1_axi_smc_0/bd_0/ip/ip_30/synth/bd_afc3_m00wn_0.sv:53]
INFO: [Synth 8-6155] done synthesizing module 'bd_afc3_m00wn_0' (0#1) [c:/Users/laptop/Desktop/DMA/DMA.gen/sources_1/bd/design_1/ip/design_1_axi_smc_0/bd_0/ip/ip_30/synth/bd_afc3_m00wn_0.sv:53]
INFO: [Synth 8-6155] done synthesizing module 'm00_nodes_imp_1GOYQYZ' (0#1) [c:/Users/laptop/Desktop/DMA/DMA.gen/sources_1/bd/design_1/ip/design_1_axi_smc_0/bd_0/synth/bd_afc3.v:2348]
INFO: [Synth 8-6157] synthesizing module 'bd_afc3_m00s2a_0' [c:/Users/laptop/Desktop/DMA/DMA.gen/sources_1/bd/design_1/ip/design_1_axi_smc_0/bd_0/ip/ip_26/synth/bd_afc3_m00s2a_0.sv:53]
INFO: [Synth 8-6155] done synthesizing module 'bd_afc3_m00s2a_0' (0#1) [c:/Users/laptop/Desktop/DMA/DMA.gen/sources_1/bd/design_1/ip/design_1_axi_smc_0/bd_0/ip/ip_26/synth/bd_afc3_m00s2a_0.sv:53]
INFO: [Synth 8-6157] synthesizing module 'm01_exit_pipeline_imp_1XMPFJB' [c:/Users/laptop/Desktop/DMA/DMA.gen/sources_1/bd/design_1/ip/design_1_axi_smc_0/bd_0/synth/bd_afc3.v:2590]
INFO: [Synth 8-6157] synthesizing module 'bd_afc3_m01e_0' [c:/Users/laptop/Desktop/DMA/DMA.gen/sources_1/bd/design_1/ip/design_1_axi_smc_0/bd_0/ip/ip_39/synth/bd_afc3_m01e_0.sv:53]
INFO: [Synth 8-6155] done synthesizing module 'bd_afc3_m01e_0' (0#1) [c:/Users/laptop/Desktop/DMA/DMA.gen/sources_1/bd/design_1/ip/design_1_axi_smc_0/bd_0/ip/ip_39/synth/bd_afc3_m01e_0.sv:53]
INFO: [Synth 8-6155] done synthesizing module 'm01_exit_pipeline_imp_1XMPFJB' (0#1) [c:/Users/laptop/Desktop/DMA/DMA.gen/sources_1/bd/design_1/ip/design_1_axi_smc_0/bd_0/synth/bd_afc3.v:2590]
INFO: [Synth 8-6157] synthesizing module 'm01_nodes_imp_94N5OD' [c:/Users/laptop/Desktop/DMA/DMA.gen/sources_1/bd/design_1/ip/design_1_axi_smc_0/bd_0/synth/bd_afc3.v:2832]
INFO: [Synth 8-6157] synthesizing module 'bd_afc3_m01arn_0' [c:/Users/laptop/Desktop/DMA/DMA.gen/sources_1/bd/design_1/ip/design_1_axi_smc_0/bd_0/ip/ip_34/synth/bd_afc3_m01arn_0.sv:53]
INFO: [Synth 8-6155] done synthesizing module 'bd_afc3_m01arn_0' (0#1) [c:/Users/laptop/Desktop/DMA/DMA.gen/sources_1/bd/design_1/ip/design_1_axi_smc_0/bd_0/ip/ip_34/synth/bd_afc3_m01arn_0.sv:53]
INFO: [Synth 8-6157] synthesizing module 'bd_afc3_m01awn_0' [c:/Users/laptop/Desktop/DMA/DMA.gen/sources_1/bd/design_1/ip/design_1_axi_smc_0/bd_0/ip/ip_36/synth/bd_afc3_m01awn_0.sv:53]
INFO: [Synth 8-6155] done synthesizing module 'bd_afc3_m01awn_0' (0#1) [c:/Users/laptop/Desktop/DMA/DMA.gen/sources_1/bd/design_1/ip/design_1_axi_smc_0/bd_0/ip/ip_36/synth/bd_afc3_m01awn_0.sv:53]
INFO: [Synth 8-6157] synthesizing module 'bd_afc3_m01bn_0' [c:/Users/laptop/Desktop/DMA/DMA.gen/sources_1/bd/design_1/ip/design_1_axi_smc_0/bd_0/ip/ip_38/synth/bd_afc3_m01bn_0.sv:53]
INFO: [Synth 8-6155] done synthesizing module 'bd_afc3_m01bn_0' (0#1) [c:/Users/laptop/Desktop/DMA/DMA.gen/sources_1/bd/design_1/ip/design_1_axi_smc_0/bd_0/ip/ip_38/synth/bd_afc3_m01bn_0.sv:53]
INFO: [Synth 8-6157] synthesizing module 'bd_afc3_m01rn_0' [c:/Users/laptop/Desktop/DMA/DMA.gen/sources_1/bd/design_1/ip/design_1_axi_smc_0/bd_0/ip/ip_35/synth/bd_afc3_m01rn_0.sv:53]
INFO: [Synth 8-6155] done synthesizing module 'bd_afc3_m01rn_0' (0#1) [c:/Users/laptop/Desktop/DMA/DMA.gen/sources_1/bd/design_1/ip/design_1_axi_smc_0/bd_0/ip/ip_35/synth/bd_afc3_m01rn_0.sv:53]
INFO: [Synth 8-6157] synthesizing module 'bd_afc3_m01wn_0' [c:/Users/laptop/Desktop/DMA/DMA.gen/sources_1/bd/design_1/ip/design_1_axi_smc_0/bd_0/ip/ip_37/synth/bd_afc3_m01wn_0.sv:53]
INFO: [Synth 8-6155] done synthesizing module 'bd_afc3_m01wn_0' (0#1) [c:/Users/laptop/Desktop/DMA/DMA.gen/sources_1/bd/design_1/ip/design_1_axi_smc_0/bd_0/ip/ip_37/synth/bd_afc3_m01wn_0.sv:53]
INFO: [Synth 8-6155] done synthesizing module 'm01_nodes_imp_94N5OD' (0#1) [c:/Users/laptop/Desktop/DMA/DMA.gen/sources_1/bd/design_1/ip/design_1_axi_smc_0/bd_0/synth/bd_afc3.v:2832]
INFO: [Synth 8-6157] synthesizing module 'bd_afc3_m01s2a_0' [c:/Users/laptop/Desktop/DMA/DMA.gen/sources_1/bd/design_1/ip/design_1_axi_smc_0/bd_0/ip/ip_33/synth/bd_afc3_m01s2a_0.sv:53]
INFO: [Synth 8-6155] done synthesizing module 'bd_afc3_m01s2a_0' (0#1) [c:/Users/laptop/Desktop/DMA/DMA.gen/sources_1/bd/design_1/ip/design_1_axi_smc_0/bd_0/ip/ip_33/synth/bd_afc3_m01s2a_0.sv:53]
INFO: [Synth 8-6157] synthesizing module 'm02_exit_pipeline_imp_1I9A8BR' [c:/Users/laptop/Desktop/DMA/DMA.gen/sources_1/bd/design_1/ip/design_1_axi_smc_0/bd_0/synth/bd_afc3.v:3074]
INFO: [Synth 8-6157] synthesizing module 'bd_afc3_m02e_0' [c:/Users/laptop/Desktop/DMA/DMA.gen/sources_1/bd/design_1/ip/design_1_axi_smc_0/bd_0/ip/ip_46/synth/bd_afc3_m02e_0.sv:53]
INFO: [Synth 8-6155] done synthesizing module 'bd_afc3_m02e_0' (0#1) [c:/Users/laptop/Desktop/DMA/DMA.gen/sources_1/bd/design_1/ip/design_1_axi_smc_0/bd_0/ip/ip_46/synth/bd_afc3_m02e_0.sv:53]
INFO: [Synth 8-6155] done synthesizing module 'm02_exit_pipeline_imp_1I9A8BR' (0#1) [c:/Users/laptop/Desktop/DMA/DMA.gen/sources_1/bd/design_1/ip/design_1_axi_smc_0/bd_0/synth/bd_afc3.v:3074]
INFO: [Synth 8-6157] synthesizing module 'm02_nodes_imp_PO9IG6' [c:/Users/laptop/Desktop/DMA/DMA.gen/sources_1/bd/design_1/ip/design_1_axi_smc_0/bd_0/synth/bd_afc3.v:3316]
INFO: [Synth 8-6157] synthesizing module 'bd_afc3_m02arn_0' [c:/Users/laptop/Desktop/DMA/DMA.gen/sources_1/bd/design_1/ip/design_1_axi_smc_0/bd_0/ip/ip_41/synth/bd_afc3_m02arn_0.sv:53]
INFO: [Synth 8-6155] done synthesizing module 'bd_afc3_m02arn_0' (0#1) [c:/Users/laptop/Desktop/DMA/DMA.gen/sources_1/bd/design_1/ip/design_1_axi_smc_0/bd_0/ip/ip_41/synth/bd_afc3_m02arn_0.sv:53]
INFO: [Synth 8-6157] synthesizing module 'bd_afc3_m02awn_0' [c:/Users/laptop/Desktop/DMA/DMA.gen/sources_1/bd/design_1/ip/design_1_axi_smc_0/bd_0/ip/ip_43/synth/bd_afc3_m02awn_0.sv:53]
INFO: [Synth 8-6155] done synthesizing module 'bd_afc3_m02awn_0' (0#1) [c:/Users/laptop/Desktop/DMA/DMA.gen/sources_1/bd/design_1/ip/design_1_axi_smc_0/bd_0/ip/ip_43/synth/bd_afc3_m02awn_0.sv:53]
INFO: [Synth 8-6157] synthesizing module 'bd_afc3_m02bn_0' [c:/Users/laptop/Desktop/DMA/DMA.gen/sources_1/bd/design_1/ip/design_1_axi_smc_0/bd_0/ip/ip_45/synth/bd_afc3_m02bn_0.sv:53]
INFO: [Synth 8-6155] done synthesizing module 'bd_afc3_m02bn_0' (0#1) [c:/Users/laptop/Desktop/DMA/DMA.gen/sources_1/bd/design_1/ip/design_1_axi_smc_0/bd_0/ip/ip_45/synth/bd_afc3_m02bn_0.sv:53]
INFO: [Synth 8-6157] synthesizing module 'bd_afc3_m02rn_0' [c:/Users/laptop/Desktop/DMA/DMA.gen/sources_1/bd/design_1/ip/design_1_axi_smc_0/bd_0/ip/ip_42/synth/bd_afc3_m02rn_0.sv:53]
INFO: [Synth 8-6155] done synthesizing module 'bd_afc3_m02rn_0' (0#1) [c:/Users/laptop/Desktop/DMA/DMA.gen/sources_1/bd/design_1/ip/design_1_axi_smc_0/bd_0/ip/ip_42/synth/bd_afc3_m02rn_0.sv:53]
INFO: [Synth 8-6157] synthesizing module 'bd_afc3_m02wn_0' [c:/Users/laptop/Desktop/DMA/DMA.gen/sources_1/bd/design_1/ip/design_1_axi_smc_0/bd_0/ip/ip_44/synth/bd_afc3_m02wn_0.sv:53]
INFO: [Synth 8-6155] done synthesizing module 'bd_afc3_m02wn_0' (0#1) [c:/Users/laptop/Desktop/DMA/DMA.gen/sources_1/bd/design_1/ip/design_1_axi_smc_0/bd_0/ip/ip_44/synth/bd_afc3_m02wn_0.sv:53]
INFO: [Synth 8-6155] done synthesizing module 'm02_nodes_imp_PO9IG6' (0#1) [c:/Users/laptop/Desktop/DMA/DMA.gen/sources_1/bd/design_1/ip/design_1_axi_smc_0/bd_0/synth/bd_afc3.v:3316]
INFO: [Synth 8-6157] synthesizing module 'bd_afc3_m02s2a_0' [c:/Users/laptop/Desktop/DMA/DMA.gen/sources_1/bd/design_1/ip/design_1_axi_smc_0/bd_0/ip/ip_40/synth/bd_afc3_m02s2a_0.sv:53]
INFO: [Synth 8-6155] done synthesizing module 'bd_afc3_m02s2a_0' (0#1) [c:/Users/laptop/Desktop/DMA/DMA.gen/sources_1/bd/design_1/ip/design_1_axi_smc_0/bd_0/ip/ip_40/synth/bd_afc3_m02s2a_0.sv:53]
INFO: [Synth 8-6157] synthesizing module 'm03_exit_pipeline_imp_1N01L5Z' [c:/Users/laptop/Desktop/DMA/DMA.gen/sources_1/bd/design_1/ip/design_1_axi_smc_0/bd_0/synth/bd_afc3.v:3558]
INFO: [Synth 8-6157] synthesizing module 'bd_afc3_m03e_0' [c:/Users/laptop/Desktop/DMA/DMA.gen/sources_1/bd/design_1/ip/design_1_axi_smc_0/bd_0/ip/ip_53/synth/bd_afc3_m03e_0.sv:53]
INFO: [Synth 8-6155] done synthesizing module 'bd_afc3_m03e_0' (0#1) [c:/Users/laptop/Desktop/DMA/DMA.gen/sources_1/bd/design_1/ip/design_1_axi_smc_0/bd_0/ip/ip_53/synth/bd_afc3_m03e_0.sv:53]
INFO: [Synth 8-6155] done synthesizing module 'm03_exit_pipeline_imp_1N01L5Z' (0#1) [c:/Users/laptop/Desktop/DMA/DMA.gen/sources_1/bd/design_1/ip/design_1_axi_smc_0/bd_0/synth/bd_afc3.v:3558]
INFO: [Synth 8-6157] synthesizing module 'm03_nodes_imp_1HP4O9C' [c:/Users/laptop/Desktop/DMA/DMA.gen/sources_1/bd/design_1/ip/design_1_axi_smc_0/bd_0/synth/bd_afc3.v:3800]
INFO: [Synth 8-6157] synthesizing module 'bd_afc3_m03arn_0' [c:/Users/laptop/Desktop/DMA/DMA.gen/sources_1/bd/design_1/ip/design_1_axi_smc_0/bd_0/ip/ip_48/synth/bd_afc3_m03arn_0.sv:53]
INFO: [Synth 8-6155] done synthesizing module 'bd_afc3_m03arn_0' (0#1) [c:/Users/laptop/Desktop/DMA/DMA.gen/sources_1/bd/design_1/ip/design_1_axi_smc_0/bd_0/ip/ip_48/synth/bd_afc3_m03arn_0.sv:53]
INFO: [Synth 8-6157] synthesizing module 'bd_afc3_m03awn_0' [c:/Users/laptop/Desktop/DMA/DMA.gen/sources_1/bd/design_1/ip/design_1_axi_smc_0/bd_0/ip/ip_50/synth/bd_afc3_m03awn_0.sv:53]
INFO: [Synth 8-6155] done synthesizing module 'bd_afc3_m03awn_0' (0#1) [c:/Users/laptop/Desktop/DMA/DMA.gen/sources_1/bd/design_1/ip/design_1_axi_smc_0/bd_0/ip/ip_50/synth/bd_afc3_m03awn_0.sv:53]
INFO: [Synth 8-6157] synthesizing module 'bd_afc3_m03bn_0' [c:/Users/laptop/Desktop/DMA/DMA.gen/sources_1/bd/design_1/ip/design_1_axi_smc_0/bd_0/ip/ip_52/synth/bd_afc3_m03bn_0.sv:53]
INFO: [Synth 8-6155] done synthesizing module 'bd_afc3_m03bn_0' (0#1) [c:/Users/laptop/Desktop/DMA/DMA.gen/sources_1/bd/design_1/ip/design_1_axi_smc_0/bd_0/ip/ip_52/synth/bd_afc3_m03bn_0.sv:53]
INFO: [Synth 8-6157] synthesizing module 'bd_afc3_m03rn_0' [c:/Users/laptop/Desktop/DMA/DMA.gen/sources_1/bd/design_1/ip/design_1_axi_smc_0/bd_0/ip/ip_49/synth/bd_afc3_m03rn_0.sv:53]
INFO: [Synth 8-6155] done synthesizing module 'bd_afc3_m03rn_0' (0#1) [c:/Users/laptop/Desktop/DMA/DMA.gen/sources_1/bd/design_1/ip/design_1_axi_smc_0/bd_0/ip/ip_49/synth/bd_afc3_m03rn_0.sv:53]
INFO: [Synth 8-6157] synthesizing module 'bd_afc3_m03wn_0' [c:/Users/laptop/Desktop/DMA/DMA.gen/sources_1/bd/design_1/ip/design_1_axi_smc_0/bd_0/ip/ip_51/synth/bd_afc3_m03wn_0.sv:53]
INFO: [Synth 8-6155] done synthesizing module 'bd_afc3_m03wn_0' (0#1) [c:/Users/laptop/Desktop/DMA/DMA.gen/sources_1/bd/design_1/ip/design_1_axi_smc_0/bd_0/ip/ip_51/synth/bd_afc3_m03wn_0.sv:53]
INFO: [Synth 8-6155] done synthesizing module 'm03_nodes_imp_1HP4O9C' (0#1) [c:/Users/laptop/Desktop/DMA/DMA.gen/sources_1/bd/design_1/ip/design_1_axi_smc_0/bd_0/synth/bd_afc3.v:3800]
INFO: [Synth 8-6157] synthesizing module 'bd_afc3_m03s2a_0' [c:/Users/laptop/Desktop/DMA/DMA.gen/sources_1/bd/design_1/ip/design_1_axi_smc_0/bd_0/ip/ip_47/synth/bd_afc3_m03s2a_0.sv:53]
INFO: [Synth 8-6155] done synthesizing module 'bd_afc3_m03s2a_0' (0#1) [c:/Users/laptop/Desktop/DMA/DMA.gen/sources_1/bd/design_1/ip/design_1_axi_smc_0/bd_0/ip/ip_47/synth/bd_afc3_m03s2a_0.sv:53]
INFO: [Synth 8-6157] synthesizing module 'bd_afc3_s00a2s_0' [c:/Users/laptop/Desktop/DMA/DMA.gen/sources_1/bd/design_1/ip/design_1_axi_smc_0/bd_0/ip/ip_20/synth/bd_afc3_s00a2s_0.sv:53]
INFO: [Synth 8-6155] done synthesizing module 'bd_afc3_s00a2s_0' (0#1) [c:/Users/laptop/Desktop/DMA/DMA.gen/sources_1/bd/design_1/ip/design_1_axi_smc_0/bd_0/ip/ip_20/synth/bd_afc3_s00a2s_0.sv:53]
INFO: [Synth 8-6157] synthesizing module 's00_entry_pipeline_imp_USCCV8' [c:/Users/laptop/Desktop/DMA/DMA.gen/sources_1/bd/design_1/ip/design_1_axi_smc_0/bd_0/synth/bd_afc3.v:4042]
INFO: [Synth 8-6157] synthesizing module 'bd_afc3_s00mmu_0' [c:/Users/laptop/Desktop/DMA/DMA.gen/sources_1/bd/design_1/ip/design_1_axi_smc_0/bd_0/ip/ip_17/synth/bd_afc3_s00mmu_0.sv:53]
INFO: [Synth 8-6155] done synthesizing module 'bd_afc3_s00mmu_0' (0#1) [c:/Users/laptop/Desktop/DMA/DMA.gen/sources_1/bd/design_1/ip/design_1_axi_smc_0/bd_0/ip/ip_17/synth/bd_afc3_s00mmu_0.sv:53]
INFO: [Synth 8-6157] synthesizing module 'bd_afc3_s00sic_0' [c:/Users/laptop/Desktop/DMA/DMA.gen/sources_1/bd/design_1/ip/design_1_axi_smc_0/bd_0/ip/ip_19/synth/bd_afc3_s00sic_0.sv:53]
INFO: [Synth 8-6155] done synthesizing module 'bd_afc3_s00sic_0' (0#1) [c:/Users/laptop/Desktop/DMA/DMA.gen/sources_1/bd/design_1/ip/design_1_axi_smc_0/bd_0/ip/ip_19/synth/bd_afc3_s00sic_0.sv:53]
INFO: [Synth 8-6157] synthesizing module 'bd_afc3_s00tr_0' [c:/Users/laptop/Desktop/DMA/DMA.gen/sources_1/bd/design_1/ip/design_1_axi_smc_0/bd_0/ip/ip_18/synth/bd_afc3_s00tr_0.sv:53]
INFO: [Synth 8-6155] done synthesizing module 'bd_afc3_s00tr_0' (0#1) [c:/Users/laptop/Desktop/DMA/DMA.gen/sources_1/bd/design_1/ip/design_1_axi_smc_0/bd_0/ip/ip_18/synth/bd_afc3_s00tr_0.sv:53]
WARNING: [Synth 8-7071] port 'm_axi_awburst' of module 'bd_afc3_s00tr_0' is unconnected for instance 's00_transaction_regulator' [c:/Users/laptop/Desktop/DMA/DMA.gen/sources_1/bd/design_1/ip/design_1_axi_smc_0/bd_0/synth/bd_afc3.v:4441]
WARNING: [Synth 8-7071] port 'm_axi_arburst' of module 'bd_afc3_s00tr_0' is unconnected for instance 's00_transaction_regulator' [c:/Users/laptop/Desktop/DMA/DMA.gen/sources_1/bd/design_1/ip/design_1_axi_smc_0/bd_0/synth/bd_afc3.v:4441]
WARNING: [Synth 8-7023] instance 's00_transaction_regulator' of module 'bd_afc3_s00tr_0' has 82 connections declared, but only 80 given [c:/Users/laptop/Desktop/DMA/DMA.gen/sources_1/bd/design_1/ip/design_1_axi_smc_0/bd_0/synth/bd_afc3.v:4441]
INFO: [Synth 8-6155] done synthesizing module 's00_entry_pipeline_imp_USCCV8' (0#1) [c:/Users/laptop/Desktop/DMA/DMA.gen/sources_1/bd/design_1/ip/design_1_axi_smc_0/bd_0/synth/bd_afc3.v:4042]
INFO: [Synth 8-6157] synthesizing module 's00_nodes_imp_Y7M43I' [c:/Users/laptop/Desktop/DMA/DMA.gen/sources_1/bd/design_1/ip/design_1_axi_smc_0/bd_0/synth/bd_afc3.v:4524]
INFO: [Synth 8-6157] synthesizing module 'bd_afc3_sarn_0' [c:/Users/laptop/Desktop/DMA/DMA.gen/sources_1/bd/design_1/ip/design_1_axi_smc_0/bd_0/ip/ip_21/synth/bd_afc3_sarn_0.sv:53]
INFO: [Synth 8-6155] done synthesizing module 'bd_afc3_sarn_0' (0#1) [c:/Users/laptop/Desktop/DMA/DMA.gen/sources_1/bd/design_1/ip/design_1_axi_smc_0/bd_0/ip/ip_21/synth/bd_afc3_sarn_0.sv:53]
INFO: [Synth 8-6157] synthesizing module 'bd_afc3_sawn_0' [c:/Users/laptop/Desktop/DMA/DMA.gen/sources_1/bd/design_1/ip/design_1_axi_smc_0/bd_0/ip/ip_23/synth/bd_afc3_sawn_0.sv:53]
INFO: [Synth 8-6155] done synthesizing module 'bd_afc3_sawn_0' (0#1) [c:/Users/laptop/Desktop/DMA/DMA.gen/sources_1/bd/design_1/ip/design_1_axi_smc_0/bd_0/ip/ip_23/synth/bd_afc3_sawn_0.sv:53]
INFO: [Synth 8-6157] synthesizing module 'bd_afc3_sbn_0' [c:/Users/laptop/Desktop/DMA/DMA.gen/sources_1/bd/design_1/ip/design_1_axi_smc_0/bd_0/ip/ip_25/synth/bd_afc3_sbn_0.sv:53]
INFO: [Synth 8-6155] done synthesizing module 'bd_afc3_sbn_0' (0#1) [c:/Users/laptop/Desktop/DMA/DMA.gen/sources_1/bd/design_1/ip/design_1_axi_smc_0/bd_0/ip/ip_25/synth/bd_afc3_sbn_0.sv:53]
INFO: [Synth 8-6157] synthesizing module 'bd_afc3_srn_0' [c:/Users/laptop/Desktop/DMA/DMA.gen/sources_1/bd/design_1/ip/design_1_axi_smc_0/bd_0/ip/ip_22/synth/bd_afc3_srn_0.sv:53]
INFO: [Synth 8-6155] done synthesizing module 'bd_afc3_srn_0' (0#1) [c:/Users/laptop/Desktop/DMA/DMA.gen/sources_1/bd/design_1/ip/design_1_axi_smc_0/bd_0/ip/ip_22/synth/bd_afc3_srn_0.sv:53]
INFO: [Synth 8-6157] synthesizing module 'bd_afc3_swn_0' [c:/Users/laptop/Desktop/DMA/DMA.gen/sources_1/bd/design_1/ip/design_1_axi_smc_0/bd_0/ip/ip_24/synth/bd_afc3_swn_0.sv:53]
INFO: [Synth 8-6155] done synthesizing module 'bd_afc3_swn_0' (0#1) [c:/Users/laptop/Desktop/DMA/DMA.gen/sources_1/bd/design_1/ip/design_1_axi_smc_0/bd_0/ip/ip_24/synth/bd_afc3_swn_0.sv:53]
INFO: [Synth 8-6155] done synthesizing module 's00_nodes_imp_Y7M43I' (0#1) [c:/Users/laptop/Desktop/DMA/DMA.gen/sources_1/bd/design_1/ip/design_1_axi_smc_0/bd_0/synth/bd_afc3.v:4524]
INFO: [Synth 8-6157] synthesizing module 'switchboards_imp_4N4PBE' [c:/Users/laptop/Desktop/DMA/DMA.gen/sources_1/bd/design_1/ip/design_1_axi_smc_0/bd_0/synth/bd_afc3.v:4766]
INFO: [Synth 8-6157] synthesizing module 'bd_afc3_arinsw_0' [c:/Users/laptop/Desktop/DMA/DMA.gen/sources_1/bd/design_1/ip/design_1_axi_smc_0/bd_0/ip/ip_2/synth/bd_afc3_arinsw_0.sv:53]
INFO: [Synth 8-6155] done synthesizing module 'bd_afc3_arinsw_0' (0#1) [c:/Users/laptop/Desktop/DMA/DMA.gen/sources_1/bd/design_1/ip/design_1_axi_smc_0/bd_0/ip/ip_2/synth/bd_afc3_arinsw_0.sv:53]
INFO: [Synth 8-6157] synthesizing module 'bd_afc3_aroutsw_0' [c:/Users/laptop/Desktop/DMA/DMA.gen/sources_1/bd/design_1/ip/design_1_axi_smc_0/bd_0/ip/ip_7/synth/bd_afc3_aroutsw_0.sv:53]
INFO: [Synth 8-6155] done synthesizing module 'bd_afc3_aroutsw_0' (0#1) [c:/Users/laptop/Desktop/DMA/DMA.gen/sources_1/bd/design_1/ip/design_1_axi_smc_0/bd_0/ip/ip_7/synth/bd_afc3_aroutsw_0.sv:53]
INFO: [Synth 8-6157] synthesizing module 'bd_afc3_awinsw_0' [c:/Users/laptop/Desktop/DMA/DMA.gen/sources_1/bd/design_1/ip/design_1_axi_smc_0/bd_0/ip/ip_4/synth/bd_afc3_awinsw_0.sv:53]
INFO: [Synth 8-6155] done synthesizing module 'bd_afc3_awinsw_0' (0#1) [c:/Users/laptop/Desktop/DMA/DMA.gen/sources_1/bd/design_1/ip/design_1_axi_smc_0/bd_0/ip/ip_4/synth/bd_afc3_awinsw_0.sv:53]
INFO: [Synth 8-6157] synthesizing module 'bd_afc3_awoutsw_0' [c:/Users/laptop/Desktop/DMA/DMA.gen/sources_1/bd/design_1/ip/design_1_axi_smc_0/bd_0/ip/ip_9/synth/bd_afc3_awoutsw_0.sv:53]
INFO: [Synth 8-6155] done synthesizing module 'bd_afc3_awoutsw_0' (0#1) [c:/Users/laptop/Desktop/DMA/DMA.gen/sources_1/bd/design_1/ip/design_1_axi_smc_0/bd_0/ip/ip_9/synth/bd_afc3_awoutsw_0.sv:53]
INFO: [Synth 8-6157] synthesizing module 'bd_afc3_binsw_0' [c:/Users/laptop/Desktop/DMA/DMA.gen/sources_1/bd/design_1/ip/design_1_axi_smc_0/bd_0/ip/ip_6/synth/bd_afc3_binsw_0.sv:53]
INFO: [Synth 8-6155] done synthesizing module 'bd_afc3_binsw_0' (0#1) [c:/Users/laptop/Desktop/DMA/DMA.gen/sources_1/bd/design_1/ip/design_1_axi_smc_0/bd_0/ip/ip_6/synth/bd_afc3_binsw_0.sv:53]
INFO: [Synth 8-6157] synthesizing module 'bd_afc3_boutsw_0' [c:/Users/laptop/Desktop/DMA/DMA.gen/sources_1/bd/design_1/ip/design_1_axi_smc_0/bd_0/ip/ip_11/synth/bd_afc3_boutsw_0.sv:53]
INFO: [Synth 8-6155] done synthesizing module 'bd_afc3_boutsw_0' (0#1) [c:/Users/laptop/Desktop/DMA/DMA.gen/sources_1/bd/design_1/ip/design_1_axi_smc_0/bd_0/ip/ip_11/synth/bd_afc3_boutsw_0.sv:53]
INFO: [Synth 8-6157] synthesizing module 'i_nodes_imp_1MZRIMQ' [c:/Users/laptop/Desktop/DMA/DMA.gen/sources_1/bd/design_1/ip/design_1_axi_smc_0/bd_0/synth/bd_afc3.v:1864]
INFO: [Synth 8-6157] synthesizing module 'bd_afc3_arni_0' [c:/Users/laptop/Desktop/DMA/DMA.gen/sources_1/bd/design_1/ip/design_1_axi_smc_0/bd_0/ip/ip_12/synth/bd_afc3_arni_0.sv:53]
INFO: [Synth 8-6155] done synthesizing module 'bd_afc3_arni_0' (0#1) [c:/Users/laptop/Desktop/DMA/DMA.gen/sources_1/bd/design_1/ip/design_1_axi_smc_0/bd_0/ip/ip_12/synth/bd_afc3_arni_0.sv:53]
INFO: [Synth 8-6157] synthesizing module 'bd_afc3_awni_0' [c:/Users/laptop/Desktop/DMA/DMA.gen/sources_1/bd/design_1/ip/design_1_axi_smc_0/bd_0/ip/ip_14/synth/bd_afc3_awni_0.sv:53]
INFO: [Synth 8-6155] done synthesizing module 'bd_afc3_awni_0' (0#1) [c:/Users/laptop/Desktop/DMA/DMA.gen/sources_1/bd/design_1/ip/design_1_axi_smc_0/bd_0/ip/ip_14/synth/bd_afc3_awni_0.sv:53]
INFO: [Synth 8-6157] synthesizing module 'bd_afc3_bni_0' [c:/Users/laptop/Desktop/DMA/DMA.gen/sources_1/bd/design_1/ip/design_1_axi_smc_0/bd_0/ip/ip_16/synth/bd_afc3_bni_0.sv:53]
INFO: [Synth 8-6155] done synthesizing module 'bd_afc3_bni_0' (0#1) [c:/Users/laptop/Desktop/DMA/DMA.gen/sources_1/bd/design_1/ip/design_1_axi_smc_0/bd_0/ip/ip_16/synth/bd_afc3_bni_0.sv:53]
INFO: [Synth 8-6157] synthesizing module 'bd_afc3_rni_0' [c:/Users/laptop/Desktop/DMA/DMA.gen/sources_1/bd/design_1/ip/design_1_axi_smc_0/bd_0/ip/ip_13/synth/bd_afc3_rni_0.sv:53]
INFO: [Synth 8-6155] done synthesizing module 'bd_afc3_rni_0' (0#1) [c:/Users/laptop/Desktop/DMA/DMA.gen/sources_1/bd/design_1/ip/design_1_axi_smc_0/bd_0/ip/ip_13/synth/bd_afc3_rni_0.sv:53]
INFO: [Synth 8-6157] synthesizing module 'bd_afc3_wni_0' [c:/Users/laptop/Desktop/DMA/DMA.gen/sources_1/bd/design_1/ip/design_1_axi_smc_0/bd_0/ip/ip_15/synth/bd_afc3_wni_0.sv:53]
INFO: [Synth 8-6155] done synthesizing module 'bd_afc3_wni_0' (0#1) [c:/Users/laptop/Desktop/DMA/DMA.gen/sources_1/bd/design_1/ip/design_1_axi_smc_0/bd_0/ip/ip_15/synth/bd_afc3_wni_0.sv:53]
INFO: [Synth 8-6155] done synthesizing module 'i_nodes_imp_1MZRIMQ' (0#1) [c:/Users/laptop/Desktop/DMA/DMA.gen/sources_1/bd/design_1/ip/design_1_axi_smc_0/bd_0/synth/bd_afc3.v:1864]
INFO: [Synth 8-6157] synthesizing module 'bd_afc3_rinsw_0' [c:/Users/laptop/Desktop/DMA/DMA.gen/sources_1/bd/design_1/ip/design_1_axi_smc_0/bd_0/ip/ip_3/synth/bd_afc3_rinsw_0.sv:53]
INFO: [Synth 8-6155] done synthesizing module 'bd_afc3_rinsw_0' (0#1) [c:/Users/laptop/Desktop/DMA/DMA.gen/sources_1/bd/design_1/ip/design_1_axi_smc_0/bd_0/ip/ip_3/synth/bd_afc3_rinsw_0.sv:53]
INFO: [Synth 8-6157] synthesizing module 'bd_afc3_routsw_0' [c:/Users/laptop/Desktop/DMA/DMA.gen/sources_1/bd/design_1/ip/design_1_axi_smc_0/bd_0/ip/ip_8/synth/bd_afc3_routsw_0.sv:53]
INFO: [Synth 8-6155] done synthesizing module 'bd_afc3_routsw_0' (0#1) [c:/Users/laptop/Desktop/DMA/DMA.gen/sources_1/bd/design_1/ip/design_1_axi_smc_0/bd_0/ip/ip_8/synth/bd_afc3_routsw_0.sv:53]
INFO: [Synth 8-6157] synthesizing module 'bd_afc3_winsw_0' [c:/Users/laptop/Desktop/DMA/DMA.gen/sources_1/bd/design_1/ip/design_1_axi_smc_0/bd_0/ip/ip_5/synth/bd_afc3_winsw_0.sv:53]
INFO: [Synth 8-6155] done synthesizing module 'bd_afc3_winsw_0' (0#1) [c:/Users/laptop/Desktop/DMA/DMA.gen/sources_1/bd/design_1/ip/design_1_axi_smc_0/bd_0/ip/ip_5/synth/bd_afc3_winsw_0.sv:53]
INFO: [Synth 8-6157] synthesizing module 'bd_afc3_woutsw_0' [c:/Users/laptop/Desktop/DMA/DMA.gen/sources_1/bd/design_1/ip/design_1_axi_smc_0/bd_0/ip/ip_10/synth/bd_afc3_woutsw_0.sv:53]
INFO: [Synth 8-6155] done synthesizing module 'bd_afc3_woutsw_0' (0#1) [c:/Users/laptop/Desktop/DMA/DMA.gen/sources_1/bd/design_1/ip/design_1_axi_smc_0/bd_0/ip/ip_10/synth/bd_afc3_woutsw_0.sv:53]
INFO: [Synth 8-6155] done synthesizing module 'switchboards_imp_4N4PBE' (0#1) [c:/Users/laptop/Desktop/DMA/DMA.gen/sources_1/bd/design_1/ip/design_1_axi_smc_0/bd_0/synth/bd_afc3.v:4766]
INFO: [Synth 8-6155] done synthesizing module 'bd_afc3' (0#1) [c:/Users/laptop/Desktop/DMA/DMA.gen/sources_1/bd/design_1/ip/design_1_axi_smc_0/bd_0/synth/bd_afc3.v:10]
INFO: [Synth 8-6155] done synthesizing module 'design_1_axi_smc_0' (0#1) [c:/Users/laptop/Desktop/DMA/DMA.gen/sources_1/bd/design_1/ip/design_1_axi_smc_0/synth/design_1_axi_smc_0.v:53]
WARNING: [Synth 8-3848] Net aresetn_out in module/entity clk_map_imp_5Y9LOC does not have driver. [c:/Users/laptop/Desktop/DMA/DMA.gen/sources_1/bd/design_1/ip/design_1_axi_smc_0/bd_0/synth/bd_afc3.v:1834]
INFO: [Synth 8-7129] Port aclk in module sc_util_v1_0_4_pipeline__parameterized4 is either unconnected or has no load
INFO: [Synth 8-7129] Port aclken in module sc_util_v1_0_4_pipeline__parameterized4 is either unconnected or has no load
INFO: [Synth 8-7129] Port areset in module sc_util_v1_0_4_pipeline__parameterized4 is either unconnected or has no load
INFO: [Synth 8-7129] Port aclk in module sc_util_v1_0_4_pipeline__parameterized0 is either unconnected or has no load
INFO: [Synth 8-7129] Port aclken in module sc_util_v1_0_4_pipeline__parameterized0 is either unconnected or has no load
INFO: [Synth 8-7129] Port areset in module sc_util_v1_0_4_pipeline__parameterized0 is either unconnected or has no load
INFO: [Synth 8-7129] Port din[0] in module sc_util_v1_0_4_onehot_to_binary__parameterized0 is either unconnected or has no load
INFO: [Synth 8-7129] Port connectivity[3] in module sc_switchboard_v1_0_9_top__parameterized6 is either unconnected or has no load
INFO: [Synth 8-7129] Port connectivity[2] in module sc_switchboard_v1_0_9_top__parameterized6 is either unconnected or has no load
INFO: [Synth 8-7129] Port connectivity[1] in module sc_switchboard_v1_0_9_top__parameterized6 is either unconnected or has no load
INFO: [Synth 8-7129] Port connectivity[0] in module sc_switchboard_v1_0_9_top__parameterized6 is either unconnected or has no load
INFO: [Synth 8-7129] Port connectivity[0] in module sc_switchboard_v1_0_9_top__parameterized5 is either unconnected or has no load
INFO: [Synth 8-7129] Port aclk in module sc_util_v1_0_4_pipeline__parameterized3 is either unconnected or has no load
INFO: [Synth 8-7129] Port aclken in module sc_util_v1_0_4_pipeline__parameterized3 is either unconnected or has no load
INFO: [Synth 8-7129] Port areset in module sc_util_v1_0_4_pipeline__parameterized3 is either unconnected or has no load
INFO: [Synth 8-7129] Port aclk in module sc_util_v1_0_4_pipeline__parameterized5 is either unconnected or has no load
INFO: [Synth 8-7129] Port aclken in module sc_util_v1_0_4_pipeline__parameterized5 is either unconnected or has no load
INFO: [Synth 8-7129] Port areset in module sc_util_v1_0_4_pipeline__parameterized5 is either unconnected or has no load
INFO: [Synth 8-7129] Port din[0] in module sc_util_v1_0_4_onehot_to_binary__parameterized1 is either unconnected or has no load
INFO: [Synth 8-7129] Port connectivity[3] in module sc_switchboard_v1_0_9_top__parameterized4 is either unconnected or has no load
INFO: [Synth 8-7129] Port connectivity[2] in module sc_switchboard_v1_0_9_top__parameterized4 is either unconnected or has no load
INFO: [Synth 8-7129] Port connectivity[1] in module sc_switchboard_v1_0_9_top__parameterized4 is either unconnected or has no load
INFO: [Synth 8-7129] Port connectivity[0] in module sc_switchboard_v1_0_9_top__parameterized4 is either unconnected or has no load
INFO: [Synth 8-7129] Port connectivity[0] in module sc_switchboard_v1_0_9_top__parameterized3 is either unconnected or has no load
INFO: [Synth 8-7129] Port din[0] in module sc_util_v1_0_4_onehot_to_binary is either unconnected or has no load
INFO: [Synth 8-7129] Port slow_clk in module sc_util_v1_0_4_sample_cycle_ratio is either unconnected or has no load
INFO: [Synth 8-7129] Port fast_clk in module sc_util_v1_0_4_sample_cycle_ratio is either unconnected or has no load
INFO: [Synth 8-7129] Port aclk in module sc_util_v1_0_4_pipeline__parameterized11 is either unconnected or has no load
INFO: [Synth 8-7129] Port aclken in module sc_util_v1_0_4_pipeline__parameterized11 is either unconnected or has no load
INFO: [Synth 8-7129] Port areset in module sc_util_v1_0_4_pipeline__parameterized11 is either unconnected or has no load
INFO: [Synth 8-7129] Port aclk in module sc_node_v1_0_19_reg_slice3 is either unconnected or has no load
INFO: [Synth 8-7129] Port aclken in module sc_node_v1_0_19_reg_slice3 is either unconnected or has no load
INFO: [Synth 8-7129] Port areset in module sc_node_v1_0_19_reg_slice3 is either unconnected or has no load
INFO: [Synth 8-7129] Port aclk in module sc_node_v1_0_19_si_handler__parameterized8 is either unconnected or has no load
INFO: [Synth 8-7129] Port aclken in module sc_node_v1_0_19_si_handler__parameterized8 is either unconnected or has no load
INFO: [Synth 8-7129] Port areset in module sc_node_v1_0_19_si_handler__parameterized8 is either unconnected or has no load
INFO: [Synth 8-7129] Port s_sc_req[0] in module sc_node_v1_0_19_si_handler__parameterized8 is either unconnected or has no load
INFO: [Synth 8-7129] Port s_sc_info[0] in module sc_node_v1_0_19_si_handler__parameterized8 is either unconnected or has no load
INFO: [Synth 8-7129] Port s_axis_arb_tvalid in module sc_node_v1_0_19_si_handler__parameterized8 is either unconnected or has no load
INFO: [Synth 8-7129] Port s_axis_arb_tdata[15] in module sc_node_v1_0_19_si_handler__parameterized8 is either unconnected or has no load
INFO: [Synth 8-7129] Port s_axis_arb_tdata[14] in module sc_node_v1_0_19_si_handler__parameterized8 is either unconnected or has no load
INFO: [Synth 8-7129] Port s_axis_arb_tdata[13] in module sc_node_v1_0_19_si_handler__parameterized8 is either unconnected or has no load
INFO: [Synth 8-7129] Port s_axis_arb_tdata[12] in module sc_node_v1_0_19_si_handler__parameterized8 is either unconnected or has no load
INFO: [Synth 8-7129] Port s_axis_arb_tdata[11] in module sc_node_v1_0_19_si_handler__parameterized8 is either unconnected or has no load
INFO: [Synth 8-7129] Port s_axis_arb_tdata[10] in module sc_node_v1_0_19_si_handler__parameterized8 is either unconnected or has no load
INFO: [Synth 8-7129] Port s_axis_arb_tdata[9] in module sc_node_v1_0_19_si_handler__parameterized8 is either unconnected or has no load
INFO: [Synth 8-7129] Port s_axis_arb_tdata[8] in module sc_node_v1_0_19_si_handler__parameterized8 is either unconnected or has no load
INFO: [Synth 8-7129] Port s_axis_arb_tdata[7] in module sc_node_v1_0_19_si_handler__parameterized8 is either unconnected or has no load
INFO: [Synth 8-7129] Port s_axis_arb_tdata[6] in module sc_node_v1_0_19_si_handler__parameterized8 is either unconnected or has no load
INFO: [Synth 8-7129] Port s_axis_arb_tdata[5] in module sc_node_v1_0_19_si_handler__parameterized8 is either unconnected or has no load
INFO: [Synth 8-7129] Port s_axis_arb_tdata[4] in module sc_node_v1_0_19_si_handler__parameterized8 is either unconnected or has no load
INFO: [Synth 8-7129] Port s_axis_arb_tdata[3] in module sc_node_v1_0_19_si_handler__parameterized8 is either unconnected or has no load
INFO: [Synth 8-7129] Port s_axis_arb_tdata[2] in module sc_node_v1_0_19_si_handler__parameterized8 is either unconnected or has no load
INFO: [Synth 8-7129] Port s_axis_arb_tdata[1] in module sc_node_v1_0_19_si_handler__parameterized8 is either unconnected or has no load
INFO: [Synth 8-7129] Port s_axis_arb_tdata[0] in module sc_node_v1_0_19_si_handler__parameterized8 is either unconnected or has no load
INFO: [Synth 8-7129] Port m_axis_arb_tready in module sc_node_v1_0_19_si_handler__parameterized8 is either unconnected or has no load
INFO: [Synth 8-7129] Port aclk in module sc_util_v1_0_4_axic_register_slice is either unconnected or has no load
INFO: [Synth 8-7129] Port areset in module sc_util_v1_0_4_axic_register_slice is either unconnected or has no load
INFO: [Synth 8-7129] Port aclken in module sc_util_v1_0_4_axic_register_slice is either unconnected or has no load
INFO: [Synth 8-7129] Port m_sc_aclken in module sc_node_v1_0_19_top__parameterized13 is either unconnected or has no load
INFO: [Synth 8-7129] Port din[0] in module sc_util_v1_0_4_onehot_to_binary__parameterized2 is either unconnected or has no load
INFO: [Synth 8-7129] Port aclk in module sc_util_v1_0_4_pipeline__parameterized8 is either unconnected or has no load
INFO: [Synth 8-7129] Port aclken in module sc_util_v1_0_4_pipeline__parameterized8 is either unconnected or has no load
INFO: [Synth 8-7129] Port areset in module sc_util_v1_0_4_pipeline__parameterized8 is either unconnected or has no load
INFO: [Synth 8-7129] Port aclk in module sc_util_v1_0_4_pipeline__parameterized10 is either unconnected or has no load
INFO: [Synth 8-7129] Port aclken in module sc_util_v1_0_4_pipeline__parameterized10 is either unconnected or has no load
INFO: [Synth 8-7129] Port areset in module sc_util_v1_0_4_pipeline__parameterized10 is either unconnected or has no load
INFO: [Synth 8-7129] Port aclk in module sc_node_v1_0_19_reg_slice3__parameterized0 is either unconnected or has no load
INFO: [Synth 8-7129] Port aclken in module sc_node_v1_0_19_reg_slice3__parameterized0 is either unconnected or has no load
INFO: [Synth 8-7129] Port areset in module sc_node_v1_0_19_reg_slice3__parameterized0 is either unconnected or has no load
INFO: [Synth 8-7129] Port areset in module sc_node_v1_0_19_fi_regulator is either unconnected or has no load
INFO: [Synth 8-7129] Port s_sc_info[3] in module sc_node_v1_0_19_si_handler__parameterized7 is either unconnected or has no load
INFO: [Synth 8-7129] Port s_sc_info[2] in module sc_node_v1_0_19_si_handler__parameterized7 is either unconnected or has no load
INFO: [Synth 8-7129] Port s_sc_info[1] in module sc_node_v1_0_19_si_handler__parameterized7 is either unconnected or has no load
INFO: [Synth 8-7129] Port s_sc_info[0] in module sc_node_v1_0_19_si_handler__parameterized7 is either unconnected or has no load
INFO: [Synth 8-7129] Port s_axis_arb_tvalid in module sc_node_v1_0_19_si_handler__parameterized7 is either unconnected or has no load
INFO: [Synth 8-7129] Port s_axis_arb_tdata[15] in module sc_node_v1_0_19_si_handler__parameterized7 is either unconnected or has no load
INFO: [Synth 8-7129] Port s_axis_arb_tdata[14] in module sc_node_v1_0_19_si_handler__parameterized7 is either unconnected or has no load
INFO: [Synth 8-7129] Port s_axis_arb_tdata[13] in module sc_node_v1_0_19_si_handler__parameterized7 is either unconnected or has no load
INFO: [Synth 8-7129] Port s_axis_arb_tdata[12] in module sc_node_v1_0_19_si_handler__parameterized7 is either unconnected or has no load
INFO: [Synth 8-7129] Port s_axis_arb_tdata[11] in module sc_node_v1_0_19_si_handler__parameterized7 is either unconnected or has no load
INFO: [Synth 8-7129] Port s_axis_arb_tdata[10] in module sc_node_v1_0_19_si_handler__parameterized7 is either unconnected or has no load
INFO: [Synth 8-7129] Port s_axis_arb_tdata[9] in module sc_node_v1_0_19_si_handler__parameterized7 is either unconnected or has no load
INFO: [Synth 8-7129] Port s_axis_arb_tdata[8] in module sc_node_v1_0_19_si_handler__parameterized7 is either unconnected or has no load
INFO: [Synth 8-7129] Port s_axis_arb_tdata[7] in module sc_node_v1_0_19_si_handler__parameterized7 is either unconnected or has no load
INFO: [Synth 8-7129] Port s_axis_arb_tdata[6] in module sc_node_v1_0_19_si_handler__parameterized7 is either unconnected or has no load
INFO: [Synth 8-7129] Port s_axis_arb_tdata[5] in module sc_node_v1_0_19_si_handler__parameterized7 is either unconnected or has no load
INFO: [Synth 8-7129] Port s_axis_arb_tdata[4] in module sc_node_v1_0_19_si_handler__parameterized7 is either unconnected or has no load
INFO: [Synth 8-7129] Port s_axis_arb_tdata[3] in module sc_node_v1_0_19_si_handler__parameterized7 is either unconnected or has no load
INFO: [Synth 8-7129] Port s_axis_arb_tdata[2] in module sc_node_v1_0_19_si_handler__parameterized7 is either unconnected or has no load
INFO: [Synth 8-7129] Port s_axis_arb_tdata[1] in module sc_node_v1_0_19_si_handler__parameterized7 is either unconnected or has no load
INFO: [Synth 8-7129] Port s_axis_arb_tdata[0] in module sc_node_v1_0_19_si_handler__parameterized7 is either unconnected or has no load
INFO: [Synth 8-7129] Port m_axis_arb_tready in module sc_node_v1_0_19_si_handler__parameterized7 is either unconnected or has no load
INFO: [Synth 8-7129] Port m_sc_aclken in module sc_node_v1_0_19_top__parameterized12 is either unconnected or has no load
INFO: [Synth 8-7129] Port aclk in module sc_util_v1_0_4_pipeline__parameterized9 is either unconnected or has no load
INFO: [Synth 8-7129] Port aclken in module sc_util_v1_0_4_pipeline__parameterized9 is either unconnected or has no load
INFO: [Synth 8-7129] Port areset in module sc_util_v1_0_4_pipeline__parameterized9 is either unconnected or has no load
INFO: [Synth 8-7129] Port aclk in module sc_util_v1_0_4_pipeline__parameterized2 is either unconnected or has no load
INFO: [Synth 8-7129] Port aclken in module sc_util_v1_0_4_pipeline__parameterized2 is either unconnected or has no load
INFO: [Synth 8-7129] Port areset in module sc_util_v1_0_4_pipeline__parameterized2 is either unconnected or has no load
INFO: [Common 17-14] Message 'Synth 8-7129' appears 100 times and further instances of the messages will be disabled. Use the Tcl command set_msg_config to change the current settings.
---------------------------------------------------------------------------------
Finished RTL Elaboration : Time (s): cpu = 00:00:31 ; elapsed = 00:00:34 . Memory (MB): peak = 1645.258 ; gain = 861.391
---------------------------------------------------------------------------------
---------------------------------------------------------------------------------
Start Handling Custom Attributes
---------------------------------------------------------------------------------
---------------------------------------------------------------------------------
Finished Handling Custom Attributes : Time (s): cpu = 00:00:31 ; elapsed = 00:00:34 . Memory (MB): peak = 1645.258 ; gain = 861.391
---------------------------------------------------------------------------------
---------------------------------------------------------------------------------
Finished RTL Optimization Phase 1 : Time (s): cpu = 00:00:31 ; elapsed = 00:00:34 . Memory (MB): peak = 1645.258 ; gain = 861.391
---------------------------------------------------------------------------------
Netlist sorting complete. Time (s): cpu = 00:00:03 ; elapsed = 00:00:04 . Memory (MB): peak = 1690.578 ; gain = 0.000
INFO: [Netlist 29-17] Analyzing 1 Unisim elements for replacement
INFO: [Netlist 29-28] Unisim Transformation completed in 0 CPU seconds
INFO: [Project 1-570] Preparing netlist for logic optimization

Processing XDC Constraints
Initializing timing engine
Parsing XDC File [c:/Users/laptop/Desktop/DMA/DMA.gen/sources_1/bd/design_1/ip/design_1_axi_smc_0/ooc.xdc] for cell 'inst'
Finished Parsing XDC File [c:/Users/laptop/Desktop/DMA/DMA.gen/sources_1/bd/design_1/ip/design_1_axi_smc_0/ooc.xdc] for cell 'inst'
Parsing XDC File [c:/Users/laptop/Desktop/DMA/DMA.gen/sources_1/bd/design_1/ip/design_1_axi_smc_0/bd_0/ip/ip_1/bd_afc3_psr_aclk_0_board.xdc] for cell 'inst/clk_map/psr_aclk/U0'
Finished Parsing XDC File [c:/Users/laptop/Desktop/DMA/DMA.gen/sources_1/bd/design_1/ip/design_1_axi_smc_0/bd_0/ip/ip_1/bd_afc3_psr_aclk_0_board.xdc] for cell 'inst/clk_map/psr_aclk/U0'
Parsing XDC File [c:/Users/laptop/Desktop/DMA/DMA.gen/sources_1/bd/design_1/ip/design_1_axi_smc_0/smartconnect.xdc] for cell 'inst'
Finished Parsing XDC File [c:/Users/laptop/Desktop/DMA/DMA.gen/sources_1/bd/design_1/ip/design_1_axi_smc_0/smartconnect.xdc] for cell 'inst'
Parsing XDC File [C:/Users/laptop/Desktop/DMA/DMA.runs/design_1_axi_smc_0_synth_1/dont_touch.xdc]
Finished Parsing XDC File [C:/Users/laptop/Desktop/DMA/DMA.runs/design_1_axi_smc_0_synth_1/dont_touch.xdc]
INFO: [Project 1-236] Implementation specific constraints were found while reading constraint file [C:/AMDDesignTools/2025.2/Vivado/data/ip/xpm/xpm_cdc/tcl/xpm_cdc_single.tcl]. These constraints will be ignored for synthesis but will be used in implementation. Impacted constraints are listed in the file [.Xil/design_1_axi_smc_0_propImpl.xdc].
Resolution: To avoid this warning, move constraints listed in [.Xil/design_1_axi_smc_0_propImpl.xdc] to another XDC file and exclude this new file from synthesis with the used_in_synthesis property (File Properties dialog in GUI) and re-run elaboration/synthesis.
INFO: [Project 1-1714] 69 XPM XDC files have been applied to the design.
Completed Processing XDC Constraints

Netlist sorting complete. Time (s): cpu = 00:00:00 ; elapsed = 00:00:00.013 . Memory (MB): peak = 1931.012 ; gain = 0.000
INFO: [Project 1-111] Unisim Transformation Summary:
  A total of 1 instances were transformed.
  SRL16 => SRL16E: 1 instance 

Constraint Validation Runtime : Time (s): cpu = 00:00:00 ; elapsed = 00:00:00.406 . Memory (MB): peak = 1931.012 ; gain = 0.000
INFO: [Designutils 20-5008] Incremental synthesis strategy off
---------------------------------------------------------------------------------
Finished Constraint Validation : Time (s): cpu = 00:01:13 ; elapsed = 00:01:18 . Memory (MB): peak = 1931.012 ; gain = 1147.145
---------------------------------------------------------------------------------
---------------------------------------------------------------------------------
Start Loading Part and Timing Information
---------------------------------------------------------------------------------
Loading part: xc7a100tcsg324-1
---------------------------------------------------------------------------------
Finished Loading Part and Timing Information : Time (s): cpu = 00:01:13 ; elapsed = 00:01:18 . Memory (MB): peak = 1931.012 ; gain = 1147.145
---------------------------------------------------------------------------------
---------------------------------------------------------------------------------
Start Applying 'set_property' XDC Constraints
---------------------------------------------------------------------------------
---------------------------------------------------------------------------------
Finished applying 'set_property' XDC Constraints : Time (s): cpu = 00:01:14 ; elapsed = 00:01:18 . Memory (MB): peak = 1931.012 ; gain = 1147.145
---------------------------------------------------------------------------------
INFO: [Synth 8-802] inferred FSM for state register 'gen_endpoint.w_state_reg' in module 'sc_mmu_v1_0_16_top'
INFO: [Synth 8-802] inferred FSM for state register 'gen_endpoint.r_state_reg' in module 'sc_mmu_v1_0_16_top'
---------------------------------------------------------------------------------------------------
                   State |                     New Encoding |                Previous Encoding 
---------------------------------------------------------------------------------------------------
                  iSTATE |                               00 | 00000000000000000000000000000000
*
                 W_STALL |                               01 | 00000000000000000000000000000001
               W_PENDING |                               10 | 00000000000000000000000000000010
                W_DECERR |                               11 | 00000000000000000000000000000011
---------------------------------------------------------------------------------------------------
INFO: [Synth 8-3354] encoded FSM with state register 'gen_endpoint.w_state_reg' using encoding 'sequential' in module 'sc_mmu_v1_0_16_top'
---------------------------------------------------------------------------------------------------
                   State |                     New Encoding |                Previous Encoding 
---------------------------------------------------------------------------------------------------
                  iSTATE |                               00 | 00000000000000000000000000000000
*
                 R_STALL |                               01 | 00000000000000000000000000000001
               R_PENDING |                               10 | 00000000000000000000000000000010
                R_DECERR |                               11 | 00000000000000000000000000000011
---------------------------------------------------------------------------------------------------
INFO: [Synth 8-3354] encoded FSM with state register 'gen_endpoint.r_state_reg' using encoding 'sequential' in module 'sc_mmu_v1_0_16_top'
---------------------------------------------------------------------------------
Finished RTL Optimization Phase 2 : Time (s): cpu = 00:01:18 ; elapsed = 00:01:24 . Memory (MB): peak = 1931.012 ; gain = 1147.145
---------------------------------------------------------------------------------
---------------------------------------------------------------------------------
Start RTL Component Statistics 
---------------------------------------------------------------------------------
---------------------------------------------------------------------------------
Finished RTL Component Statistics 
---------------------------------------------------------------------------------
---------------------------------------------------------------------------------
Start Part Resource Summary
---------------------------------------------------------------------------------
Part Resources:
DSPs: 240 (col length:80)
BRAMs: 270 (col length: RAMB18 80 RAMB36 40)
---------------------------------------------------------------------------------
Finished Part Resource Summary
---------------------------------------------------------------------------------
---------------------------------------------------------------------------------
Start Cross Boundary and Area Optimization
---------------------------------------------------------------------------------
---------------------------------------------------------------------------------
Finished Cross Boundary and Area Optimization : Time (s): cpu = 00:01:36 ; elapsed = 00:01:42 . Memory (MB): peak = 1931.012 ; gain = 1147.145
---------------------------------------------------------------------------------
---------------------------------------------------------------------------------
Start Applying XDC Timing Constraints
---------------------------------------------------------------------------------
---------------------------------------------------------------------------------
Finished Applying XDC Timing Constraints : Time (s): cpu = 00:01:43 ; elapsed = 00:01:50 . Memory (MB): peak = 1931.012 ; gain = 1147.145
---------------------------------------------------------------------------------
---------------------------------------------------------------------------------
Start Timing Optimization
---------------------------------------------------------------------------------
---------------------------------------------------------------------------------
Finished Timing Optimization : Time (s): cpu = 00:01:45 ; elapsed = 00:01:52 . Memory (MB): peak = 1931.012 ; gain = 1147.145
---------------------------------------------------------------------------------
---------------------------------------------------------------------------------
Start Technology Mapping
---------------------------------------------------------------------------------
---------------------------------------------------------------------------------
Finished Technology Mapping : Time (s): cpu = 00:01:47 ; elapsed = 00:01:54 . Memory (MB): peak = 1931.012 ; gain = 1147.145
---------------------------------------------------------------------------------
---------------------------------------------------------------------------------
Start IO Insertion
---------------------------------------------------------------------------------
---------------------------------------------------------------------------------
Start Flattening Before IO Insertion
---------------------------------------------------------------------------------
---------------------------------------------------------------------------------
Finished Flattening Before IO Insertion
---------------------------------------------------------------------------------
---------------------------------------------------------------------------------
Start Final Netlist Cleanup
---------------------------------------------------------------------------------
---------------------------------------------------------------------------------
Finished Final Netlist Cleanup
---------------------------------------------------------------------------------
---------------------------------------------------------------------------------
Finished IO Insertion : Time (s): cpu = 00:01:54 ; elapsed = 00:02:01 . Memory (MB): peak = 2109.816 ; gain = 1325.949
---------------------------------------------------------------------------------
---------------------------------------------------------------------------------
Start Renaming Generated Instances
---------------------------------------------------------------------------------
---------------------------------------------------------------------------------
Finished Renaming Generated Instances : Time (s): cpu = 00:01:54 ; elapsed = 00:02:01 . Memory (MB): peak = 2109.816 ; gain = 1325.949
---------------------------------------------------------------------------------
---------------------------------------------------------------------------------
Start Rebuilding User Hierarchy
---------------------------------------------------------------------------------
---------------------------------------------------------------------------------
Finished Rebuilding User Hierarchy : Time (s): cpu = 00:01:54 ; elapsed = 00:02:02 . Memory (MB): peak = 2109.816 ; gain = 1325.949
---------------------------------------------------------------------------------
---------------------------------------------------------------------------------
Start Renaming Generated Ports
---------------------------------------------------------------------------------
---------------------------------------------------------------------------------
Finished Renaming Generated Ports : Time (s): cpu = 00:01:54 ; elapsed = 00:02:02 . Memory (MB): peak = 2109.816 ; gain = 1325.949
---------------------------------------------------------------------------------
---------------------------------------------------------------------------------
Start Handling Custom Attributes
---------------------------------------------------------------------------------
---------------------------------------------------------------------------------
Finished Handling Custom Attributes : Time (s): cpu = 00:01:54 ; elapsed = 00:02:02 . Memory (MB): peak = 2109.816 ; gain = 1325.949
---------------------------------------------------------------------------------
---------------------------------------------------------------------------------
Start Renaming Generated Nets
---------------------------------------------------------------------------------
---------------------------------------------------------------------------------
Finished Renaming Generated Nets : Time (s): cpu = 00:01:54 ; elapsed = 00:02:02 . Memory (MB): peak = 2109.816 ; gain = 1325.949
---------------------------------------------------------------------------------
---------------------------------------------------------------------------------
Start Writing Synthesis Report
---------------------------------------------------------------------------------

Report BlackBoxes: 
+-+--------------+----------+
| |BlackBox name |Instances |
+-+--------------+----------+
+-+--------------+----------+

Report Cell Usage: 
+------+------+------+
|      |Cell  |Count |
+------+------+------+
|1     |LUT1  |   180|
|2     |LUT2  |    96|
|3     |LUT3  |   160|
|4     |LUT4  |    25|
|5     |LUT5  |    59|
|6     |LUT6  |   138|
|7     |SRL16 |     1|
|8     |FDCE  |   201|
|9     |FDRE  |   500|
|10    |FDSE  |    43|
+------+------+------+
---------------------------------------------------------------------------------
Finished Writing Synthesis Report : Time (s): cpu = 00:01:54 ; elapsed = 00:02:02 . Memory (MB): peak = 2109.816 ; gain = 1325.949
---------------------------------------------------------------------------------
Synthesis finished with 0 errors, 0 critical warnings and 0 warnings.
Synthesis Optimization Runtime : Time (s): cpu = 00:00:51 ; elapsed = 00:01:29 . Memory (MB): peak = 2109.816 ; gain = 1040.195
Synthesis Optimization Complete : Time (s): cpu = 00:01:54 ; elapsed = 00:02:02 . Memory (MB): peak = 2109.816 ; gain = 1325.949
INFO: [Project 1-571] Translating synthesized netlist
Netlist sorting complete. Time (s): cpu = 00:00:00 ; elapsed = 00:00:00.329 . Memory (MB): peak = 2109.816 ; gain = 0.000
INFO: [Netlist 29-17] Analyzing 1 Unisim elements for replacement
INFO: [Netlist 29-28] Unisim Transformation completed in 0 CPU seconds
INFO: [Project 1-570] Preparing netlist for logic optimization
INFO: [Opt 31-138] Pushed 0 inverter(s) to 0 load pin(s).
Netlist sorting complete. Time (s): cpu = 00:00:00 ; elapsed = 00:00:00.002 . Memory (MB): peak = 2122.664 ; gain = 0.000
INFO: [Project 1-111] Unisim Transformation Summary:
  A total of 1 instances were transformed.
  SRL16 => SRL16E: 1 instance 

Synth Design complete | Checksum: b4a9ccc2
INFO: [Common 17-83] Releasing license: Synthesis
286 Infos, 9 Warnings, 0 Critical Warnings and 0 Errors encountered.
synth_design completed successfully
synth_design: Time (s): cpu = 00:02:04 ; elapsed = 00:02:15 . Memory (MB): peak = 2122.664 ; gain = 1555.914
Write ShapeDB Complete: Time (s): cpu = 00:00:00 ; elapsed = 00:00:00.009 . Memory (MB): peak = 2122.664 ; gain = 0.000
INFO: [Common 17-1381] The checkpoint 'C:/Users/laptop/Desktop/DMA/DMA.runs/design_1_axi_smc_0_synth_1/design_1_axi_smc_0.dcp' has been generated.
INFO: [Coretcl 2-1648] Added synthesis output to IP cache for IP design_1_axi_smc_0, cache-ID = b8b2bbd20acbbaa0
INFO: [Coretcl 2-1174] Renamed 262 cell refs.
Write ShapeDB Complete: Time (s): cpu = 00:00:00 ; elapsed = 00:00:00.006 . Memory (MB): peak = 2122.664 ; gain = 0.000
INFO: [Common 17-1381] The checkpoint 'C:/Users/laptop/Desktop/DMA/DMA.runs/design_1_axi_smc_0_synth_1/design_1_axi_smc_0.dcp' has been generated.
INFO: [Vivado 12-24828] Executing command : report_utilization -file design_1_axi_smc_0_utilization_synth.rpt -pb design_1_axi_smc_0_utilization_synth.pb
INFO: [Common 17-206] Exiting Vivado at Tue May  5 18:32:38 2026...
