Copyright 1986-2022 Xilinx, Inc. All Rights Reserved. Copyright 2022-2025 Advanced Micro Devices, Inc. All Rights Reserved.
--------------------------------------------------------------------------------------------------------------------------------------------------------------------------------------
| Tool Version : Vivado v.2025.2 (win64) Build 6299465 Fri Nov 14 19:35:11 GMT 2025
| Date         : Tue May  5 18:48:18 2026
| Host         : NUL-LENDLAP97 running 64-bit major release  (build 9200)
| Command      : report_methodology -file design_1_wrapper_methodology_drc_routed.rpt -pb design_1_wrapper_methodology_drc_routed.pb -rpx design_1_wrapper_methodology_drc_routed.rpx
| Design       : design_1_wrapper
| Device       : xc7a100tcsg324-1
| Speed File   : -1
| Design State : Fully Routed
--------------------------------------------------------------------------------------------------------------------------------------------------------------------------------------

Report Methodology

Table of Contents
-----------------
1. REPORT SUMMARY
2. REPORT DETAILS

1. REPORT SUMMARY
-----------------
            Netlist: netlist
          Floorplan: design_1
      Design limits: <entire design considered>
             Max checks: <unlimited>
             Checks found: 7
+-----------+----------+--------------------------------------------------------+--------+
| Rule      | Severity | Description                                            | Checks |
+-----------+----------+--------------------------------------------------------+--------+
| LUTAR-1   | Warning  | LUT drives async reset alert                           | 2      |
| TIMING-9  | Warning  | Unknown CDC Logic                                      | 1      |
| TIMING-28 | Warning  | Auto-derived clock referenced by a timing constraint   | 2      |
| XDCC-1    | Warning  | Scoped Clock constraint overwritten with the same name | 1      |
| XDCC-7    | Warning  | Scoped Clock constraint overwritten on the same source | 1      |
+-----------+----------+--------------------------------------------------------+--------+

2. REPORT DETAILS
-----------------
LUTAR-1#1 Warning
LUT drives async reset alert  
LUT cell design_1_i/DMA_0/inst/u_dma_top/u_csr/FSM_sequential_state[3]_i_3, with 2 or more inputs, drives asynchronous preset/clear pin(s) design_1_i/DMA_0/inst/u_dma_top/u_movement/dm_done_reg/CLR,
design_1_i/DMA_0/inst/u_dma_top/u_movement/handshake_done_d_reg/CLR,
design_1_i/DMA_0/inst/u_dma_top/u_movement/u_sram/cur_addr_reg[5]/CLR,
design_1_i/DMA_0/inst/u_dma_top/u_movement/u_sram/cur_addr_reg[6]/CLR,
design_1_i/DMA_0/inst/u_dma_top/u_movement/u_sram/cur_addr_reg[7]/CLR,
design_1_i/DMA_0/inst/u_dma_top/u_movement/u_sram/cur_addr_reg[8]/CLR,
design_1_i/DMA_0/inst/u_dma_top/u_movement/u_sram/cur_addr_reg[9]/CLR,
design_1_i/DMA_0/inst/u_dma_top/u_movement/u_sram/cur_len_reg[0]/CLR,
design_1_i/DMA_0/inst/u_dma_top/u_movement/u_sram/cur_len_reg[1]/CLR,
design_1_i/DMA_0/inst/u_dma_top/u_movement/u_sram/cur_len_reg[2]/CLR,
design_1_i/DMA_0/inst/u_dma_top/u_movement/u_sram/cur_len_reg[3]/CLR,
design_1_i/DMA_0/inst/u_dma_top/u_movement/u_sram/cur_len_reg[4]/CLR,
design_1_i/DMA_0/inst/u_dma_top/u_movement/u_sram/cur_len_reg[5]/CLR,
design_1_i/DMA_0/inst/u_dma_top/u_movement/u_sram/cur_len_reg[6]/CLR,
design_1_i/DMA_0/inst/u_dma_top/u_movement/u_sram/cur_len_reg[7]/CLR
 (the first 15 of 646 listed). The LUT may glitch and trigger an unexpected reset, even if it is a properly timed path.
Related violations: <none>

LUTAR-1#2 Warning
LUT drives async reset alert  
LUT cell design_1_i/mdm_1/U0/MDM_Core_I1/JTAG_CONTROL_I/sel_n_i_2, with 2 or more inputs, drives asynchronous preset/clear pin(s) design_1_i/mdm_1/U0/MDM_Core_I1/JTAG_CONTROL_I/sel_n_reg/PRE. The LUT may glitch and trigger an unexpected reset, even if it is a properly timed path.
Related violations: <none>

TIMING-9#1 Warning
Unknown CDC Logic  
One or more asynchronous Clock Domain Crossing has been detected between 2 clock domains through a set_false_path or a set_clock_groups or set_max_delay -datapath_only constraint but no double-registers logic synchronizer has been found on the side of the capture clock. It is recommended to run report_cdc for a complete and detailed CDC coverage. Please consider using XPM_CDC to avoid Critical severities
Related violations: <none>

TIMING-28#1 Warning
Auto-derived clock referenced by a timing constraint  
The auto-derived clock clk_out1_design_1_clk_wiz_1_0 is referenced by name inside timing constraint (see constraint position 11 in the Timing Constraint window in Vivado IDE). It is recommended to reference an auto-derived clock by the pin name attached to the clock: get_clocks -of_objects [get_pins design_1_i/clk_wiz_1/inst/mmcm_adv_inst/CLKOUT0]
Related violations: <none>

TIMING-28#2 Warning
Auto-derived clock referenced by a timing constraint  
The auto-derived clock clk_out1_design_1_clk_wiz_1_0 is referenced by name inside timing constraint (see constraint position 12 in the Timing Constraint window in Vivado IDE). It is recommended to reference an auto-derived clock by the pin name attached to the clock: get_clocks -of_objects [get_pins design_1_i/clk_wiz_1/inst/mmcm_adv_inst/CLKOUT0]
Related violations: <none>

XDCC-1#1 Warning
Scoped Clock constraint overwritten with the same name  
A new clock constraint create_clock overrides a previous scoped clock constraint with the same name. It is not recommended to override a scoped (typically an IP) clock constraint and could result in unexpected behaviors.
New: create_clock -period 10.000 -name sys_clock [get_ports sys_clock] (Source: C:/Users/laptop/Desktop/axi-dma-engine/vivado/sys_constraints.xdc (Line: 6))
Previous: create_clock -period 10.000 [get_ports sys_clock] (Source: c:/Users/laptop/Desktop/DMA/DMA.gen/sources_1/bd/design_1/ip/design_1_clk_wiz_1_0/design_1_clk_wiz_1_0.xdc (Line: 53))
Related violations: <none>

XDCC-7#1 Warning
Scoped Clock constraint overwritten on the same source  
A new clock constraint create_clock overrides a previous scoped clock constraint defined on the same source. It is not recommended to override a scoped (typically an IP) clock constraint and could result in unexpected behaviors.
New: create_clock -period 10.000 -name sys_clock [get_ports sys_clock] (Source: C:/Users/laptop/Desktop/axi-dma-engine/vivado/sys_constraints.xdc (Line: 6))
Previous: create_clock -period 10.000 [get_ports sys_clock] (Source: c:/Users/laptop/Desktop/DMA/DMA.gen/sources_1/bd/design_1/ip/design_1_clk_wiz_1_0/design_1_clk_wiz_1_0.xdc (Line: 53))
Related violations: <none>


