Copyright 1986-2022 Xilinx, Inc. All Rights Reserved. Copyright 2022-2025 Advanced Micro Devices, Inc. All Rights Reserved.
---------------------------------------------------------------------------------------------------------------------------------------------
| Tool Version : Vivado v.2025.2 (win64) Build 6299465 Fri Nov 14 19:35:11 GMT 2025
| Date         : Tue May  5 18:36:34 2026
| Host         : NUL-LENDLAP97 running 64-bit major release  (build 9200)
| Command      : report_drc -file design_1_wrapper_drc_opted.rpt -pb design_1_wrapper_drc_opted.pb -rpx design_1_wrapper_drc_opted.rpx
| Design       : design_1_wrapper
| Device       : xc7a100tcsg324-1
| Speed File   : -1
| Design State : Synthesized
---------------------------------------------------------------------------------------------------------------------------------------------

Report DRC

Table of Contents
-----------------
1. REPORT SUMMARY
2. REPORT DETAILS

1. REPORT SUMMARY
-----------------
            Netlist: netlist
          Floorplan: design_1
      Design limits: <entire design considered>
           Ruledeck: default
             Max checks: <unlimited>
             Checks found: 46
+-----------+----------+-----------------------------------------------------+--------+
| Rule      | Severity | Description                                         | Checks |
+-----------+----------+-----------------------------------------------------+--------+
| CFGBVS-1  | Warning  | Missing CFGBVS and CONFIG_VOLTAGE Design Properties | 1      |
| CHECK-3   | Warning  | Report rule limit reached                           | 2      |
| RBOR-1    | Warning  | RAMB output registers                               | 3      |
| REQP-1839 | Warning  | RAMB36 async control check                          | 20     |
| REQP-1840 | Warning  | RAMB18 async control check                          | 20     |
+-----------+----------+-----------------------------------------------------+--------+

2. REPORT DETAILS
-----------------
CFGBVS-1#1 Warning
Missing CFGBVS and CONFIG_VOLTAGE Design Properties  
Neither the CFGBVS nor CONFIG_VOLTAGE voltage property is set in the current_design.  Configuration bank voltage select (CFGBVS) must be set to VCCO or GND, and CONFIG_VOLTAGE must be set to the correct configuration voltage, in order to determine the I/O voltage support for the pins in bank 0.  It is suggested to specify these either using the 'Edit Device Properties' function in the GUI or directly in the XDC file using the following syntax:

 set_property CFGBVS value1 [current_design]
 #where value1 is either VCCO or GND

 set_property CONFIG_VOLTAGE value2 [current_design]
 #where value2 is the voltage provided to configuration bank 0

Refer to the device configuration user guide for more information.
Related violations: <none>

CHECK-3#1 Warning
Report rule limit reached  
REQP-1839 rule limit reached: 20 violations have been found.
Related violations: <none>

CHECK-3#2 Warning
Report rule limit reached  
REQP-1840 rule limit reached: 20 violations have been found.
Related violations: <none>

RBOR-1#1 Warning
RAMB output registers  
RAMB design_1_i/DMA_0/inst/u_dma_top/u_movement/u_desc_to_dm_fifo/fifo_buf_reg_0 output DOA (36) DOB (36) is connected to asynchronous registers, if you use synchronous controls you will get better results both in area and delay (RAMB has synchronous registers built in).
Related violations: <none>

RBOR-1#2 Warning
RAMB output registers  
RAMB design_1_i/DMA_0/inst/u_dma_top/u_movement/u_desc_to_dm_fifo/fifo_buf_reg_1 output DOA (25) is connected to asynchronous registers, if you use synchronous controls you will get better results both in area and delay (RAMB has synchronous registers built in).
Related violations: <none>

RBOR-1#3 Warning
RAMB output registers  
RAMB design_1_i/DMA_0/inst/u_dma_top/u_movement/u_dm_fifo_sram/fifo_buf_reg output DOB (8) is connected to asynchronous registers, if you use synchronous controls you will get better results both in area and delay (RAMB has synchronous registers built in).
Related violations: <none>

REQP-1839#1 Warning
RAMB36 async control check  
The RAMB36E1 design_1_i/DMA_0/inst/u_dma_top/u_movement/u_bram/mem_reg has an input control pin design_1_i/DMA_0/inst/u_dma_top/u_movement/u_bram/mem_reg/ADDRARDADDR[10] (net: design_1_i/DMA_0/inst/u_dma_top/u_movement/u_bram/ADDRARDADDR[5]) which is driven by a register (design_1_i/DMA_0/inst/u_dma_top/u_movement/u_sram/cur_addr_reg[5]) that has an active asychronous set or reset. This may cause corruption of the memory contents and/or read values when the set/reset is asserted and is not analyzed by the default static timing analysis. It is suggested to eliminate the use of a set/reset to registers driving this RAMB pin or else use a synchronous reset in which the assertion of the reset is timed by default.
Related violations: <none>

REQP-1839#2 Warning
RAMB36 async control check  
The RAMB36E1 design_1_i/DMA_0/inst/u_dma_top/u_movement/u_bram/mem_reg has an input control pin design_1_i/DMA_0/inst/u_dma_top/u_movement/u_bram/mem_reg/ADDRARDADDR[10] (net: design_1_i/DMA_0/inst/u_dma_top/u_movement/u_bram/ADDRARDADDR[5]) which is driven by a register (design_1_i/DMA_0/inst/u_mem_init/reg_init_addr_reg[7]_rep__0) that has an active asychronous set or reset. This may cause corruption of the memory contents and/or read values when the set/reset is asserted and is not analyzed by the default static timing analysis. It is suggested to eliminate the use of a set/reset to registers driving this RAMB pin or else use a synchronous reset in which the assertion of the reset is timed by default.
Related violations: <none>

REQP-1839#3 Warning
RAMB36 async control check  
The RAMB36E1 design_1_i/DMA_0/inst/u_dma_top/u_movement/u_bram/mem_reg has an input control pin design_1_i/DMA_0/inst/u_dma_top/u_movement/u_bram/mem_reg/ADDRARDADDR[10] (net: design_1_i/DMA_0/inst/u_dma_top/u_movement/u_bram/ADDRARDADDR[5]) which is driven by a register (design_1_i/DMA_0/inst/u_mem_init/reg_init_done_reg) that has an active asychronous set or reset. This may cause corruption of the memory contents and/or read values when the set/reset is asserted and is not analyzed by the default static timing analysis. It is suggested to eliminate the use of a set/reset to registers driving this RAMB pin or else use a synchronous reset in which the assertion of the reset is timed by default.
Related violations: <none>

REQP-1839#4 Warning
RAMB36 async control check  
The RAMB36E1 design_1_i/DMA_0/inst/u_dma_top/u_movement/u_bram/mem_reg has an input control pin design_1_i/DMA_0/inst/u_dma_top/u_movement/u_bram/mem_reg/ADDRARDADDR[11] (net: design_1_i/DMA_0/inst/u_dma_top/u_movement/u_bram/ADDRARDADDR[6]) which is driven by a register (design_1_i/DMA_0/inst/u_dma_top/u_movement/u_sram/cur_addr_reg[6]) that has an active asychronous set or reset. This may cause corruption of the memory contents and/or read values when the set/reset is asserted and is not analyzed by the default static timing analysis. It is suggested to eliminate the use of a set/reset to registers driving this RAMB pin or else use a synchronous reset in which the assertion of the reset is timed by default.
Related violations: <none>

REQP-1839#5 Warning
RAMB36 async control check  
The RAMB36E1 design_1_i/DMA_0/inst/u_dma_top/u_movement/u_bram/mem_reg has an input control pin design_1_i/DMA_0/inst/u_dma_top/u_movement/u_bram/mem_reg/ADDRARDADDR[11] (net: design_1_i/DMA_0/inst/u_dma_top/u_movement/u_bram/ADDRARDADDR[6]) which is driven by a register (design_1_i/DMA_0/inst/u_mem_init/reg_init_addr_reg[8]_rep) that has an active asychronous set or reset. This may cause corruption of the memory contents and/or read values when the set/reset is asserted and is not analyzed by the default static timing analysis. It is suggested to eliminate the use of a set/reset to registers driving this RAMB pin or else use a synchronous reset in which the assertion of the reset is timed by default.
Related violations: <none>

REQP-1839#6 Warning
RAMB36 async control check  
The RAMB36E1 design_1_i/DMA_0/inst/u_dma_top/u_movement/u_bram/mem_reg has an input control pin design_1_i/DMA_0/inst/u_dma_top/u_movement/u_bram/mem_reg/ADDRARDADDR[11] (net: design_1_i/DMA_0/inst/u_dma_top/u_movement/u_bram/ADDRARDADDR[6]) which is driven by a register (design_1_i/DMA_0/inst/u_mem_init/reg_init_done_reg) that has an active asychronous set or reset. This may cause corruption of the memory contents and/or read values when the set/reset is asserted and is not analyzed by the default static timing analysis. It is suggested to eliminate the use of a set/reset to registers driving this RAMB pin or else use a synchronous reset in which the assertion of the reset is timed by default.
Related violations: <none>

REQP-1839#7 Warning
RAMB36 async control check  
The RAMB36E1 design_1_i/DMA_0/inst/u_dma_top/u_movement/u_bram/mem_reg has an input control pin design_1_i/DMA_0/inst/u_dma_top/u_movement/u_bram/mem_reg/ADDRARDADDR[12] (net: design_1_i/DMA_0/inst/u_dma_top/u_movement/u_bram/ADDRARDADDR[7]) which is driven by a register (design_1_i/DMA_0/inst/u_dma_top/u_movement/u_sram/cur_addr_reg[7]) that has an active asychronous set or reset. This may cause corruption of the memory contents and/or read values when the set/reset is asserted and is not analyzed by the default static timing analysis. It is suggested to eliminate the use of a set/reset to registers driving this RAMB pin or else use a synchronous reset in which the assertion of the reset is timed by default.
Related violations: <none>

REQP-1839#8 Warning
RAMB36 async control check  
The RAMB36E1 design_1_i/DMA_0/inst/u_dma_top/u_movement/u_bram/mem_reg has an input control pin design_1_i/DMA_0/inst/u_dma_top/u_movement/u_bram/mem_reg/ADDRARDADDR[12] (net: design_1_i/DMA_0/inst/u_dma_top/u_movement/u_bram/ADDRARDADDR[7]) which is driven by a register (design_1_i/DMA_0/inst/u_mem_init/reg_init_addr_reg[9]) that has an active asychronous set or reset. This may cause corruption of the memory contents and/or read values when the set/reset is asserted and is not analyzed by the default static timing analysis. It is suggested to eliminate the use of a set/reset to registers driving this RAMB pin or else use a synchronous reset in which the assertion of the reset is timed by default.
Related violations: <none>

REQP-1839#9 Warning
RAMB36 async control check  
The RAMB36E1 design_1_i/DMA_0/inst/u_dma_top/u_movement/u_bram/mem_reg has an input control pin design_1_i/DMA_0/inst/u_dma_top/u_movement/u_bram/mem_reg/ADDRARDADDR[12] (net: design_1_i/DMA_0/inst/u_dma_top/u_movement/u_bram/ADDRARDADDR[7]) which is driven by a register (design_1_i/DMA_0/inst/u_mem_init/reg_init_done_reg) that has an active asychronous set or reset. This may cause corruption of the memory contents and/or read values when the set/reset is asserted and is not analyzed by the default static timing analysis. It is suggested to eliminate the use of a set/reset to registers driving this RAMB pin or else use a synchronous reset in which the assertion of the reset is timed by default.
Related violations: <none>

REQP-1839#10 Warning
RAMB36 async control check  
The RAMB36E1 design_1_i/DMA_0/inst/u_dma_top/u_movement/u_bram/mem_reg has an input control pin design_1_i/DMA_0/inst/u_dma_top/u_movement/u_bram/mem_reg/ADDRARDADDR[13] (net: design_1_i/DMA_0/inst/u_dma_top/u_movement/u_bram/ADDRARDADDR[8]) which is driven by a register (design_1_i/DMA_0/inst/u_dma_top/u_movement/u_sram/cur_addr_reg[8]) that has an active asychronous set or reset. This may cause corruption of the memory contents and/or read values when the set/reset is asserted and is not analyzed by the default static timing analysis. It is suggested to eliminate the use of a set/reset to registers driving this RAMB pin or else use a synchronous reset in which the assertion of the reset is timed by default.
Related violations: <none>

REQP-1839#11 Warning
RAMB36 async control check  
The RAMB36E1 design_1_i/DMA_0/inst/u_dma_top/u_movement/u_bram/mem_reg has an input control pin design_1_i/DMA_0/inst/u_dma_top/u_movement/u_bram/mem_reg/ADDRARDADDR[13] (net: design_1_i/DMA_0/inst/u_dma_top/u_movement/u_bram/ADDRARDADDR[8]) which is driven by a register (design_1_i/DMA_0/inst/u_mem_init/reg_init_done_reg) that has an active asychronous set or reset. This may cause corruption of the memory contents and/or read values when the set/reset is asserted and is not analyzed by the default static timing analysis. It is suggested to eliminate the use of a set/reset to registers driving this RAMB pin or else use a synchronous reset in which the assertion of the reset is timed by default.
Related violations: <none>

REQP-1839#12 Warning
RAMB36 async control check  
The RAMB36E1 design_1_i/DMA_0/inst/u_dma_top/u_movement/u_bram/mem_reg has an input control pin design_1_i/DMA_0/inst/u_dma_top/u_movement/u_bram/mem_reg/ADDRARDADDR[14] (net: design_1_i/DMA_0/inst/u_dma_top/u_movement/u_bram/ADDRARDADDR[9]) which is driven by a register (design_1_i/DMA_0/inst/u_dma_top/u_movement/u_sram/cur_addr_reg[9]) that has an active asychronous set or reset. This may cause corruption of the memory contents and/or read values when the set/reset is asserted and is not analyzed by the default static timing analysis. It is suggested to eliminate the use of a set/reset to registers driving this RAMB pin or else use a synchronous reset in which the assertion of the reset is timed by default.
Related violations: <none>

REQP-1839#13 Warning
RAMB36 async control check  
The RAMB36E1 design_1_i/DMA_0/inst/u_dma_top/u_movement/u_bram/mem_reg has an input control pin design_1_i/DMA_0/inst/u_dma_top/u_movement/u_bram/mem_reg/ADDRARDADDR[14] (net: design_1_i/DMA_0/inst/u_dma_top/u_movement/u_bram/ADDRARDADDR[9]) which is driven by a register (design_1_i/DMA_0/inst/u_mem_init/reg_init_done_reg) that has an active asychronous set or reset. This may cause corruption of the memory contents and/or read values when the set/reset is asserted and is not analyzed by the default static timing analysis. It is suggested to eliminate the use of a set/reset to registers driving this RAMB pin or else use a synchronous reset in which the assertion of the reset is timed by default.
Related violations: <none>

REQP-1839#14 Warning
RAMB36 async control check  
The RAMB36E1 design_1_i/DMA_0/inst/u_dma_top/u_movement/u_bram/mem_reg has an input control pin design_1_i/DMA_0/inst/u_dma_top/u_movement/u_bram/mem_reg/ADDRARDADDR[7] (net: design_1_i/DMA_0/inst/u_dma_top/u_movement/u_bram/ADDRARDADDR[2]) which is driven by a register (design_1_i/DMA_0/inst/u_dma_top/u_movement/u_sram/cur_addr_reg[2]) that has an active asychronous set or reset. This may cause corruption of the memory contents and/or read values when the set/reset is asserted and is not analyzed by the default static timing analysis. It is suggested to eliminate the use of a set/reset to registers driving this RAMB pin or else use a synchronous reset in which the assertion of the reset is timed by default.
Related violations: <none>

REQP-1839#15 Warning
RAMB36 async control check  
The RAMB36E1 design_1_i/DMA_0/inst/u_dma_top/u_movement/u_bram/mem_reg has an input control pin design_1_i/DMA_0/inst/u_dma_top/u_movement/u_bram/mem_reg/ADDRARDADDR[8] (net: design_1_i/DMA_0/inst/u_dma_top/u_movement/u_bram/ADDRARDADDR[3]) which is driven by a register (design_1_i/DMA_0/inst/u_dma_top/u_movement/u_sram/cur_addr_reg[3]) that has an active asychronous set or reset. This may cause corruption of the memory contents and/or read values when the set/reset is asserted and is not analyzed by the default static timing analysis. It is suggested to eliminate the use of a set/reset to registers driving this RAMB pin or else use a synchronous reset in which the assertion of the reset is timed by default.
Related violations: <none>

REQP-1839#16 Warning
RAMB36 async control check  
The RAMB36E1 design_1_i/DMA_0/inst/u_dma_top/u_movement/u_bram/mem_reg has an input control pin design_1_i/DMA_0/inst/u_dma_top/u_movement/u_bram/mem_reg/ADDRARDADDR[8] (net: design_1_i/DMA_0/inst/u_dma_top/u_movement/u_bram/ADDRARDADDR[3]) which is driven by a register (design_1_i/DMA_0/inst/u_mem_init/reg_init_addr_reg[5]_rep__1) that has an active asychronous set or reset. This may cause corruption of the memory contents and/or read values when the set/reset is asserted and is not analyzed by the default static timing analysis. It is suggested to eliminate the use of a set/reset to registers driving this RAMB pin or else use a synchronous reset in which the assertion of the reset is timed by default.
Related violations: <none>

REQP-1839#17 Warning
RAMB36 async control check  
The RAMB36E1 design_1_i/DMA_0/inst/u_dma_top/u_movement/u_bram/mem_reg has an input control pin design_1_i/DMA_0/inst/u_dma_top/u_movement/u_bram/mem_reg/ADDRARDADDR[8] (net: design_1_i/DMA_0/inst/u_dma_top/u_movement/u_bram/ADDRARDADDR[3]) which is driven by a register (design_1_i/DMA_0/inst/u_mem_init/reg_init_done_reg) that has an active asychronous set or reset. This may cause corruption of the memory contents and/or read values when the set/reset is asserted and is not analyzed by the default static timing analysis. It is suggested to eliminate the use of a set/reset to registers driving this RAMB pin or else use a synchronous reset in which the assertion of the reset is timed by default.
Related violations: <none>

REQP-1839#18 Warning
RAMB36 async control check  
The RAMB36E1 design_1_i/DMA_0/inst/u_dma_top/u_movement/u_bram/mem_reg has an input control pin design_1_i/DMA_0/inst/u_dma_top/u_movement/u_bram/mem_reg/ADDRARDADDR[9] (net: design_1_i/DMA_0/inst/u_dma_top/u_movement/u_bram/ADDRARDADDR[4]) which is driven by a register (design_1_i/DMA_0/inst/u_dma_top/u_movement/u_sram/cur_addr_reg[4]) that has an active asychronous set or reset. This may cause corruption of the memory contents and/or read values when the set/reset is asserted and is not analyzed by the default static timing analysis. It is suggested to eliminate the use of a set/reset to registers driving this RAMB pin or else use a synchronous reset in which the assertion of the reset is timed by default.
Related violations: <none>

REQP-1839#19 Warning
RAMB36 async control check  
The RAMB36E1 design_1_i/DMA_0/inst/u_dma_top/u_movement/u_bram/mem_reg has an input control pin design_1_i/DMA_0/inst/u_dma_top/u_movement/u_bram/mem_reg/ADDRARDADDR[9] (net: design_1_i/DMA_0/inst/u_dma_top/u_movement/u_bram/ADDRARDADDR[4]) which is driven by a register (design_1_i/DMA_0/inst/u_mem_init/reg_init_addr_reg[6]_rep__0) that has an active asychronous set or reset. This may cause corruption of the memory contents and/or read values when the set/reset is asserted and is not analyzed by the default static timing analysis. It is suggested to eliminate the use of a set/reset to registers driving this RAMB pin or else use a synchronous reset in which the assertion of the reset is timed by default.
Related violations: <none>

REQP-1839#20 Warning
RAMB36 async control check  
The RAMB36E1 design_1_i/DMA_0/inst/u_dma_top/u_movement/u_bram/mem_reg has an input control pin design_1_i/DMA_0/inst/u_dma_top/u_movement/u_bram/mem_reg/ADDRARDADDR[9] (net: design_1_i/DMA_0/inst/u_dma_top/u_movement/u_bram/ADDRARDADDR[4]) which is driven by a register (design_1_i/DMA_0/inst/u_mem_init/reg_init_done_reg) that has an active asychronous set or reset. This may cause corruption of the memory contents and/or read values when the set/reset is asserted and is not analyzed by the default static timing analysis. It is suggested to eliminate the use of a set/reset to registers driving this RAMB pin or else use a synchronous reset in which the assertion of the reset is timed by default.
Related violations: <none>

REQP-1840#1 Warning
RAMB18 async control check  
The RAMB18E1 design_1_i/DMA_0/inst/u_dma_top/u_movement/u_mid_fifo/fifo_buf_reg has an input control pin design_1_i/DMA_0/inst/u_dma_top/u_movement/u_mid_fifo/fifo_buf_reg/ADDRARDADDR[10] (net: design_1_i/DMA_0/inst/u_dma_top/u_movement/u_mid_fifo/fifo_buf_reg_i_2_n_0) which is driven by a register (design_1_i/DMA_0/inst/u_dma_top/u_movement/u_axi/FSM_sequential_state_reg[0]) that has an active asychronous set or reset. This may cause corruption of the memory contents and/or read values when the set/reset is asserted and is not analyzed by the default static timing analysis. It is suggested to eliminate the use of a set/reset to registers driving this RAMB pin or else use a synchronous reset in which the assertion of the reset is timed by default.
Related violations: <none>

REQP-1840#2 Warning
RAMB18 async control check  
The RAMB18E1 design_1_i/DMA_0/inst/u_dma_top/u_movement/u_mid_fifo/fifo_buf_reg has an input control pin design_1_i/DMA_0/inst/u_dma_top/u_movement/u_mid_fifo/fifo_buf_reg/ADDRARDADDR[10] (net: design_1_i/DMA_0/inst/u_dma_top/u_movement/u_mid_fifo/fifo_buf_reg_i_2_n_0) which is driven by a register (design_1_i/DMA_0/inst/u_dma_top/u_movement/u_axi/FSM_sequential_state_reg[1]) that has an active asychronous set or reset. This may cause corruption of the memory contents and/or read values when the set/reset is asserted and is not analyzed by the default static timing analysis. It is suggested to eliminate the use of a set/reset to registers driving this RAMB pin or else use a synchronous reset in which the assertion of the reset is timed by default.
Related violations: <none>

REQP-1840#3 Warning
RAMB18 async control check  
The RAMB18E1 design_1_i/DMA_0/inst/u_dma_top/u_movement/u_mid_fifo/fifo_buf_reg has an input control pin design_1_i/DMA_0/inst/u_dma_top/u_movement/u_mid_fifo/fifo_buf_reg/ADDRARDADDR[10] (net: design_1_i/DMA_0/inst/u_dma_top/u_movement/u_mid_fifo/fifo_buf_reg_i_2_n_0) which is driven by a register (design_1_i/DMA_0/inst/u_dma_top/u_movement/u_axi/FSM_sequential_state_reg[2]) that has an active asychronous set or reset. This may cause corruption of the memory contents and/or read values when the set/reset is asserted and is not analyzed by the default static timing analysis. It is suggested to eliminate the use of a set/reset to registers driving this RAMB pin or else use a synchronous reset in which the assertion of the reset is timed by default.
Related violations: <none>

REQP-1840#4 Warning
RAMB18 async control check  
The RAMB18E1 design_1_i/DMA_0/inst/u_dma_top/u_movement/u_mid_fifo/fifo_buf_reg has an input control pin design_1_i/DMA_0/inst/u_dma_top/u_movement/u_mid_fifo/fifo_buf_reg/ADDRARDADDR[10] (net: design_1_i/DMA_0/inst/u_dma_top/u_movement/u_mid_fifo/fifo_buf_reg_i_2_n_0) which is driven by a register (design_1_i/DMA_0/inst/u_dma_top/u_movement/u_axi/FSM_sequential_state_reg[3]) that has an active asychronous set or reset. This may cause corruption of the memory contents and/or read values when the set/reset is asserted and is not analyzed by the default static timing analysis. It is suggested to eliminate the use of a set/reset to registers driving this RAMB pin or else use a synchronous reset in which the assertion of the reset is timed by default.
Related violations: <none>

REQP-1840#5 Warning
RAMB18 async control check  
The RAMB18E1 design_1_i/DMA_0/inst/u_dma_top/u_movement/u_mid_fifo/fifo_buf_reg has an input control pin design_1_i/DMA_0/inst/u_dma_top/u_movement/u_mid_fifo/fifo_buf_reg/ADDRARDADDR[10] (net: design_1_i/DMA_0/inst/u_dma_top/u_movement/u_mid_fifo/fifo_buf_reg_i_2_n_0) which is driven by a register (design_1_i/DMA_0/inst/u_dma_top/u_movement/u_mid_fifo/empty_reg) that has an active asychronous set or reset. This may cause corruption of the memory contents and/or read values when the set/reset is asserted and is not analyzed by the default static timing analysis. It is suggested to eliminate the use of a set/reset to registers driving this RAMB pin or else use a synchronous reset in which the assertion of the reset is timed by default.
Related violations: <none>

REQP-1840#6 Warning
RAMB18 async control check  
The RAMB18E1 design_1_i/DMA_0/inst/u_dma_top/u_movement/u_mid_fifo/fifo_buf_reg has an input control pin design_1_i/DMA_0/inst/u_dma_top/u_movement/u_mid_fifo/fifo_buf_reg/ADDRARDADDR[10] (net: design_1_i/DMA_0/inst/u_dma_top/u_movement/u_mid_fifo/fifo_buf_reg_i_2_n_0) which is driven by a register (design_1_i/DMA_0/inst/u_dma_top/u_movement/u_mid_fifo/rd_addr_reg[0]) that has an active asychronous set or reset. This may cause corruption of the memory contents and/or read values when the set/reset is asserted and is not analyzed by the default static timing analysis. It is suggested to eliminate the use of a set/reset to registers driving this RAMB pin or else use a synchronous reset in which the assertion of the reset is timed by default.
Related violations: <none>

REQP-1840#7 Warning
RAMB18 async control check  
The RAMB18E1 design_1_i/DMA_0/inst/u_dma_top/u_movement/u_mid_fifo/fifo_buf_reg has an input control pin design_1_i/DMA_0/inst/u_dma_top/u_movement/u_mid_fifo/fifo_buf_reg/ADDRARDADDR[10] (net: design_1_i/DMA_0/inst/u_dma_top/u_movement/u_mid_fifo/fifo_buf_reg_i_2_n_0) which is driven by a register (design_1_i/DMA_0/inst/u_dma_top/u_movement/u_mid_fifo/rd_addr_reg[1]) that has an active asychronous set or reset. This may cause corruption of the memory contents and/or read values when the set/reset is asserted and is not analyzed by the default static timing analysis. It is suggested to eliminate the use of a set/reset to registers driving this RAMB pin or else use a synchronous reset in which the assertion of the reset is timed by default.
Related violations: <none>

REQP-1840#8 Warning
RAMB18 async control check  
The RAMB18E1 design_1_i/DMA_0/inst/u_dma_top/u_movement/u_mid_fifo/fifo_buf_reg has an input control pin design_1_i/DMA_0/inst/u_dma_top/u_movement/u_mid_fifo/fifo_buf_reg/ADDRARDADDR[10] (net: design_1_i/DMA_0/inst/u_dma_top/u_movement/u_mid_fifo/fifo_buf_reg_i_2_n_0) which is driven by a register (design_1_i/DMA_0/inst/u_dma_top/u_movement/u_mid_fifo/rd_addr_reg[2]) that has an active asychronous set or reset. This may cause corruption of the memory contents and/or read values when the set/reset is asserted and is not analyzed by the default static timing analysis. It is suggested to eliminate the use of a set/reset to registers driving this RAMB pin or else use a synchronous reset in which the assertion of the reset is timed by default.
Related violations: <none>

REQP-1840#9 Warning
RAMB18 async control check  
The RAMB18E1 design_1_i/DMA_0/inst/u_dma_top/u_movement/u_mid_fifo/fifo_buf_reg has an input control pin design_1_i/DMA_0/inst/u_dma_top/u_movement/u_mid_fifo/fifo_buf_reg/ADDRARDADDR[10] (net: design_1_i/DMA_0/inst/u_dma_top/u_movement/u_mid_fifo/fifo_buf_reg_i_2_n_0) which is driven by a register (design_1_i/DMA_0/inst/u_dma_top/u_movement/u_mid_fifo/rd_addr_reg[3]) that has an active asychronous set or reset. This may cause corruption of the memory contents and/or read values when the set/reset is asserted and is not analyzed by the default static timing analysis. It is suggested to eliminate the use of a set/reset to registers driving this RAMB pin or else use a synchronous reset in which the assertion of the reset is timed by default.
Related violations: <none>

REQP-1840#10 Warning
RAMB18 async control check  
The RAMB18E1 design_1_i/DMA_0/inst/u_dma_top/u_movement/u_mid_fifo/fifo_buf_reg has an input control pin design_1_i/DMA_0/inst/u_dma_top/u_movement/u_mid_fifo/fifo_buf_reg/ADDRARDADDR[10] (net: design_1_i/DMA_0/inst/u_dma_top/u_movement/u_mid_fifo/fifo_buf_reg_i_2_n_0) which is driven by a register (design_1_i/DMA_0/inst/u_dma_top/u_movement/u_mid_fifo/rd_addr_reg[4]) that has an active asychronous set or reset. This may cause corruption of the memory contents and/or read values when the set/reset is asserted and is not analyzed by the default static timing analysis. It is suggested to eliminate the use of a set/reset to registers driving this RAMB pin or else use a synchronous reset in which the assertion of the reset is timed by default.
Related violations: <none>

REQP-1840#11 Warning
RAMB18 async control check  
The RAMB18E1 design_1_i/DMA_0/inst/u_dma_top/u_movement/u_mid_fifo/fifo_buf_reg has an input control pin design_1_i/DMA_0/inst/u_dma_top/u_movement/u_mid_fifo/fifo_buf_reg/ADDRARDADDR[10] (net: design_1_i/DMA_0/inst/u_dma_top/u_movement/u_mid_fifo/fifo_buf_reg_i_2_n_0) which is driven by a register (design_1_i/DMA_0/inst/u_dma_top/u_movement/u_mid_fifo/rd_addr_reg[5]) that has an active asychronous set or reset. This may cause corruption of the memory contents and/or read values when the set/reset is asserted and is not analyzed by the default static timing analysis. It is suggested to eliminate the use of a set/reset to registers driving this RAMB pin or else use a synchronous reset in which the assertion of the reset is timed by default.
Related violations: <none>

REQP-1840#12 Warning
RAMB18 async control check  
The RAMB18E1 design_1_i/DMA_0/inst/u_dma_top/u_movement/u_mid_fifo/fifo_buf_reg has an input control pin design_1_i/DMA_0/inst/u_dma_top/u_movement/u_mid_fifo/fifo_buf_reg/ADDRARDADDR[10] (net: design_1_i/DMA_0/inst/u_dma_top/u_movement/u_mid_fifo/fifo_buf_reg_i_2_n_0) which is driven by a register (design_1_i/DMA_0/inst/u_dma_top/u_movement/u_mid_fifo/rd_addr_reg[6]) that has an active asychronous set or reset. This may cause corruption of the memory contents and/or read values when the set/reset is asserted and is not analyzed by the default static timing analysis. It is suggested to eliminate the use of a set/reset to registers driving this RAMB pin or else use a synchronous reset in which the assertion of the reset is timed by default.
Related violations: <none>

REQP-1840#13 Warning
RAMB18 async control check  
The RAMB18E1 design_1_i/DMA_0/inst/u_dma_top/u_movement/u_mid_fifo/fifo_buf_reg has an input control pin design_1_i/DMA_0/inst/u_dma_top/u_movement/u_mid_fifo/fifo_buf_reg/ADDRARDADDR[10] (net: design_1_i/DMA_0/inst/u_dma_top/u_movement/u_mid_fifo/fifo_buf_reg_i_2_n_0) which is driven by a register (design_1_i/DMA_0/inst/u_dma_top/u_movement/u_mid_fifo/wr_addr_reg[0]) that has an active asychronous set or reset. This may cause corruption of the memory contents and/or read values when the set/reset is asserted and is not analyzed by the default static timing analysis. It is suggested to eliminate the use of a set/reset to registers driving this RAMB pin or else use a synchronous reset in which the assertion of the reset is timed by default.
Related violations: <none>

REQP-1840#14 Warning
RAMB18 async control check  
The RAMB18E1 design_1_i/DMA_0/inst/u_dma_top/u_movement/u_mid_fifo/fifo_buf_reg has an input control pin design_1_i/DMA_0/inst/u_dma_top/u_movement/u_mid_fifo/fifo_buf_reg/ADDRARDADDR[10] (net: design_1_i/DMA_0/inst/u_dma_top/u_movement/u_mid_fifo/fifo_buf_reg_i_2_n_0) which is driven by a register (design_1_i/DMA_0/inst/u_dma_top/u_movement/u_mid_fifo/wr_addr_reg[1]) that has an active asychronous set or reset. This may cause corruption of the memory contents and/or read values when the set/reset is asserted and is not analyzed by the default static timing analysis. It is suggested to eliminate the use of a set/reset to registers driving this RAMB pin or else use a synchronous reset in which the assertion of the reset is timed by default.
Related violations: <none>

REQP-1840#15 Warning
RAMB18 async control check  
The RAMB18E1 design_1_i/DMA_0/inst/u_dma_top/u_movement/u_mid_fifo/fifo_buf_reg has an input control pin design_1_i/DMA_0/inst/u_dma_top/u_movement/u_mid_fifo/fifo_buf_reg/ADDRARDADDR[10] (net: design_1_i/DMA_0/inst/u_dma_top/u_movement/u_mid_fifo/fifo_buf_reg_i_2_n_0) which is driven by a register (design_1_i/DMA_0/inst/u_dma_top/u_movement/u_mid_fifo/wr_addr_reg[2]) that has an active asychronous set or reset. This may cause corruption of the memory contents and/or read values when the set/reset is asserted and is not analyzed by the default static timing analysis. It is suggested to eliminate the use of a set/reset to registers driving this RAMB pin or else use a synchronous reset in which the assertion of the reset is timed by default.
Related violations: <none>

REQP-1840#16 Warning
RAMB18 async control check  
The RAMB18E1 design_1_i/DMA_0/inst/u_dma_top/u_movement/u_mid_fifo/fifo_buf_reg has an input control pin design_1_i/DMA_0/inst/u_dma_top/u_movement/u_mid_fifo/fifo_buf_reg/ADDRARDADDR[10] (net: design_1_i/DMA_0/inst/u_dma_top/u_movement/u_mid_fifo/fifo_buf_reg_i_2_n_0) which is driven by a register (design_1_i/DMA_0/inst/u_dma_top/u_movement/u_mid_fifo/wr_addr_reg[3]) that has an active asychronous set or reset. This may cause corruption of the memory contents and/or read values when the set/reset is asserted and is not analyzed by the default static timing analysis. It is suggested to eliminate the use of a set/reset to registers driving this RAMB pin or else use a synchronous reset in which the assertion of the reset is timed by default.
Related violations: <none>

REQP-1840#17 Warning
RAMB18 async control check  
The RAMB18E1 design_1_i/DMA_0/inst/u_dma_top/u_movement/u_mid_fifo/fifo_buf_reg has an input control pin design_1_i/DMA_0/inst/u_dma_top/u_movement/u_mid_fifo/fifo_buf_reg/ADDRARDADDR[10] (net: design_1_i/DMA_0/inst/u_dma_top/u_movement/u_mid_fifo/fifo_buf_reg_i_2_n_0) which is driven by a register (design_1_i/DMA_0/inst/u_dma_top/u_movement/u_mid_fifo/wr_addr_reg[4]) that has an active asychronous set or reset. This may cause corruption of the memory contents and/or read values when the set/reset is asserted and is not analyzed by the default static timing analysis. It is suggested to eliminate the use of a set/reset to registers driving this RAMB pin or else use a synchronous reset in which the assertion of the reset is timed by default.
Related violations: <none>

REQP-1840#18 Warning
RAMB18 async control check  
The RAMB18E1 design_1_i/DMA_0/inst/u_dma_top/u_movement/u_mid_fifo/fifo_buf_reg has an input control pin design_1_i/DMA_0/inst/u_dma_top/u_movement/u_mid_fifo/fifo_buf_reg/ADDRARDADDR[10] (net: design_1_i/DMA_0/inst/u_dma_top/u_movement/u_mid_fifo/fifo_buf_reg_i_2_n_0) which is driven by a register (design_1_i/DMA_0/inst/u_dma_top/u_movement/u_mid_fifo/wr_addr_reg[5]) that has an active asychronous set or reset. This may cause corruption of the memory contents and/or read values when the set/reset is asserted and is not analyzed by the default static timing analysis. It is suggested to eliminate the use of a set/reset to registers driving this RAMB pin or else use a synchronous reset in which the assertion of the reset is timed by default.
Related violations: <none>

REQP-1840#19 Warning
RAMB18 async control check  
The RAMB18E1 design_1_i/DMA_0/inst/u_dma_top/u_movement/u_mid_fifo/fifo_buf_reg has an input control pin design_1_i/DMA_0/inst/u_dma_top/u_movement/u_mid_fifo/fifo_buf_reg/ADDRARDADDR[10] (net: design_1_i/DMA_0/inst/u_dma_top/u_movement/u_mid_fifo/fifo_buf_reg_i_2_n_0) which is driven by a register (design_1_i/DMA_0/inst/u_dma_top/u_movement/u_mid_fifo/wr_addr_reg[6]) that has an active asychronous set or reset. This may cause corruption of the memory contents and/or read values when the set/reset is asserted and is not analyzed by the default static timing analysis. It is suggested to eliminate the use of a set/reset to registers driving this RAMB pin or else use a synchronous reset in which the assertion of the reset is timed by default.
Related violations: <none>

REQP-1840#20 Warning
RAMB18 async control check  
The RAMB18E1 design_1_i/DMA_0/inst/u_dma_top/u_movement/u_mid_fifo/fifo_buf_reg has an input control pin design_1_i/DMA_0/inst/u_dma_top/u_movement/u_mid_fifo/fifo_buf_reg/ADDRARDADDR[10] (net: design_1_i/DMA_0/inst/u_dma_top/u_movement/u_mid_fifo/fifo_buf_reg_i_2_n_0) which is driven by a register (design_1_i/DMA_0/inst/u_dma_top/u_movement/u_sram/FSM_sequential_state_reg[0]) that has an active asychronous set or reset. This may cause corruption of the memory contents and/or read values when the set/reset is asserted and is not analyzed by the default static timing analysis. It is suggested to eliminate the use of a set/reset to registers driving this RAMB pin or else use a synchronous reset in which the assertion of the reset is timed by default.
Related violations: <none>


