
*** Running vivado
    with args -log design_1_wrapper.vds -m64 -product Vivado -mode batch -messageDb vivado.pb -notrace -source design_1_wrapper.tcl



****** Vivado v2025.2 (64-bit)
  **** SW Build 6299465 on Fri Nov 14 19:35:11 GMT 2025
  **** IP Build 6300035 on Fri Nov 14 10:48:45 MST 2025
  **** SharedData Build 6298862 on Thu Nov 13 04:50:51 MST 2025
  **** Start of session at: Tue May  5 18:32:41 2026
    ** Copyright 1986-2022 Xilinx, Inc. All Rights Reserved.
    ** Copyright 2022-2025 Advanced Micro Devices, Inc. All Rights Reserved.

source design_1_wrapper.tcl -notrace
create_project: Time (s): cpu = 00:00:16 ; elapsed = 00:00:11 . Memory (MB): peak = 528.832 ; gain = 221.035
INFO: [IP_Flow 19-234] Refreshing IP repositories
INFO: [IP_Flow 19-1700] Loaded user IP repository 'c:/Users/laptop/Desktop/NEW DMA IP'.
INFO: [IP_Flow 19-2313] Loaded Vivado IP repository 'C:/AMDDesignTools/2025.2/Vivado/data/ip'.
add_files: Time (s): cpu = 00:00:05 ; elapsed = 00:00:06 . Memory (MB): peak = 567.008 ; gain = 29.562
Command: read_checkpoint -auto_incremental -incremental C:/Users/laptop/Desktop/DMA/DMA.srcs/utils_1/imports/synth_1/vivado_config.dcp
INFO: [Vivado 12-5825] Read reference checkpoint from C:/Users/laptop/Desktop/DMA/DMA.srcs/utils_1/imports/synth_1/vivado_config.dcp for incremental synthesis
INFO: [Vivado 12-7989] Please ensure there are no constraint changes
Command: synth_design -top design_1_wrapper -part xc7a100tcsg324-1
Starting synth_design
Attempting to get a license for feature 'Synthesis' and/or device 'xc7a100t'
INFO: [Common 17-349] Got license for feature 'Synthesis' and/or device 'xc7a100t'
INFO: [Device 21-403] Loading part xc7a100tcsg324-1
INFO: [Designutils 20-5440] No compile time benefit to using incremental synthesis; A full resynthesis will be run
INFO: [Designutils 20-4379] Flow is switching to default flow due to incremental criteria not met. If you would like to alter this behaviour and have the flow terminate instead, please set the following parameter config_implementation {autoIncr.Synth.RejectBehavior Terminate}
INFO: [Synth 8-7079] Multithreading enabled for synth_design using a maximum of 2 processes.
INFO: [Synth 8-7078] Launching helper process for spawning children vivado processes
INFO: [Synth 8-7075] Helper process launched with PID 15400
---------------------------------------------------------------------------------
Starting RTL Elaboration : Time (s): cpu = 00:00:08 ; elapsed = 00:00:09 . Memory (MB): peak = 1342.715 ; gain = 543.711
---------------------------------------------------------------------------------
INFO: [Synth 8-6157] synthesizing module 'design_1_wrapper' [C:/Users/laptop/Desktop/DMA/DMA.gen/sources_1/bd/design_1/hdl/design_1_wrapper.v:13]
INFO: [Synth 8-6157] synthesizing module 'design_1' [c:/Users/laptop/Desktop/DMA/DMA.gen/sources_1/bd/design_1/synth/design_1.v:13]
INFO: [Synth 8-6157] synthesizing module 'design_1_DMA_0_0' [C:/Users/laptop/Desktop/DMA/DMA.runs/synth_1/.Xil/Vivado-16132-NUL-LENDLAP97/realtime/design_1_DMA_0_0_stub.v:6]
INFO: [Synth 8-6155] done synthesizing module 'design_1_DMA_0_0' (0#1) [C:/Users/laptop/Desktop/DMA/DMA.runs/synth_1/.Xil/Vivado-16132-NUL-LENDLAP97/realtime/design_1_DMA_0_0_stub.v:6]
WARNING: [Synth 8-7071] port 'irq_rm_empty' of module 'design_1_DMA_0_0' is unconnected for instance 'DMA_0' [c:/Users/laptop/Desktop/DMA/DMA.gen/sources_1/bd/design_1/synth/design_1.v:157]
WARNING: [Synth 8-7071] port 'irq_rm_error' of module 'design_1_DMA_0_0' is unconnected for instance 'DMA_0' [c:/Users/laptop/Desktop/DMA/DMA.gen/sources_1/bd/design_1/synth/design_1.v:157]
WARNING: [Synth 8-7071] port 'irq_block_status' of module 'design_1_DMA_0_0' is unconnected for instance 'DMA_0' [c:/Users/laptop/Desktop/DMA/DMA.gen/sources_1/bd/design_1/synth/design_1.v:157]
WARNING: [Synth 8-7023] instance 'DMA_0' of module 'design_1_DMA_0_0' has 44 connections declared, but only 41 given [c:/Users/laptop/Desktop/DMA/DMA.gen/sources_1/bd/design_1/synth/design_1.v:157]
INFO: [Synth 8-6157] synthesizing module 'design_1_axi_intc_0_0' [C:/Users/laptop/Desktop/DMA/DMA.runs/synth_1/.Xil/Vivado-16132-NUL-LENDLAP97/realtime/design_1_axi_intc_0_0_stub.v:6]
INFO: [Synth 8-6155] done synthesizing module 'design_1_axi_intc_0_0' (0#1) [C:/Users/laptop/Desktop/DMA/DMA.runs/synth_1/.Xil/Vivado-16132-NUL-LENDLAP97/realtime/design_1_axi_intc_0_0_stub.v:6]
INFO: [Synth 8-6157] synthesizing module 'design_1_axi_smc_0' [C:/Users/laptop/Desktop/DMA/DMA.runs/synth_1/.Xil/Vivado-16132-NUL-LENDLAP97/realtime/design_1_axi_smc_0_stub.v:6]
INFO: [Synth 8-6155] done synthesizing module 'design_1_axi_smc_0' (0#1) [C:/Users/laptop/Desktop/DMA/DMA.runs/synth_1/.Xil/Vivado-16132-NUL-LENDLAP97/realtime/design_1_axi_smc_0_stub.v:6]
WARNING: [Synth 8-7071] port 'M00_AXI_awprot' of module 'design_1_axi_smc_0' is unconnected for instance 'axi_smc' [c:/Users/laptop/Desktop/DMA/DMA.gen/sources_1/bd/design_1/synth/design_1.v:221]
WARNING: [Synth 8-7071] port 'M00_AXI_arprot' of module 'design_1_axi_smc_0' is unconnected for instance 'axi_smc' [c:/Users/laptop/Desktop/DMA/DMA.gen/sources_1/bd/design_1/synth/design_1.v:221]
WARNING: [Synth 8-7071] port 'M03_AXI_awprot' of module 'design_1_axi_smc_0' is unconnected for instance 'axi_smc' [c:/Users/laptop/Desktop/DMA/DMA.gen/sources_1/bd/design_1/synth/design_1.v:221]
WARNING: [Synth 8-7071] port 'M03_AXI_arprot' of module 'design_1_axi_smc_0' is unconnected for instance 'axi_smc' [c:/Users/laptop/Desktop/DMA/DMA.gen/sources_1/bd/design_1/synth/design_1.v:221]
WARNING: [Synth 8-7023] instance 'axi_smc' of module 'design_1_axi_smc_0' has 97 connections declared, but only 93 given [c:/Users/laptop/Desktop/DMA/DMA.gen/sources_1/bd/design_1/synth/design_1.v:221]
INFO: [Synth 8-6157] synthesizing module 'design_1_axi_uartlite_0_0' [C:/Users/laptop/Desktop/DMA/DMA.runs/synth_1/.Xil/Vivado-16132-NUL-LENDLAP97/realtime/design_1_axi_uartlite_0_0_stub.v:6]
INFO: [Synth 8-6155] done synthesizing module 'design_1_axi_uartlite_0_0' (0#1) [C:/Users/laptop/Desktop/DMA/DMA.runs/synth_1/.Xil/Vivado-16132-NUL-LENDLAP97/realtime/design_1_axi_uartlite_0_0_stub.v:6]
WARNING: [Synth 8-7071] port 'interrupt' of module 'design_1_axi_uartlite_0_0' is unconnected for instance 'axi_uartlite_0' [c:/Users/laptop/Desktop/DMA/DMA.gen/sources_1/bd/design_1/synth/design_1.v:315]
WARNING: [Synth 8-7023] instance 'axi_uartlite_0' of module 'design_1_axi_uartlite_0_0' has 22 connections declared, but only 21 given [c:/Users/laptop/Desktop/DMA/DMA.gen/sources_1/bd/design_1/synth/design_1.v:315]
INFO: [Synth 8-6157] synthesizing module 'design_1_clk_wiz_1_0' [C:/Users/laptop/Desktop/DMA/DMA.runs/synth_1/.Xil/Vivado-16132-NUL-LENDLAP97/realtime/design_1_clk_wiz_1_0_stub.v:6]
INFO: [Synth 8-6155] done synthesizing module 'design_1_clk_wiz_1_0' (0#1) [C:/Users/laptop/Desktop/DMA/DMA.runs/synth_1/.Xil/Vivado-16132-NUL-LENDLAP97/realtime/design_1_clk_wiz_1_0_stub.v:6]
INFO: [Synth 8-6157] synthesizing module 'design_1_mdm_1_0' [C:/Users/laptop/Desktop/DMA/DMA.runs/synth_1/.Xil/Vivado-16132-NUL-LENDLAP97/realtime/design_1_mdm_1_0_stub.v:6]
INFO: [Synth 8-6155] done synthesizing module 'design_1_mdm_1_0' (0#1) [C:/Users/laptop/Desktop/DMA/DMA.runs/synth_1/.Xil/Vivado-16132-NUL-LENDLAP97/realtime/design_1_mdm_1_0_stub.v:6]
INFO: [Synth 8-6157] synthesizing module 'design_1_microblaze_0_0' [C:/Users/laptop/Desktop/DMA/DMA.runs/synth_1/.Xil/Vivado-16132-NUL-LENDLAP97/realtime/design_1_microblaze_0_0_stub.v:6]
INFO: [Synth 8-6155] done synthesizing module 'design_1_microblaze_0_0' (0#1) [C:/Users/laptop/Desktop/DMA/DMA.runs/synth_1/.Xil/Vivado-16132-NUL-LENDLAP97/realtime/design_1_microblaze_0_0_stub.v:6]
WARNING: [Synth 8-7071] port 'Interrupt_Ack' of module 'design_1_microblaze_0_0' is unconnected for instance 'microblaze_0' [c:/Users/laptop/Desktop/DMA/DMA.gen/sources_1/bd/design_1/synth/design_1.v:355]
WARNING: [Synth 8-7023] instance 'microblaze_0' of module 'design_1_microblaze_0_0' has 52 connections declared, but only 51 given [c:/Users/laptop/Desktop/DMA/DMA.gen/sources_1/bd/design_1/synth/design_1.v:355]
INFO: [Synth 8-6157] synthesizing module 'microblaze_0_local_memory_imp_1K0VQXK' [c:/Users/laptop/Desktop/DMA/DMA.gen/sources_1/bd/design_1/synth/design_1.v:441]
INFO: [Synth 8-6157] synthesizing module 'design_1_dlmb_bram_if_cntlr_0' [C:/Users/laptop/Desktop/DMA/DMA.runs/synth_1/.Xil/Vivado-16132-NUL-LENDLAP97/realtime/design_1_dlmb_bram_if_cntlr_0_stub.v:6]
INFO: [Synth 8-6155] done synthesizing module 'design_1_dlmb_bram_if_cntlr_0' (0#1) [C:/Users/laptop/Desktop/DMA/DMA.runs/synth_1/.Xil/Vivado-16132-NUL-LENDLAP97/realtime/design_1_dlmb_bram_if_cntlr_0_stub.v:6]
INFO: [Synth 8-6157] synthesizing module 'design_1_dlmb_v10_0' [C:/Users/laptop/Desktop/DMA/DMA.runs/synth_1/.Xil/Vivado-16132-NUL-LENDLAP97/realtime/design_1_dlmb_v10_0_stub.v:6]
INFO: [Synth 8-6155] done synthesizing module 'design_1_dlmb_v10_0' (0#1) [C:/Users/laptop/Desktop/DMA/DMA.runs/synth_1/.Xil/Vivado-16132-NUL-LENDLAP97/realtime/design_1_dlmb_v10_0_stub.v:6]
WARNING: [Synth 8-7071] port 'LMB_Rst' of module 'design_1_dlmb_v10_0' is unconnected for instance 'dlmb_v10' [c:/Users/laptop/Desktop/DMA/DMA.gen/sources_1/bd/design_1/synth/design_1.v:566]
WARNING: [Synth 8-7023] instance 'dlmb_v10' of module 'design_1_dlmb_v10_0' has 25 connections declared, but only 24 given [c:/Users/laptop/Desktop/DMA/DMA.gen/sources_1/bd/design_1/synth/design_1.v:566]
INFO: [Synth 8-6157] synthesizing module 'design_1_ilmb_bram_if_cntlr_0' [C:/Users/laptop/Desktop/DMA/DMA.runs/synth_1/.Xil/Vivado-16132-NUL-LENDLAP97/realtime/design_1_ilmb_bram_if_cntlr_0_stub.v:6]
INFO: [Synth 8-6155] done synthesizing module 'design_1_ilmb_bram_if_cntlr_0' (0#1) [C:/Users/laptop/Desktop/DMA/DMA.runs/synth_1/.Xil/Vivado-16132-NUL-LENDLAP97/realtime/design_1_ilmb_bram_if_cntlr_0_stub.v:6]
INFO: [Synth 8-6157] synthesizing module 'design_1_ilmb_v10_0' [C:/Users/laptop/Desktop/DMA/DMA.runs/synth_1/.Xil/Vivado-16132-NUL-LENDLAP97/realtime/design_1_ilmb_v10_0_stub.v:6]
INFO: [Synth 8-6155] done synthesizing module 'design_1_ilmb_v10_0' (0#1) [C:/Users/laptop/Desktop/DMA/DMA.runs/synth_1/.Xil/Vivado-16132-NUL-LENDLAP97/realtime/design_1_ilmb_v10_0_stub.v:6]
WARNING: [Synth 8-7071] port 'LMB_Rst' of module 'design_1_ilmb_v10_0' is unconnected for instance 'ilmb_v10' [c:/Users/laptop/Desktop/DMA/DMA.gen/sources_1/bd/design_1/synth/design_1.v:612]
WARNING: [Synth 8-7023] instance 'ilmb_v10' of module 'design_1_ilmb_v10_0' has 25 connections declared, but only 24 given [c:/Users/laptop/Desktop/DMA/DMA.gen/sources_1/bd/design_1/synth/design_1.v:612]
INFO: [Synth 8-6157] synthesizing module 'design_1_lmb_bram_0' [C:/Users/laptop/Desktop/DMA/DMA.runs/synth_1/.Xil/Vivado-16132-NUL-LENDLAP97/realtime/design_1_lmb_bram_0_stub.v:6]
INFO: [Synth 8-6155] done synthesizing module 'design_1_lmb_bram_0' (0#1) [C:/Users/laptop/Desktop/DMA/DMA.runs/synth_1/.Xil/Vivado-16132-NUL-LENDLAP97/realtime/design_1_lmb_bram_0_stub.v:6]
WARNING: [Synth 8-7071] port 'rsta_busy' of module 'design_1_lmb_bram_0' is unconnected for instance 'lmb_bram' [c:/Users/laptop/Desktop/DMA/DMA.gen/sources_1/bd/design_1/synth/design_1.v:637]
WARNING: [Synth 8-7071] port 'rstb_busy' of module 'design_1_lmb_bram_0' is unconnected for instance 'lmb_bram' [c:/Users/laptop/Desktop/DMA/DMA.gen/sources_1/bd/design_1/synth/design_1.v:637]
WARNING: [Synth 8-7023] instance 'lmb_bram' of module 'design_1_lmb_bram_0' has 16 connections declared, but only 14 given [c:/Users/laptop/Desktop/DMA/DMA.gen/sources_1/bd/design_1/synth/design_1.v:637]
INFO: [Synth 8-6155] done synthesizing module 'microblaze_0_local_memory_imp_1K0VQXK' (0#1) [c:/Users/laptop/Desktop/DMA/DMA.gen/sources_1/bd/design_1/synth/design_1.v:441]
INFO: [Synth 8-6157] synthesizing module 'design_1_rst_clk_wiz_1_100M_0' [C:/Users/laptop/Desktop/DMA/DMA.runs/synth_1/.Xil/Vivado-16132-NUL-LENDLAP97/realtime/design_1_rst_clk_wiz_1_100M_0_stub.v:6]
INFO: [Synth 8-6155] done synthesizing module 'design_1_rst_clk_wiz_1_100M_0' (0#1) [C:/Users/laptop/Desktop/DMA/DMA.runs/synth_1/.Xil/Vivado-16132-NUL-LENDLAP97/realtime/design_1_rst_clk_wiz_1_100M_0_stub.v:6]
WARNING: [Synth 8-7071] port 'peripheral_reset' of module 'design_1_rst_clk_wiz_1_100M_0' is unconnected for instance 'rst_clk_wiz_1_100M' [c:/Users/laptop/Desktop/DMA/DMA.gen/sources_1/bd/design_1/synth/design_1.v:430]
WARNING: [Synth 8-7071] port 'interconnect_aresetn' of module 'design_1_rst_clk_wiz_1_100M_0' is unconnected for instance 'rst_clk_wiz_1_100M' [c:/Users/laptop/Desktop/DMA/DMA.gen/sources_1/bd/design_1/synth/design_1.v:430]
WARNING: [Synth 8-7023] instance 'rst_clk_wiz_1_100M' of module 'design_1_rst_clk_wiz_1_100M_0' has 10 connections declared, but only 8 given [c:/Users/laptop/Desktop/DMA/DMA.gen/sources_1/bd/design_1/synth/design_1.v:430]
INFO: [Synth 8-6155] done synthesizing module 'design_1' (0#1) [c:/Users/laptop/Desktop/DMA/DMA.gen/sources_1/bd/design_1/synth/design_1.v:13]
INFO: [Synth 8-6155] done synthesizing module 'design_1_wrapper' (0#1) [C:/Users/laptop/Desktop/DMA/DMA.gen/sources_1/bd/design_1/hdl/design_1_wrapper.v:13]
---------------------------------------------------------------------------------
Finished RTL Elaboration : Time (s): cpu = 00:00:10 ; elapsed = 00:00:11 . Memory (MB): peak = 1469.805 ; gain = 670.801
---------------------------------------------------------------------------------
---------------------------------------------------------------------------------
Start Handling Custom Attributes
---------------------------------------------------------------------------------
---------------------------------------------------------------------------------
Finished Handling Custom Attributes : Time (s): cpu = 00:00:10 ; elapsed = 00:00:11 . Memory (MB): peak = 1469.805 ; gain = 670.801
---------------------------------------------------------------------------------
---------------------------------------------------------------------------------
Finished RTL Optimization Phase 1 : Time (s): cpu = 00:00:10 ; elapsed = 00:00:11 . Memory (MB): peak = 1469.805 ; gain = 670.801
---------------------------------------------------------------------------------
Netlist sorting complete. Time (s): cpu = 00:00:00 ; elapsed = 00:00:00.015 . Memory (MB): peak = 1469.805 ; gain = 0.000
INFO: [Project 1-570] Preparing netlist for logic optimization

Processing XDC Constraints
Initializing timing engine
Parsing XDC File [c:/Users/laptop/Desktop/DMA/DMA.gen/sources_1/bd/design_1/ip/design_1_microblaze_0_0/design_1_microblaze_0_0/design_1_microblaze_0_0_in_context.xdc] for cell 'design_1_i/microblaze_0'
Finished Parsing XDC File [c:/Users/laptop/Desktop/DMA/DMA.gen/sources_1/bd/design_1/ip/design_1_microblaze_0_0/design_1_microblaze_0_0/design_1_microblaze_0_0_in_context.xdc] for cell 'design_1_i/microblaze_0'
Parsing XDC File [c:/Users/laptop/Desktop/DMA/DMA.gen/sources_1/bd/design_1/ip/design_1_dlmb_v10_0/design_1_dlmb_v10_0/design_1_dlmb_v10_0_in_context.xdc] for cell 'design_1_i/microblaze_0_local_memory/dlmb_v10'
Finished Parsing XDC File [c:/Users/laptop/Desktop/DMA/DMA.gen/sources_1/bd/design_1/ip/design_1_dlmb_v10_0/design_1_dlmb_v10_0/design_1_dlmb_v10_0_in_context.xdc] for cell 'design_1_i/microblaze_0_local_memory/dlmb_v10'
Parsing XDC File [c:/Users/laptop/Desktop/DMA/DMA.gen/sources_1/bd/design_1/ip/design_1_ilmb_v10_0/design_1_ilmb_v10_0/design_1_dlmb_v10_0_in_context.xdc] for cell 'design_1_i/microblaze_0_local_memory/ilmb_v10'
Finished Parsing XDC File [c:/Users/laptop/Desktop/DMA/DMA.gen/sources_1/bd/design_1/ip/design_1_ilmb_v10_0/design_1_ilmb_v10_0/design_1_dlmb_v10_0_in_context.xdc] for cell 'design_1_i/microblaze_0_local_memory/ilmb_v10'
Parsing XDC File [c:/Users/laptop/Desktop/DMA/DMA.gen/sources_1/bd/design_1/ip/design_1_dlmb_bram_if_cntlr_0/design_1_dlmb_bram_if_cntlr_0/design_1_dlmb_bram_if_cntlr_0_in_context.xdc] for cell 'design_1_i/microblaze_0_local_memory/dlmb_bram_if_cntlr'
Finished Parsing XDC File [c:/Users/laptop/Desktop/DMA/DMA.gen/sources_1/bd/design_1/ip/design_1_dlmb_bram_if_cntlr_0/design_1_dlmb_bram_if_cntlr_0/design_1_dlmb_bram_if_cntlr_0_in_context.xdc] for cell 'design_1_i/microblaze_0_local_memory/dlmb_bram_if_cntlr'
Parsing XDC File [c:/Users/laptop/Desktop/DMA/DMA.gen/sources_1/bd/design_1/ip/design_1_ilmb_bram_if_cntlr_0/design_1_ilmb_bram_if_cntlr_0/design_1_ilmb_bram_if_cntlr_0_in_context.xdc] for cell 'design_1_i/microblaze_0_local_memory/ilmb_bram_if_cntlr'
Finished Parsing XDC File [c:/Users/laptop/Desktop/DMA/DMA.gen/sources_1/bd/design_1/ip/design_1_ilmb_bram_if_cntlr_0/design_1_ilmb_bram_if_cntlr_0/design_1_ilmb_bram_if_cntlr_0_in_context.xdc] for cell 'design_1_i/microblaze_0_local_memory/ilmb_bram_if_cntlr'
Parsing XDC File [c:/Users/laptop/Desktop/DMA/DMA.gen/sources_1/bd/design_1/ip/design_1_lmb_bram_0/design_1_lmb_bram_0/design_1_lmb_bram_0_in_context.xdc] for cell 'design_1_i/microblaze_0_local_memory/lmb_bram'
Finished Parsing XDC File [c:/Users/laptop/Desktop/DMA/DMA.gen/sources_1/bd/design_1/ip/design_1_lmb_bram_0/design_1_lmb_bram_0/design_1_lmb_bram_0_in_context.xdc] for cell 'design_1_i/microblaze_0_local_memory/lmb_bram'
Parsing XDC File [c:/Users/laptop/Desktop/DMA/DMA.gen/sources_1/bd/design_1/ip/design_1_mdm_1_0/design_1_mdm_1_0/design_1_mdm_1_0_in_context.xdc] for cell 'design_1_i/mdm_1'
Finished Parsing XDC File [c:/Users/laptop/Desktop/DMA/DMA.gen/sources_1/bd/design_1/ip/design_1_mdm_1_0/design_1_mdm_1_0/design_1_mdm_1_0_in_context.xdc] for cell 'design_1_i/mdm_1'
Parsing XDC File [c:/Users/laptop/Desktop/DMA/DMA.gen/sources_1/bd/design_1/ip/design_1_clk_wiz_1_0/design_1_clk_wiz_1_0/design_1_clk_wiz_1_0_in_context.xdc] for cell 'design_1_i/clk_wiz_1'
Finished Parsing XDC File [c:/Users/laptop/Desktop/DMA/DMA.gen/sources_1/bd/design_1/ip/design_1_clk_wiz_1_0/design_1_clk_wiz_1_0/design_1_clk_wiz_1_0_in_context.xdc] for cell 'design_1_i/clk_wiz_1'
Parsing XDC File [c:/Users/laptop/Desktop/DMA/DMA.gen/sources_1/bd/design_1/ip/design_1_rst_clk_wiz_1_100M_0/design_1_rst_clk_wiz_1_100M_0/design_1_rst_clk_wiz_1_100M_0_in_context.xdc] for cell 'design_1_i/rst_clk_wiz_1_100M'
Finished Parsing XDC File [c:/Users/laptop/Desktop/DMA/DMA.gen/sources_1/bd/design_1/ip/design_1_rst_clk_wiz_1_100M_0/design_1_rst_clk_wiz_1_100M_0/design_1_rst_clk_wiz_1_100M_0_in_context.xdc] for cell 'design_1_i/rst_clk_wiz_1_100M'
Parsing XDC File [c:/Users/laptop/Desktop/DMA/DMA.gen/sources_1/bd/design_1/ip/design_1_axi_uartlite_0_0/design_1_axi_uartlite_0_0/design_1_axi_uartlite_0_0_in_context.xdc] for cell 'design_1_i/axi_uartlite_0'
Finished Parsing XDC File [c:/Users/laptop/Desktop/DMA/DMA.gen/sources_1/bd/design_1/ip/design_1_axi_uartlite_0_0/design_1_axi_uartlite_0_0/design_1_axi_uartlite_0_0_in_context.xdc] for cell 'design_1_i/axi_uartlite_0'
Parsing XDC File [c:/Users/laptop/Desktop/DMA/DMA.gen/sources_1/bd/design_1/ip/design_1_DMA_0_0/design_1_DMA_0_0/design_1_DMA_0_0_in_context.xdc] for cell 'design_1_i/DMA_0'
Finished Parsing XDC File [c:/Users/laptop/Desktop/DMA/DMA.gen/sources_1/bd/design_1/ip/design_1_DMA_0_0/design_1_DMA_0_0/design_1_DMA_0_0_in_context.xdc] for cell 'design_1_i/DMA_0'
Parsing XDC File [c:/Users/laptop/Desktop/DMA/DMA.gen/sources_1/bd/design_1/ip/design_1_axi_smc_0/design_1_axi_smc_0/design_1_axi_smc_0_in_context.xdc] for cell 'design_1_i/axi_smc'
Finished Parsing XDC File [c:/Users/laptop/Desktop/DMA/DMA.gen/sources_1/bd/design_1/ip/design_1_axi_smc_0/design_1_axi_smc_0/design_1_axi_smc_0_in_context.xdc] for cell 'design_1_i/axi_smc'
Parsing XDC File [c:/Users/laptop/Desktop/DMA/DMA.gen/sources_1/bd/design_1/ip/design_1_axi_intc_0_0/design_1_axi_intc_0_0/design_1_axi_intc_0_0_in_context.xdc] for cell 'design_1_i/axi_intc_0'
Finished Parsing XDC File [c:/Users/laptop/Desktop/DMA/DMA.gen/sources_1/bd/design_1/ip/design_1_axi_intc_0_0/design_1_axi_intc_0_0/design_1_axi_intc_0_0_in_context.xdc] for cell 'design_1_i/axi_intc_0'
Parsing XDC File [C:/Users/laptop/Desktop/axi-dma-engine/vivado/sys_constraints.xdc]
WARNING: [Constraints 18-619] A clock with name 'sys_clock' already exists, overwriting the previous clock with the same name. [C:/Users/laptop/Desktop/axi-dma-engine/vivado/sys_constraints.xdc:6]
WARNING: [Vivado 12-627] No clocks matched 'clk_out1_design_1_clk_wiz_1_0'. [C:/Users/laptop/Desktop/axi-dma-engine/vivado/sys_constraints.xdc:21]
INFO: [Vivado 12-626] No clocks found. Please use 'create_clock' or 'create_generated_clock' command to create clocks. [C:/Users/laptop/Desktop/axi-dma-engine/vivado/sys_constraints.xdc:21]
WARNING: [Vivado 12-627] No clocks matched 'clk_out1_design_1_clk_wiz_1_0'. [C:/Users/laptop/Desktop/axi-dma-engine/vivado/sys_constraints.xdc:22]
INFO: [Vivado 12-626] No clocks found. Please use 'create_clock' or 'create_generated_clock' command to create clocks. [C:/Users/laptop/Desktop/axi-dma-engine/vivado/sys_constraints.xdc:22]
Finished Parsing XDC File [C:/Users/laptop/Desktop/axi-dma-engine/vivado/sys_constraints.xdc]
WARNING: [Project 1-498] One or more constraints failed evaluation while reading constraint file [C:/Users/laptop/Desktop/axi-dma-engine/vivado/sys_constraints.xdc] and the design contains unresolved black boxes. These constraints will be read post-synthesis (as long as their source constraint file is marked as used_in_implementation) and should be applied correctly then. You should review the constraints listed in the file [.Xil/design_1_wrapper_propImpl.xdc] and check the run log file to verify that these constraints were correctly applied.
INFO: [Project 1-236] Implementation specific constraints were found while reading constraint file [C:/Users/laptop/Desktop/axi-dma-engine/vivado/sys_constraints.xdc]. These constraints will be ignored for synthesis but will be used in implementation. Impacted constraints are listed in the file [.Xil/design_1_wrapper_propImpl.xdc].
Resolution: To avoid this warning, move constraints listed in [.Xil/design_1_wrapper_propImpl.xdc] to another XDC file and exclude this new file from synthesis with the used_in_synthesis property (File Properties dialog in GUI) and re-run elaboration/synthesis.
Parsing XDC File [C:/Users/laptop/Desktop/DMA/DMA.runs/synth_1/dont_touch.xdc]
Finished Parsing XDC File [C:/Users/laptop/Desktop/DMA/DMA.runs/synth_1/dont_touch.xdc]
Completed Processing XDC Constraints

Netlist sorting complete. Time (s): cpu = 00:00:00 ; elapsed = 00:00:00 . Memory (MB): peak = 1469.805 ; gain = 0.000
INFO: [Project 1-111] Unisim Transformation Summary:
No Unisim elements were transformed.

Constraint Validation Runtime : Time (s): cpu = 00:00:00 ; elapsed = 00:00:00.020 . Memory (MB): peak = 1469.805 ; gain = 0.000
WARNING: [Timing 38-316] Clock period '20.000' specified during out-of-context synthesis of instance 'design_1_i/microblaze_0_local_memory/lmb_bram' at clock pin 'clka' is different from the actual clock period '16.667', this can lead to different synthesis results.
INFO: [Designutils 20-5440] No compile time benefit to using incremental synthesis; A full resynthesis will be run
INFO: [Designutils 20-4379] Flow is switching to default flow due to incremental criteria not met. If you would like to alter this behaviour and have the flow terminate instead, please set the following parameter config_implementation {autoIncr.Synth.RejectBehavior Terminate}
---------------------------------------------------------------------------------
Finished Constraint Validation : Time (s): cpu = 00:00:21 ; elapsed = 00:00:23 . Memory (MB): peak = 1469.805 ; gain = 670.801
---------------------------------------------------------------------------------
---------------------------------------------------------------------------------
Start Loading Part and Timing Information
---------------------------------------------------------------------------------
Loading part: xc7a100tcsg324-1
---------------------------------------------------------------------------------
Finished Loading Part and Timing Information : Time (s): cpu = 00:00:21 ; elapsed = 00:00:23 . Memory (MB): peak = 1469.805 ; gain = 670.801
---------------------------------------------------------------------------------
---------------------------------------------------------------------------------
Start Applying 'set_property' XDC Constraints
---------------------------------------------------------------------------------
---------------------------------------------------------------------------------
Finished applying 'set_property' XDC Constraints : Time (s): cpu = 00:00:22 ; elapsed = 00:00:23 . Memory (MB): peak = 1469.805 ; gain = 670.801
---------------------------------------------------------------------------------
---------------------------------------------------------------------------------
Finished RTL Optimization Phase 2 : Time (s): cpu = 00:00:22 ; elapsed = 00:00:24 . Memory (MB): peak = 1469.805 ; gain = 670.801
---------------------------------------------------------------------------------
---------------------------------------------------------------------------------
Start RTL Component Statistics 
---------------------------------------------------------------------------------
Detailed RTL Component Info : 
---------------------------------------------------------------------------------
Finished RTL Component Statistics 
---------------------------------------------------------------------------------
---------------------------------------------------------------------------------
Start Part Resource Summary
---------------------------------------------------------------------------------
Part Resources:
DSPs: 240 (col length:80)
BRAMs: 270 (col length: RAMB18 80 RAMB36 40)
---------------------------------------------------------------------------------
Finished Part Resource Summary
---------------------------------------------------------------------------------
---------------------------------------------------------------------------------
Start Cross Boundary and Area Optimization
---------------------------------------------------------------------------------
---------------------------------------------------------------------------------
Finished Cross Boundary and Area Optimization : Time (s): cpu = 00:00:25 ; elapsed = 00:00:27 . Memory (MB): peak = 1500.605 ; gain = 701.602
---------------------------------------------------------------------------------
---------------------------------------------------------------------------------
Start Applying XDC Timing Constraints
---------------------------------------------------------------------------------
WARNING: [Synth 8-565] redefining clock 'sys_clock'
---------------------------------------------------------------------------------
Finished Applying XDC Timing Constraints : Time (s): cpu = 00:00:34 ; elapsed = 00:00:37 . Memory (MB): peak = 1653.926 ; gain = 854.922
---------------------------------------------------------------------------------
---------------------------------------------------------------------------------
Start Timing Optimization
---------------------------------------------------------------------------------
---------------------------------------------------------------------------------
Finished Timing Optimization : Time (s): cpu = 00:00:34 ; elapsed = 00:00:37 . Memory (MB): peak = 1654.223 ; gain = 855.219
---------------------------------------------------------------------------------
---------------------------------------------------------------------------------
Start Technology Mapping
---------------------------------------------------------------------------------
---------------------------------------------------------------------------------
Finished Technology Mapping : Time (s): cpu = 00:00:35 ; elapsed = 00:00:38 . Memory (MB): peak = 1665.094 ; gain = 866.090
---------------------------------------------------------------------------------
---------------------------------------------------------------------------------
Start IO Insertion
---------------------------------------------------------------------------------
---------------------------------------------------------------------------------
Start Flattening Before IO Insertion
---------------------------------------------------------------------------------
---------------------------------------------------------------------------------
Finished Flattening Before IO Insertion
---------------------------------------------------------------------------------
---------------------------------------------------------------------------------
Start Final Netlist Cleanup
---------------------------------------------------------------------------------
---------------------------------------------------------------------------------
Finished Final Netlist Cleanup
---------------------------------------------------------------------------------
---------------------------------------------------------------------------------
Finished IO Insertion : Time (s): cpu = 00:00:43 ; elapsed = 00:00:47 . Memory (MB): peak = 1914.922 ; gain = 1115.918
---------------------------------------------------------------------------------
---------------------------------------------------------------------------------
Start Renaming Generated Instances
---------------------------------------------------------------------------------
---------------------------------------------------------------------------------
Finished Renaming Generated Instances : Time (s): cpu = 00:00:43 ; elapsed = 00:00:47 . Memory (MB): peak = 1914.922 ; gain = 1115.918
---------------------------------------------------------------------------------
---------------------------------------------------------------------------------
Start Rebuilding User Hierarchy
---------------------------------------------------------------------------------
---------------------------------------------------------------------------------
Finished Rebuilding User Hierarchy : Time (s): cpu = 00:00:43 ; elapsed = 00:00:47 . Memory (MB): peak = 1914.922 ; gain = 1115.918
---------------------------------------------------------------------------------
---------------------------------------------------------------------------------
Start Renaming Generated Ports
---------------------------------------------------------------------------------
---------------------------------------------------------------------------------
Finished Renaming Generated Ports : Time (s): cpu = 00:00:43 ; elapsed = 00:00:47 . Memory (MB): peak = 1914.922 ; gain = 1115.918
---------------------------------------------------------------------------------
---------------------------------------------------------------------------------
Start Handling Custom Attributes
---------------------------------------------------------------------------------
---------------------------------------------------------------------------------
Finished Handling Custom Attributes : Time (s): cpu = 00:00:43 ; elapsed = 00:00:47 . Memory (MB): peak = 1914.922 ; gain = 1115.918
---------------------------------------------------------------------------------
---------------------------------------------------------------------------------
Start Renaming Generated Nets
---------------------------------------------------------------------------------
---------------------------------------------------------------------------------
Finished Renaming Generated Nets : Time (s): cpu = 00:00:43 ; elapsed = 00:00:47 . Memory (MB): peak = 1914.922 ; gain = 1115.918
---------------------------------------------------------------------------------
---------------------------------------------------------------------------------
Start Writing Synthesis Report
---------------------------------------------------------------------------------

Report BlackBoxes: 
+------+------------------------------+----------+
|      |BlackBox name                 |Instances |
+------+------------------------------+----------+
|1     |design_1_DMA_0_0              |         1|
|2     |design_1_axi_intc_0_0         |         1|
|3     |design_1_axi_smc_0            |         1|
|4     |design_1_axi_uartlite_0_0     |         1|
|5     |design_1_clk_wiz_1_0          |         1|
|6     |design_1_mdm_1_0              |         1|
|7     |design_1_microblaze_0_0       |         1|
|8     |design_1_rst_clk_wiz_1_100M_0 |         1|
|9     |design_1_dlmb_bram_if_cntlr_0 |         1|
|10    |design_1_dlmb_v10_0           |         1|
|11    |design_1_ilmb_bram_if_cntlr_0 |         1|
|12    |design_1_ilmb_v10_0           |         1|
|13    |design_1_lmb_bram_0           |         1|
+------+------------------------------+----------+

Report Cell Usage: 
+------+----------------------------+------+
|      |Cell                        |Count |
+------+----------------------------+------+
|1     |design_1_DMA_0              |     1|
|2     |design_1_axi_intc_0         |     1|
|3     |design_1_axi_smc            |     1|
|4     |design_1_axi_uartlite_0     |     1|
|5     |design_1_clk_wiz_1          |     1|
|6     |design_1_dlmb_bram_if_cntlr |     1|
|7     |design_1_dlmb_v10           |     1|
|8     |design_1_ilmb_bram_if_cntlr |     1|
|9     |design_1_ilmb_v10           |     1|
|10    |design_1_lmb_bram           |     1|
|11    |design_1_mdm_1              |     1|
|12    |design_1_microblaze_0       |     1|
|13    |design_1_rst_clk_wiz_1_100M |     1|
|14    |LUT1                        |     1|
|15    |IBUF                        |     2|
|16    |OBUF                        |     1|
+------+----------------------------+------+
---------------------------------------------------------------------------------
Finished Writing Synthesis Report : Time (s): cpu = 00:00:43 ; elapsed = 00:00:47 . Memory (MB): peak = 1914.922 ; gain = 1115.918
---------------------------------------------------------------------------------
Synthesis finished with 0 errors, 0 critical warnings and 1 warnings.
Synthesis Optimization Runtime : Time (s): cpu = 00:00:29 ; elapsed = 00:00:43 . Memory (MB): peak = 1914.922 ; gain = 1115.918
Synthesis Optimization Complete : Time (s): cpu = 00:00:43 ; elapsed = 00:00:47 . Memory (MB): peak = 1914.922 ; gain = 1115.918
INFO: [Project 1-571] Translating synthesized netlist
Netlist sorting complete. Time (s): cpu = 00:00:00 ; elapsed = 00:00:00.023 . Memory (MB): peak = 1924.129 ; gain = 0.000
INFO: [Project 1-570] Preparing netlist for logic optimization
INFO: [Opt 31-138] Pushed 0 inverter(s) to 0 load pin(s).
Netlist sorting complete. Time (s): cpu = 00:00:00 ; elapsed = 00:00:00 . Memory (MB): peak = 1927.762 ; gain = 0.000
INFO: [Project 1-111] Unisim Transformation Summary:
No Unisim elements were transformed.

Synth Design complete | Checksum: 7dfd72c6
INFO: [Common 17-83] Releasing license: Synthesis
56 Infos, 29 Warnings, 0 Critical Warnings and 0 Errors encountered.
synth_design completed successfully
synth_design: Time (s): cpu = 00:00:49 ; elapsed = 00:00:57 . Memory (MB): peak = 1927.762 ; gain = 1333.168
Write ShapeDB Complete: Time (s): cpu = 00:00:00 ; elapsed = 00:00:00.001 . Memory (MB): peak = 1927.762 ; gain = 0.000
INFO: [Common 17-1381] The checkpoint 'C:/Users/laptop/Desktop/DMA/DMA.runs/synth_1/design_1_wrapper.dcp' has been generated.
INFO: [Vivado 12-24828] Executing command : report_utilization -file design_1_wrapper_utilization_synth.rpt -pb design_1_wrapper_utilization_synth.pb
INFO: [Common 17-206] Exiting Vivado at Tue May  5 18:34:04 2026...
